node.exe : - Generating browser application bundles (phase: setup)...
Au caractère C:\Users\user\AppData\Roaming\npm\ng.ps1:24 : 5
+     & "node$exe"  "$basedir/node_modules/@angular/cli/bin/ng.js" $arg ...
+     ~~~~~~~~~~~~~~~~~~~~~~~~~~~~~~~~~~~~~~~~~~~~~~~~~~~~~~~~~~~~~~~~~
    + CategoryInfo          : NotSpecified: (- Generating br...hase: setup)...:String) [], RemoteException
    + FullyQualifiedErrorId : NativeCommandError
 
Ô£ö Browser application bundle generation complete.
Ô£ö Browser application bundle generation complete.

Warning: src/app/routes/projects/project-list/project-list.component.html:111:52 - warning NG8107: The left side of this 
optional chain operation does not include 'null' or 'undefined' in its type, therefore the '?.' operator can be replaced 
with the '.' operator.

111 {{ p.description | slice:0:50 }}{{ (p.description?.length ?? 0) > 50 ? 'ÔÇª' : '' }}                  </div>
                                                       ~~~~~~

  src/app/routes/projects/project-list/project-list.component.ts:11:16
    11   templateUrl: './project-list.component.html',
                      ~~~~~~~~~~~~~~~~~~~~~~~~~~~~~~~
    Error occurs in the template of component ProjectListComponent.


Warning: C:\Users\user\attendance-management\node_modules\canvg\lib\index.es.js depends on 
'core-js/modules/es.array.index-of.js'. CommonJS or AMD dependencies can cause optimization bailouts.
For more info see: https://angular.io/guide/build#configuring-commonjs-dependencies

Warning: C:\Users\user\attendance-management\node_modules\canvg\lib\index.es.js depends on 
'core-js/modules/es.array.iterator.js'. CommonJS or AMD dependencies can cause optimization bailouts.
For more info see: https://angular.io/guide/build#configuring-commonjs-dependencies

Warning: C:\Users\user\attendance-management\node_modules\canvg\lib\index.es.js depends on 
'core-js/modules/es.array.reduce.js'. CommonJS or AMD dependencies can cause optimization bailouts.
For more info see: https://angular.io/guide/build#configuring-commonjs-dependencies

Warning: C:\Users\user\attendance-management\node_modules\canvg\lib\index.es.js depends on 
'core-js/modules/es.array.reverse.js'. CommonJS or AMD dependencies can cause optimization bailouts.
For more info see: https://angular.io/guide/build#configuring-commonjs-dependencies

Warning: C:\Users\user\attendance-management\node_modules\canvg\lib\index.es.js depends on 
'core-js/modules/es.promise.js'. CommonJS or AMD dependencies can cause optimization bailouts.
For more info see: https://angular.io/guide/build#configuring-commonjs-dependencies

Warning: C:\Users\user\attendance-management\node_modules\canvg\lib\index.es.js depends on 
'core-js/modules/es.regexp.to-string.js'. CommonJS or AMD dependencies can cause optimization bailouts.
For more info see: https://angular.io/guide/build#configuring-commonjs-dependencies

Warning: C:\Users\user\attendance-management\node_modules\canvg\lib\index.es.js depends on 
'core-js/modules/es.string.ends-with.js'. CommonJS or AMD dependencies can cause optimization bailouts.
For more info see: https://angular.io/guide/build#configuring-commonjs-dependencies

Warning: C:\Users\user\attendance-management\node_modules\canvg\lib\index.es.js depends on 
'core-js/modules/es.string.includes.js'. CommonJS or AMD dependencies can cause optimization bailouts.
For more info see: https://angular.io/guide/build#configuring-commonjs-dependencies

Warning: C:\Users\user\attendance-management\node_modules\canvg\lib\index.es.js depends on 
'core-js/modules/es.string.match.js'. CommonJS or AMD dependencies can cause optimization bailouts.
For more info see: https://angular.io/guide/build#configuring-commonjs-dependencies

Warning: C:\Users\user\attendance-management\node_modules\canvg\lib\index.es.js depends on 
'core-js/modules/es.string.replace.js'. CommonJS or AMD dependencies can cause optimization bailouts.
For more info see: https://angular.io/guide/build#configuring-commonjs-dependencies

Warning: C:\Users\user\attendance-management\node_modules\canvg\lib\index.es.js depends on 
'core-js/modules/es.string.split.js'. CommonJS or AMD dependencies can cause optimization bailouts.
For more info see: https://angular.io/guide/build#configuring-commonjs-dependencies

Warning: C:\Users\user\attendance-management\node_modules\canvg\lib\index.es.js depends on 
'core-js/modules/es.string.starts-with.js'. CommonJS or AMD dependencies can cause optimization bailouts.
For more info see: https://angular.io/guide/build#configuring-commonjs-dependencies

Warning: C:\Users\user\attendance-management\node_modules\canvg\lib\index.es.js depends on 
'core-js/modules/es.string.trim.js'. CommonJS or AMD dependencies can cause optimization bailouts.
For more info see: https://angular.io/guide/build#configuring-commonjs-dependencies

Warning: C:\Users\user\attendance-management\node_modules\canvg\lib\index.es.js depends on 
'core-js/modules/web.dom-collections.iterator.js'. CommonJS or AMD dependencies can cause optimization bailouts.
For more info see: https://angular.io/guide/build#configuring-commonjs-dependencies

Warning: C:\Users\user\attendance-management\node_modules\canvg\lib\index.es.js depends on 'raf'. CommonJS or AMD 
dependencies can cause optimization bailouts.
For more info see: https://angular.io/guide/build#configuring-commonjs-dependencies

Warning: C:\Users\user\attendance-management\node_modules\canvg\lib\index.es.js depends on 'rgbcolor'. CommonJS or AMD 
dependencies can cause optimization bailouts.
For more info see: https://angular.io/guide/build#configuring-commonjs-dependencies

Warning: C:\Users\user\attendance-management\node_modules\jspdf\dist\jspdf.es.min.js depends on 'html2canvas'. CommonJS or 
AMD dependencies can cause optimization bailouts.
For more info see: https://angular.io/guide/build#configuring-commonjs-dependencies



Error: src/app/app.module.ts:34:5 - error NG6002: 'RoutesModule' does not appear to be an NgModule class.

34     RoutesModule,
       ~~~~~~~~~~~~

  src/app/routes/routes.module.ts:58:14
    58 export class RoutesModule {}
                    ~~~~~~~~~~~~
    Is it missing an @NgModule annotation?


Error: src/app/routes/dashboard/dashboard-header/dashboard-header.component.html:27:9 - error NG8001: 
'mat-button-toggle-group' is not a known element:
1. If 'mat-button-toggle-group' is an Angular component, then verify that it is part of this module.
2. If 'mat-button-toggle-group' is a Web Component then add 'CUSTOM_ELEMENTS_SCHEMA' to the '@NgModule.schemas' of this 
component to suppress this message.

 27         <mat-button-toggle-group
            ~~~~~~~~~~~~~~~~~~~~~~~~
 28           [value]="period"
    ~~~~~~~~~~~~~~~~~~~~~~~~~~
... 
 30           class="period-toggle"
    ~~~~~~~~~~~~~~~~~~~~~~~~~~~~~~~
 31           hideSingleSelectionIndicator>
    ~~~~~~~~~~~~~~~~~~~~~~~~~~~~~~~~~~~~~~~

  src/app/routes/dashboard/dashboard-header/dashboard-header.component.ts:10:16
    10   templateUrl: './dashboard-header.component.html',
                      ~~~~~~~~~~~~~~~~~~~~~~~~~~~~~~~~~~~
    Error occurs in the template of component DashboardHeaderComponent.


Error: src/app/routes/dashboard/dashboard-header/dashboard-header.component.html:28:11 - error NG8002: Can't bind to 
'value' since it isn't a known property of 'mat-button-toggle-group'.
1. If 'mat-button-toggle-group' is an Angular component and it has 'value' input, then verify that it is part of this 
module.
2. If 'mat-button-toggle-group' is a Web Component then add 'CUSTOM_ELEMENTS_SCHEMA' to the '@NgModule.schemas' of this 
component to suppress this message.
3. To allow any property add 'NO_ERRORS_SCHEMA' to the '@NgModule.schemas' of this component.

28           [value]="period"
             ~~~~~~~~~~~~~~~~

  src/app/routes/dashboard/dashboard-header/dashboard-header.component.ts:10:16
    10   templateUrl: './dashboard-header.component.html',
                      ~~~~~~~~~~~~~~~~~~~~~~~~~~~~~~~~~~~
    Error occurs in the template of component DashboardHeaderComponent.


Error: src/app/routes/dashboard/dashboard-header/dashboard-header.component.html:29:43 - error TS2339: Property 'value' 
does not exist on type 'Event'.

29           (change)="onPeriodChange($event.value)"
                                             ~~~~~

  src/app/routes/dashboard/dashboard-header/dashboard-header.component.ts:10:16
    10   templateUrl: './dashboard-header.component.html',
                      ~~~~~~~~~~~~~~~~~~~~~~~~~~~~~~~~~~~
    Error occurs in the template of component DashboardHeaderComponent.


Error: src/app/routes/dashboard/dashboard-header/dashboard-header.component.html:32:11 - error NG8001: 'mat-button-toggle' 
is not a known element:
1. If 'mat-button-toggle' is an Angular component, then verify that it is part of this module.
2. If 'mat-button-toggle' is a Web Component then add 'CUSTOM_ELEMENTS_SCHEMA' to the '@NgModule.schemas' of this 
component to suppress this message.

32           <mat-button-toggle value="day">Day</mat-button-toggle>
             ~~~~~~~~~~~~~~~~~~~~~~~~~~~~~~~

  src/app/routes/dashboard/dashboard-header/dashboard-header.component.ts:10:16
    10   templateUrl: './dashboard-header.component.html',
                      ~~~~~~~~~~~~~~~~~~~~~~~~~~~~~~~~~~~
    Error occurs in the template of component DashboardHeaderComponent.


Error: src/app/routes/dashboard/dashboard-header/dashboard-header.component.html:33:11 - error NG8001: 'mat-button-toggle' 
is not a known element:
1. If 'mat-button-toggle' is an Angular component, then verify that it is part of this module.
2. If 'mat-button-toggle' is a Web Component then add 'CUSTOM_ELEMENTS_SCHEMA' to the '@NgModule.schemas' of this 
component to suppress this message.

33           <mat-button-toggle value="week">Week</mat-button-toggle>
             ~~~~~~~~~~~~~~~~~~~~~~~~~~~~~~~~

  src/app/routes/dashboard/dashboard-header/dashboard-header.component.ts:10:16
    10   templateUrl: './dashboard-header.component.html',
                      ~~~~~~~~~~~~~~~~~~~~~~~~~~~~~~~~~~~
    Error occurs in the template of component DashboardHeaderComponent.


Error: src/app/routes/dashboard/dashboard-header/dashboard-header.component.html:34:11 - error NG8001: 'mat-button-toggle' 
is not a known element:
1. If 'mat-button-toggle' is an Angular component, then verify that it is part of this module.
2. If 'mat-button-toggle' is a Web Component then add 'CUSTOM_ELEMENTS_SCHEMA' to the '@NgModule.schemas' of this 
component to suppress this message.

34           <mat-button-toggle value="month">Month</mat-button-toggle>
             ~~~~~~~~~~~~~~~~~~~~~~~~~~~~~~~~~

  src/app/routes/dashboard/dashboard-header/dashboard-header.component.ts:10:16
    10   templateUrl: './dashboard-header.component.html',
                      ~~~~~~~~~~~~~~~~~~~~~~~~~~~~~~~~~~~
    Error occurs in the template of component DashboardHeaderComponent.


Error: src/app/routes/dashboard/dashboard-header/dashboard-header.component.html:35:11 - error NG8001: 'mat-button-toggle' 
is not a known element:
1. If 'mat-button-toggle' is an Angular component, then verify that it is part of this module.
2. If 'mat-button-toggle' is a Web Component then add 'CUSTOM_ELEMENTS_SCHEMA' to the '@NgModule.schemas' of this 
component to suppress this message.

35           <mat-button-toggle value="year">Year</mat-button-toggle>
             ~~~~~~~~~~~~~~~~~~~~~~~~~~~~~~~~

  src/app/routes/dashboard/dashboard-header/dashboard-header.component.ts:10:16
    10   templateUrl: './dashboard-header.component.html',
                      ~~~~~~~~~~~~~~~~~~~~~~~~~~~~~~~~~~~
    Error occurs in the template of component DashboardHeaderComponent.


Error: src/app/routes/dashboard/dashboard-header/dashboard-header.component.html:39:33 - error NG8002: Can't bind to 
'matMenuTriggerFor' since it isn't a known property of 'div'.

39         <div class="filter-btn" [matMenuTriggerFor]="deptMenu" *ngIf="deptLabels.length">
                                   ~~~~~~~~~~~~~~~~~~~~~~~~~~~~~~

  src/app/routes/dashboard/dashboard-header/dashboard-header.component.ts:10:16
    10   templateUrl: './dashboard-header.component.html',
                      ~~~~~~~~~~~~~~~~~~~~~~~~~~~~~~~~~~~
    Error occurs in the template of component DashboardHeaderComponent.


Error: src/app/routes/dashboard/dashboard-header/dashboard-header.component.html:41:13 - error NG8001: 'mat-icon' is not a 
known element:
1. If 'mat-icon' is an Angular component, then verify that it is part of this module.
2. If 'mat-icon' is a Web Component then add 'CUSTOM_ELEMENTS_SCHEMA' to the '@NgModule.schemas' of this component to 
suppress this message.

41             <mat-icon class="fi-icon">domain</mat-icon>
               ~~~~~~~~~~~~~~~~~~~~~~~~~~

  src/app/routes/dashboard/dashboard-header/dashboard-header.component.ts:10:16
    10   templateUrl: './dashboard-header.component.html',
                      ~~~~~~~~~~~~~~~~~~~~~~~~~~~~~~~~~~~
    Error occurs in the template of component DashboardHeaderComponent.


Error: src/app/routes/dashboard/dashboard-header/dashboard-header.component.html:49:11 - error NG8001: 'mat-icon' is not a 
known element:
1. If 'mat-icon' is an Angular component, then verify that it is part of this module.
2. If 'mat-icon' is a Web Component then add 'CUSTOM_ELEMENTS_SCHEMA' to the '@NgModule.schemas' of this component to 
suppress this message.

49           <mat-icon class="fi-arr">expand_more</mat-icon>
             ~~~~~~~~~~~~~~~~~~~~~~~~~

  src/app/routes/dashboard/dashboard-header/dashboard-header.component.ts:10:16
    10   templateUrl: './dashboard-header.component.html',
                      ~~~~~~~~~~~~~~~~~~~~~~~~~~~~~~~~~~~
    Error occurs in the template of component DashboardHeaderComponent.


Error: src/app/routes/dashboard/dashboard-header/dashboard-header.component.html:52:9 - error NG8001: 'mat-menu' is not a 
known element:
1. If 'mat-menu' is an Angular component, then verify that it is part of this module.
2. If 'mat-menu' is a Web Component then add 'CUSTOM_ELEMENTS_SCHEMA' to the '@NgModule.schemas' of this component to 
suppress this message.

52         <mat-menu #deptMenu="matMenu">
           ~~~~~~~~~~~~~~~~~~~~~~~~~~~~~~

  src/app/routes/dashboard/dashboard-header/dashboard-header.component.ts:10:16
    10   templateUrl: './dashboard-header.component.html',
                      ~~~~~~~~~~~~~~~~~~~~~~~~~~~~~~~~~~~
    Error occurs in the template of component DashboardHeaderComponent.


Error: src/app/routes/dashboard/dashboard-header/dashboard-header.component.html:52:30 - error NG8003: No directive found 
with exportAs 'matMenu'.

52         <mat-menu #deptMenu="matMenu">
                                ~~~~~~~

  src/app/routes/dashboard/dashboard-header/dashboard-header.component.ts:10:16
    10   templateUrl: './dashboard-header.component.html',
                      ~~~~~~~~~~~~~~~~~~~~~~~~~~~~~~~~~~~
    Error occurs in the template of component DashboardHeaderComponent.


Error: src/app/routes/dashboard/dashboard-header/dashboard-header.component.html:64:49 - error TS2339: Property 'open' 
does not exist on type 'HTMLElement'.

64         <div class="filter-btn" (click)="picker.open()">
                                                   ~~~~

  src/app/routes/dashboard/dashboard-header/dashboard-header.component.ts:10:16
    10   templateUrl: './dashboard-header.component.html',
                      ~~~~~~~~~~~~~~~~~~~~~~~~~~~~~~~~~~~
    Error occurs in the template of component DashboardHeaderComponent.


Error: src/app/routes/dashboard/dashboard-header/dashboard-header.component.html:66:13 - error NG8001: 'mat-icon' is not a 
known element:
1. If 'mat-icon' is an Angular component, then verify that it is part of this module.
2. If 'mat-icon' is a Web Component then add 'CUSTOM_ELEMENTS_SCHEMA' to the '@NgModule.schemas' of this component to 
suppress this message.

66             <mat-icon class="fi-icon">calendar_today</mat-icon>
               ~~~~~~~~~~~~~~~~~~~~~~~~~~

  src/app/routes/dashboard/dashboard-header/dashboard-header.component.ts:10:16
    10   templateUrl: './dashboard-header.component.html',
                      ~~~~~~~~~~~~~~~~~~~~~~~~~~~~~~~~~~~
    Error occurs in the template of component DashboardHeaderComponent.


Error: src/app/routes/dashboard/dashboard-header/dashboard-header.component.html:71:49 - error NG8004: No pipe found with 
name 'date'.

71               {{ selectedDate ? (selectedDate | date:'MMM d, y') : 'Select date' }}
                                                   ~~~~

  src/app/routes/dashboard/dashboard-header/dashboard-header.component.ts:10:16
    10   templateUrl: './dashboard-header.component.html',
                      ~~~~~~~~~~~~~~~~~~~~~~~~~~~~~~~~~~~
    Error occurs in the template of component DashboardHeaderComponent.


Error: src/app/routes/dashboard/dashboard-header/dashboard-header.component.html:74:11 - error NG8001: 'mat-icon' is not a 
known element:
1. If 'mat-icon' is an Angular component, then verify that it is part of this module.
2. If 'mat-icon' is a Web Component then add 'CUSTOM_ELEMENTS_SCHEMA' to the '@NgModule.schemas' of this component to 
suppress this message.

74           <mat-icon class="fi-arr" *ngIf="!selectedDate">expand_more</mat-icon>
             ~~~~~~~~~~~~~~~~~~~~~~~~~~~~~~~~~~~~~~~~~~~~~~~

  src/app/routes/dashboard/dashboard-header/dashboard-header.component.ts:10:16
    10   templateUrl: './dashboard-header.component.html',
                      ~~~~~~~~~~~~~~~~~~~~~~~~~~~~~~~~~~~
    Error occurs in the template of component DashboardHeaderComponent.


Error: src/app/routes/dashboard/dashboard-header/dashboard-header.component.html:75:11 - error NG8001: 'mat-icon' is not a 
known element:
1. If 'mat-icon' is an Angular component, then verify that it is part of this module.
2. If 'mat-icon' is a Web Component then add 'CUSTOM_ELEMENTS_SCHEMA' to the '@NgModule.schemas' of this component to 
suppress this message.

75           <mat-icon class="fi-clear"
             ~~~~~~~~~~~~~~~~~~~~~~~~~~
76                     *ngIf="selectedDate"
   ~~~~~~~~~~~~~~~~~~~~~~~~~~~~~~~~~~~~~~~~
77                     (click)="clearDate(); $event.stopPropagation()">
   ~~~~~~~~~~~~~~~~~~~~~~~~~~~~~~~~~~~~~~~~~~~~~~~~~~~~~~~~~~~~~~~~~~~~

  src/app/routes/dashboard/dashboard-header/dashboard-header.component.ts:10:16
    10   templateUrl: './dashboard-header.component.html',
                      ~~~~~~~~~~~~~~~~~~~~~~~~~~~~~~~~~~~
    Error occurs in the template of component DashboardHeaderComponent.


Error: src/app/routes/dashboard/dashboard-header/dashboard-header.component.html:80:18 - error NG8002: Can't bind to 
'matDatepicker' since it isn't a known property of 'input'.

80           <input [matDatepicker]="picker"
                    ~~~~~~~~~~~~~~~~~~~~~~~~

  src/app/routes/dashboard/dashboard-header/dashboard-header.component.ts:10:16
    10   templateUrl: './dashboard-header.component.html',
                      ~~~~~~~~~~~~~~~~~~~~~~~~~~~~~~~~~~~
    Error occurs in the template of component DashboardHeaderComponent.


Error: src/app/routes/dashboard/dashboard-header/dashboard-header.component.html:81:18 - error NG8002: Can't bind to 
'ngModel' since it isn't a known property of 'input'.

81                  [(ngModel)]="selectedDate"
                    ~~~~~~~~~~~~~~~~~~~~~~~~~~

  src/app/routes/dashboard/dashboard-header/dashboard-header.component.ts:10:16
    10   templateUrl: './dashboard-header.component.html',
                      ~~~~~~~~~~~~~~~~~~~~~~~~~~~~~~~~~~~
    Error occurs in the template of component DashboardHeaderComponent.


Error: src/app/routes/dashboard/dashboard-header/dashboard-header.component.html:81:31 - error TS2740: Type 'Event' is 
missing the following properties from type 'Date': toDateString, toTimeString, toLocaleDateString, toLocaleTimeString, and 
37 more.

81                  [(ngModel)]="selectedDate"
                                 ~~~~~~~~~~~~~
82                  (dateChange)="onDateChange($event.value)"
   ~~~~~

  src/app/routes/dashboard/dashboard-header/dashboard-header.component.ts:10:16
    10   templateUrl: './dashboard-header.component.html',
                      ~~~~~~~~~~~~~~~~~~~~~~~~~~~~~~~~~~~
    Error occurs in the template of component DashboardHeaderComponent.


Error: src/app/routes/dashboard/dashboard-header/dashboard-header.component.html:82:52 - error TS2339: Property 'value' 
does not exist on type 'Event'.

82                  (dateChange)="onDateChange($event.value)"
                                                      ~~~~~

  src/app/routes/dashboard/dashboard-header/dashboard-header.component.ts:10:16
    10   templateUrl: './dashboard-header.component.html',
                      ~~~~~~~~~~~~~~~~~~~~~~~~~~~~~~~~~~~
    Error occurs in the template of component DashboardHeaderComponent.


Error: src/app/routes/dashboard/dashboard-header/dashboard-header.component.html:86:11 - error NG8001: 'mat-datepicker' is 
not a known element:
1. If 'mat-datepicker' is an Angular component, then verify that it is part of this module.
2. If 'mat-datepicker' is a Web Component then add 'CUSTOM_ELEMENTS_SCHEMA' to the '@NgModule.schemas' of this component 
to suppress this message.

86           <mat-datepicker #picker></mat-datepicker>
             ~~~~~~~~~~~~~~~~~~~~~~~~

  src/app/routes/dashboard/dashboard-header/dashboard-header.component.ts:10:16
    10   templateUrl: './dashboard-header.component.html',
                      ~~~~~~~~~~~~~~~~~~~~~~~~~~~~~~~~~~~
    Error occurs in the template of component DashboardHeaderComponent.


Error: src/app/routes/dashboard/dashboard-header/dashboard-header.component.html:92:13 - error NG8001: 'mat-icon' is not a 
known element:
1. If 'mat-icon' is an Angular component, then verify that it is part of this module.
2. If 'mat-icon' is a Web Component then add 'CUSTOM_ELEMENTS_SCHEMA' to the '@NgModule.schemas' of this component to 
suppress this message.

92             <mat-icon>badge</mat-icon>
               ~~~~~~~~~~

  src/app/routes/dashboard/dashboard-header/dashboard-header.component.ts:10:16
    10   templateUrl: './dashboard-header.component.html',
                      ~~~~~~~~~~~~~~~~~~~~~~~~~~~~~~~~~~~
    Error occurs in the template of component DashboardHeaderComponent.


Error: src/app/routes/dashboard/dashboard-header/dashboard-header.component.html:98:11 - error NG8001: 'mat-icon' is not a 
known element:
1. If 'mat-icon' is an Angular component, then verify that it is part of this module.
2. If 'mat-icon' is a Web Component then add 'CUSTOM_ELEMENTS_SCHEMA' to the '@NgModule.schemas' of this component to 
suppress this message.

98           <mat-icon class="presence-btn-arrow">arrow_forward</mat-icon>
             ~~~~~~~~~~~~~~~~~~~~~~~~~~~~~~~~~~~~~

  src/app/routes/dashboard/dashboard-header/dashboard-header.component.ts:10:16
    10   templateUrl: './dashboard-header.component.html',
                      ~~~~~~~~~~~~~~~~~~~~~~~~~~~~~~~~~~~
    Error occurs in the template of component DashboardHeaderComponent.


Error: src/app/routes/dashboard/dashboard-header/dashboard-header.component.html:105:5 - error NG8001: 'app-clock' is not 
a known element:
1. If 'app-clock' is an Angular component, then verify that it is part of this module.
2. If 'app-clock' is a Web Component then add 'CUSTOM_ELEMENTS_SCHEMA' to the '@NgModule.schemas' of this component to 
suppress this message.

105     <app-clock></app-clock>
        ~~~~~~~~~~~

  src/app/routes/dashboard/dashboard-header/dashboard-header.component.ts:10:16
    10   templateUrl: './dashboard-header.component.html',
                      ~~~~~~~~~~~~~~~~~~~~~~~~~~~~~~~~~~~
    Error occurs in the template of component DashboardHeaderComponent.


Error: src/app/routes/dashboard/dashboard.component.html:3:3 - error NG8001: 'app-dashboard-header' is not a known element:
1. If 'app-dashboard-header' is an Angular component, then verify that it is part of this module.
2. If 'app-dashboard-header' is a Web Component then add 'CUSTOM_ELEMENTS_SCHEMA' to the '@NgModule.schemas' of this 
component to suppress this message.

  3   <app-dashboard-header
      ~~~~~~~~~~~~~~~~~~~~~
  4     [deptLabels]="deptLabels"
    ~~~~~~~~~~~~~~~~~~~~~~~~~~~~~
... 
  6     (departmentChange)="onDepartmentChange($any($event))"
    ~~~~~~~~~~~~~~~~~~~~~~~~~~~~~~~~~~~~~~~~~~~~~~~~~~~~~~~~~
  7     (dateChange)="onDateChange($any($event))">
    ~~~~~~~~~~~~~~~~~~~~~~~~~~~~~~~~~~~~~~~~~~~~~~

  src/app/routes/dashboard/dashboard.component.ts:20:16
    20   templateUrl: './dashboard.component.html',
                      ~~~~~~~~~~~~~~~~~~~~~~~~~~~~
    Error occurs in the template of component DashboardComponent.


Error: src/app/routes/dashboard/dashboard.component.html:4:5 - error NG8002: Can't bind to 'deptLabels' since it isn't a 
known property of 'app-dashboard-header'.
1. If 'app-dashboard-header' is an Angular component and it has 'deptLabels' input, then verify that it is part of this 
module.
2. If 'app-dashboard-header' is a Web Component then add 'CUSTOM_ELEMENTS_SCHEMA' to the '@NgModule.schemas' of this 
component to suppress this message.
3. To allow any property add 'NO_ERRORS_SCHEMA' to the '@NgModule.schemas' of this component.

4     [deptLabels]="deptLabels"
      ~~~~~~~~~~~~~~~~~~~~~~~~~

  src/app/routes/dashboard/dashboard.component.ts:20:16
    20   templateUrl: './dashboard.component.html',
                      ~~~~~~~~~~~~~~~~~~~~~~~~~~~~
    Error occurs in the template of component DashboardComponent.


Error: src/app/routes/dashboard/dashboard.component.html:14:7 - error NG8001: 'mat-spinner' is not a known element:
1. If 'mat-spinner' is an Angular component, then verify that it is part of this module.
2. If 'mat-spinner' is a Web Component then add 'CUSTOM_ELEMENTS_SCHEMA' to the '@NgModule.schemas' of this component to 
suppress this message.

14       <mat-spinner diameter="40"></mat-spinner>
         ~~~~~~~~~~~~~~~~~~~~~~~~~~~

  src/app/routes/dashboard/dashboard.component.ts:20:16
    20   templateUrl: './dashboard.component.html',
                      ~~~~~~~~~~~~~~~~~~~~~~~~~~~~
    Error occurs in the template of component DashboardComponent.


Error: src/app/routes/dashboard/dashboard.component.html:27:13 - error NG8001: 'mat-icon' is not a known element:
1. If 'mat-icon' is an Angular component, then verify that it is part of this module.
2. If 'mat-icon' is a Web Component then add 'CUSTOM_ELEMENTS_SCHEMA' to the '@NgModule.schemas' of this component to 
suppress this message.

27             <mat-icon>group</mat-icon>
               ~~~~~~~~~~

  src/app/routes/dashboard/dashboard.component.ts:20:16
    20   templateUrl: './dashboard.component.html',
                      ~~~~~~~~~~~~~~~~~~~~~~~~~~~~
    Error occurs in the template of component DashboardComponent.


Error: src/app/routes/dashboard/dashboard.component.html:34:37 - error NG8002: Can't bind to 'matMenuTriggerFor' since it 
isn't a known property of 'div'.

34           <div class="wf-type-pill" [matMenuTriggerFor]="typeMenu">
                                       ~~~~~~~~~~~~~~~~~~~~~~~~~~~~~~

  src/app/routes/dashboard/dashboard.component.ts:20:16
    20   templateUrl: './dashboard.component.html',
                      ~~~~~~~~~~~~~~~~~~~~~~~~~~~~
    Error occurs in the template of component DashboardComponent.


Error: src/app/routes/dashboard/dashboard.component.html:35:27 - error NG8001: 'mat-icon' is not a known element:
1. If 'mat-icon' is an Angular component, then verify that it is part of this module.
2. If 'mat-icon' is a Web Component then add 'CUSTOM_ELEMENTS_SCHEMA' to the '@NgModule.schemas' of this component to 
suppress this message.

35             Employee type <mat-icon>expand_more</mat-icon>
                             ~~~~~~~~~~

  src/app/routes/dashboard/dashboard.component.ts:20:16
    20   templateUrl: './dashboard.component.html',
                      ~~~~~~~~~~~~~~~~~~~~~~~~~~~~
    Error occurs in the template of component DashboardComponent.


Error: src/app/routes/dashboard/dashboard.component.html:37:11 - error NG8001: 'mat-menu' is not a known element:
1. If 'mat-menu' is an Angular component, then verify that it is part of this module.
2. If 'mat-menu' is a Web Component then add 'CUSTOM_ELEMENTS_SCHEMA' to the '@NgModule.schemas' of this component to 
suppress this message.

37           <mat-menu #typeMenu="matMenu">
             ~~~~~~~~~~~~~~~~~~~~~~~~~~~~~~

  src/app/routes/dashboard/dashboard.component.ts:20:16
    20   templateUrl: './dashboard.component.html',
                      ~~~~~~~~~~~~~~~~~~~~~~~~~~~~
    Error occurs in the template of component DashboardComponent.


Error: src/app/routes/dashboard/dashboard.component.html:37:32 - error NG8003: No directive found with exportAs 'matMenu'.

37           <mat-menu #typeMenu="matMenu">
                                  ~~~~~~~

  src/app/routes/dashboard/dashboard.component.ts:20:16
    20   templateUrl: './dashboard.component.html',
                      ~~~~~~~~~~~~~~~~~~~~~~~~~~~~
    Error occurs in the template of component DashboardComponent.


Error: src/app/routes/dashboard/dashboard.component.html:49:15 - error NG8001: 'mat-icon' is not a known element:
1. If 'mat-icon' is an Angular component, then verify that it is part of this module.
2. If 'mat-icon' is a Web Component then add 'CUSTOM_ELEMENTS_SCHEMA' to the '@NgModule.schemas' of this component to 
suppress this message.

49               <mat-icon>arrow_upward</mat-icon>
                 ~~~~~~~~~~

  src/app/routes/dashboard/dashboard.component.ts:20:16
    20   templateUrl: './dashboard.component.html',
                      ~~~~~~~~~~~~~~~~~~~~~~~~~~~~
    Error occurs in the template of component DashboardComponent.


Error: src/app/routes/dashboard/dashboard.component.html:63:13 - error NG8002: Can't bind to 'matTooltip' since it isn't a 
known property of 'div'.

63             [matTooltip]="t.label + ': ' + t.count + ' (' + contractPct(t.count) + ')'"
               ~~~~~~~~~~~~~~~~~~~~~~~~~~~~~~~~~~~~~~~~~~~~~~~~~~~~~~~~~~~~~~~~~~~~~~~~~~~

  src/app/routes/dashboard/dashboard.component.ts:20:16
    20   templateUrl: './dashboard.component.html',
                      ~~~~~~~~~~~~~~~~~~~~~~~~~~~~
    Error occurs in the template of component DashboardComponent.


Error: src/app/routes/dashboard/dashboard.component.html:65:13 - error NG8001: 'mat-icon' is not a known element:
1. If 'mat-icon' is an Angular component, then verify that it is part of this module.
2. If 'mat-icon' is a Web Component then add 'CUSTOM_ELEMENTS_SCHEMA' to the '@NgModule.schemas' of this component to 
suppress this message.

65             <mat-icon>group</mat-icon>
               ~~~~~~~~~~

  src/app/routes/dashboard/dashboard.component.ts:20:16
    20   templateUrl: './dashboard.component.html',
                      ~~~~~~~~~~~~~~~~~~~~~~~~~~~~
    Error occurs in the template of component DashboardComponent.


Error: src/app/routes/dashboard/dashboard.component.html:82:17 - error NG8001: 'mat-icon' is not a known element:
1. If 'mat-icon' is an Angular component, then verify that it is part of this module.
2. If 'mat-icon' is a Web Component then add 'CUSTOM_ELEMENTS_SCHEMA' to the '@NgModule.schemas' of this component to 
suppress this message.

82                 <mat-icon [style.color]="t.color">{{ contractIcons[i] }}</mat-icon>
                   ~~~~~~~~~~~~~~~~~~~~~~~~~~~~~~~~~~

  src/app/routes/dashboard/dashboard.component.ts:20:16
    20   templateUrl: './dashboard.component.html',
                      ~~~~~~~~~~~~~~~~~~~~~~~~~~~~
    Error occurs in the template of component DashboardComponent.


Error: src/app/routes/dashboard/dashboard.component.html:117:13 - error NG8001: 'mat-icon' is not a known element:
1. If 'mat-icon' is an Angular component, then verify that it is part of this module.
2. If 'mat-icon' is a Web Component then add 'CUSTOM_ELEMENTS_SCHEMA' to the '@NgModule.schemas' of this component to 
suppress this message.

117             <mat-icon>more_horiz</mat-icon>
                ~~~~~~~~~~

  src/app/routes/dashboard/dashboard.component.ts:20:16
    20   templateUrl: './dashboard.component.html',
                      ~~~~~~~~~~~~~~~~~~~~~~~~~~~~
    Error occurs in the template of component DashboardComponent.


Error: src/app/routes/dashboard/dashboard.component.html:135:15 - error NG8001: 'mat-icon' is not a known element:
1. If 'mat-icon' is an Angular component, then verify that it is part of this module.
2. If 'mat-icon' is a Web Component then add 'CUSTOM_ELEMENTS_SCHEMA' to the '@NgModule.schemas' of this component to 
suppress this message.

135               <mat-icon class="wf-dept-icon">{{ getDeptIcon(d) }}</mat-icon>
                  ~~~~~~~~~~~~~~~~~~~~~~~~~~~~~~~

  src/app/routes/dashboard/dashboard.component.ts:20:16
    20   templateUrl: './dashboard.component.html',
                      ~~~~~~~~~~~~~~~~~~~~~~~~~~~~
    Error occurs in the template of component DashboardComponent.


Error: src/app/routes/dashboard/dashboard.component.html:152:32 - error NG8001: 'mat-icon' is not a known element:
1. If 'mat-icon' is an Angular component, then verify that it is part of this module.
2. If 'mat-icon' is a Web Component then add 'CUSTOM_ELEMENTS_SCHEMA' to the '@NgModule.schemas' of this component to 
suppress this message.

152           View all departments <mat-icon>arrow_forward</mat-icon>
                                   ~~~~~~~~~~

  src/app/routes/dashboard/dashboard.component.ts:20:16
    20   templateUrl: './dashboard.component.html',
                      ~~~~~~~~~~~~~~~~~~~~~~~~~~~~
    Error occurs in the template of component DashboardComponent.


Error: src/app/routes/dashboard/dashboard.component.html:161:5 - error NG8001: 'app-attendance-overview' is not a known 
element:
1. If 'app-attendance-overview' is an Angular component, then verify that it is part of this module.
2. If 'app-attendance-overview' is a Web Component then add 'CUSTOM_ELEMENTS_SCHEMA' to the '@NgModule.schemas' of this 
component to suppress this message.

161     <app-attendance-overview
        ~~~~~~~~~~~~~~~~~~~~~~~~
162       [period]="period"
    ~~~~~~~~~~~~~~~~~~~~~~~
163       [department]="selectedDepartment"
    ~~~~~~~~~~~~~~~~~~~~~~~~~~~~~~~~~~~~~~~
164       [specificDate]="selectedDate">
    ~~~~~~~~~~~~~~~~~~~~~~~~~~~~~~~~~~~~

  src/app/routes/dashboard/dashboard.component.ts:20:16
    20   templateUrl: './dashboard.component.html',
                      ~~~~~~~~~~~~~~~~~~~~~~~~~~~~
    Error occurs in the template of component DashboardComponent.


Error: src/app/routes/dashboard/dashboard.component.html:162:7 - error NG8002: Can't bind to 'period' since it isn't a 
known property of 'app-attendance-overview'.
1. If 'app-attendance-overview' is an Angular component and it has 'period' input, then verify that it is part of this 
module.
2. If 'app-attendance-overview' is a Web Component then add 'CUSTOM_ELEMENTS_SCHEMA' to the '@NgModule.schemas' of this 
component to suppress this message.
3. To allow any property add 'NO_ERRORS_SCHEMA' to the '@NgModule.schemas' of this component.

162       [period]="period"
          ~~~~~~~~~~~~~~~~~

  src/app/routes/dashboard/dashboard.component.ts:20:16
    20   templateUrl: './dashboard.component.html',
                      ~~~~~~~~~~~~~~~~~~~~~~~~~~~~
    Error occurs in the template of component DashboardComponent.


Error: src/app/routes/dashboard/dashboard.component.html:163:7 - error NG8002: Can't bind to 'department' since it isn't a 
known property of 'app-attendance-overview'.
1. If 'app-attendance-overview' is an Angular component and it has 'department' input, then verify that it is part of this 
module.
2. If 'app-attendance-overview' is a Web Component then add 'CUSTOM_ELEMENTS_SCHEMA' to the '@NgModule.schemas' of this 
component to suppress this message.
3. To allow any property add 'NO_ERRORS_SCHEMA' to the '@NgModule.schemas' of this component.

163       [department]="selectedDepartment"
          ~~~~~~~~~~~~~~~~~~~~~~~~~~~~~~~~~

  src/app/routes/dashboard/dashboard.component.ts:20:16
    20   templateUrl: './dashboard.component.html',
                      ~~~~~~~~~~~~~~~~~~~~~~~~~~~~
    Error occurs in the template of component DashboardComponent.


Error: src/app/routes/dashboard/dashboard.component.html:164:7 - error NG8002: Can't bind to 'specificDate' since it isn't 
a known property of 'app-attendance-overview'.
1. If 'app-attendance-overview' is an Angular component and it has 'specificDate' input, then verify that it is part of 
this module.
2. If 'app-attendance-overview' is a Web Component then add 'CUSTOM_ELEMENTS_SCHEMA' to the '@NgModule.schemas' of this 
component to suppress this message.
3. To allow any property add 'NO_ERRORS_SCHEMA' to the '@NgModule.schemas' of this component.

164       [specificDate]="selectedDate">
          ~~~~~~~~~~~~~~~~~~~~~~~~~~~~~

  src/app/routes/dashboard/dashboard.component.ts:20:16
    20   templateUrl: './dashboard.component.html',
                      ~~~~~~~~~~~~~~~~~~~~~~~~~~~~
    Error occurs in the template of component DashboardComponent.


Error: src/app/routes/dashboard/dashboard.component.html:171:5 - error NG8001: 'app-employee-dashboard' is not a known 
element:
1. If 'app-employee-dashboard' is an Angular component, then verify that it is part of this module.
2. If 'app-employee-dashboard' is a Web Component then add 'CUSTOM_ELEMENTS_SCHEMA' to the '@NgModule.schemas' of this 
component to suppress this message.

171     <app-employee-dashboard></app-employee-dashboard>
        ~~~~~~~~~~~~~~~~~~~~~~~~

  src/app/routes/dashboard/dashboard.component.ts:20:16
    20   templateUrl: './dashboard.component.html',
                      ~~~~~~~~~~~~~~~~~~~~~~~~~~~~
    Error occurs in the template of component DashboardComponent.


Error: src/app/routes/dashboard/dashboard.component.html:175:3 - error NG8001: 'app-wellbeing-overview' is not a known 
element:
1. If 'app-wellbeing-overview' is an Angular component, then verify that it is part of this module.
2. If 'app-wellbeing-overview' is a Web Component then add 'CUSTOM_ELEMENTS_SCHEMA' to the '@NgModule.schemas' of this 
component to suppress this message.

175   <app-wellbeing-overview [department]="selectedDepartment"></app-wellbeing-overview>
      ~~~~~~~~~~~~~~~~~~~~~~~~~~~~~~~~~~~~~~~~~~~~~~~~~~~~~~~~~~

  src/app/routes/dashboard/dashboard.component.ts:20:16
    20   templateUrl: './dashboard.component.html',
                      ~~~~~~~~~~~~~~~~~~~~~~~~~~~~
    Error occurs in the template of component DashboardComponent.


Error: src/app/routes/dashboard/dashboard.component.html:175:27 - error NG8002: Can't bind to 'department' since it isn't 
a known property of 'app-wellbeing-overview'.
1. If 'app-wellbeing-overview' is an Angular component and it has 'department' input, then verify that it is part of this 
module.
2. If 'app-wellbeing-overview' is a Web Component then add 'CUSTOM_ELEMENTS_SCHEMA' to the '@NgModule.schemas' of this 
component to suppress this message.
3. To allow any property add 'NO_ERRORS_SCHEMA' to the '@NgModule.schemas' of this component.

175   <app-wellbeing-overview [department]="selectedDepartment"></app-wellbeing-overview>
                              ~~~~~~~~~~~~~~~~~~~~~~~~~~~~~~~~~

  src/app/routes/dashboard/dashboard.component.ts:20:16
    20   templateUrl: './dashboard.component.html',
                      ~~~~~~~~~~~~~~~~~~~~~~~~~~~~
    Error occurs in the template of component DashboardComponent.


Error: src/app/routes/dashboard/dashboard.component.html:177:3 - error NG8001: 'app-chatbot' is not a known element:
1. If 'app-chatbot' is an Angular component, then verify that it is part of this module.
2. If 'app-chatbot' is a Web Component then add 'CUSTOM_ELEMENTS_SCHEMA' to the '@NgModule.schemas' of this component to 
suppress this message.

177   <app-chatbot></app-chatbot>
      ~~~~~~~~~~~~~

  src/app/routes/dashboard/dashboard.component.ts:20:16
    20   templateUrl: './dashboard.component.html',
                      ~~~~~~~~~~~~~~~~~~~~~~~~~~~~
    Error occurs in the template of component DashboardComponent.


Error: src/app/routes/dashboard/employee-dashboard/employee-dashboard.component.html:290:7 - error NG8001: 
'app-wellbeing-widget' is not a known element:
1. If 'app-wellbeing-widget' is an Angular component, then verify that it is part of this module.
2. If 'app-wellbeing-widget' is a Web Component then add 'CUSTOM_ELEMENTS_SCHEMA' to the '@NgModule.schemas' of this 
component to suppress this message.

290       <app-wellbeing-widget></app-wellbeing-widget>
          ~~~~~~~~~~~~~~~~~~~~~~

  src/app/routes/dashboard/employee-dashboard/employee-dashboard.component.ts:45:16
    45   templateUrl: './employee-dashboard.component.html',
                      ~~~~~~~~~~~~~~~~~~~~~~~~~~~~~~~~~~~~~
    Error occurs in the template of component EmployeeDashboardComponent.


Error: src/app/routes/routes.module.ts:21:44 - error TS2306: File 
'C:/Users/user/attendance-management/src/app/routes/dashboard/wellbeing-overview/wellbeing-overview.component.ts' is not a 
module.

21 import { WellbeingOverviewComponent } from './dashboard/wellbeing-overview/wellbeing-overview.component';
                                              ~~~~~~~~~~~~~~~~~~~~~~~~~~~~~~~~~~~~~~~~~~~~~~~~~~~~~~~~~~~~~


Error: src/app/routes/routes.module.ts:39:12 - error NG1010: Value

Error: src/app/routes/sessions/activate-account/activate-account.component.html:2:3 - error NG8001: 'mat-card' is not a 
known element:
1. If 'mat-card' is an Angular component, then verify that it is part of this module.
2. If 'mat-card' is a Web Component then add 'CUSTOM_ELEMENTS_SCHEMA' to the '@NgModule.schemas' of this component to 
suppress this message.

2   <mat-card class="activate-card">
    ~~~~~~~~~~~~~~~~~~~~~~~~~~~~~~~~

  src/app/routes/sessions/activate-account/activate-account.component.ts:17:16
    17   templateUrl: './activate-account.component.html',
                      ~~~~~~~~~~~~~~~~~~~~~~~~~~~~~~~~~~~
    Error occurs in the template of component ActivateAccountComponent.


Error: src/app/routes/sessions/activate-account/activate-account.component.html:5:7 - error NG8001: 'mat-spinner' is not a 
known element:
1. If 'mat-spinner' is an Angular component, then verify that it is part of this module.
2. If 'mat-spinner' is a Web Component then add 'CUSTOM_ELEMENTS_SCHEMA' to the '@NgModule.schemas' of this component to 
suppress this message.

5       <mat-spinner diameter="60"></mat-spinner>
        ~~~~~~~~~~~~~~~~~~~~~~~~~~~

  src/app/routes/sessions/activate-account/activate-account.component.ts:17:16
    17   templateUrl: './activate-account.component.html',
                      ~~~~~~~~~~~~~~~~~~~~~~~~~~~~~~~~~~~
    Error occurs in the template of component ActivateAccountComponent.


Error: src/app/routes/sessions/activate-account/activate-account.component.html:12:7 - error NG8001: 'mat-icon' is not a 
known element:
1. If 'mat-icon' is an Angular component, then verify that it is part of this module.
2. If 'mat-icon' is a Web Component then add 'CUSTOM_ELEMENTS_SCHEMA' to the '@NgModule.schemas' of this component to 
suppress this message.

12       <mat-icon class="error-icon" color="warn">error_outline</mat-icon>
         ~~~~~~~~~~~~~~~~~~~~~~~~~~~~~~~~~~~~~~~~~~

  src/app/routes/sessions/activate-account/activate-account.component.ts:17:16
    17   templateUrl: './activate-account.component.html',
                      ~~~~~~~~~~~~~~~~~~~~~~~~~~~~~~~~~~~
    Error occurs in the template of component ActivateAccountComponent.


Error: src/app/routes/sessions/activate-account/activate-account.component.html:18:11 - error NG8001: 'mat-icon' is not a 
known element:
1. If 'mat-icon' is an Angular component, then verify that it is part of this module.
2. If 'mat-icon' is a Web Component then add 'CUSTOM_ELEMENTS_SCHEMA' to the '@NgModule.schemas' of this component to 
suppress this message.

18           <mat-icon>app_registration</mat-icon>
             ~~~~~~~~~~

  src/app/routes/sessions/activate-account/activate-account.component.ts:17:16
    17   templateUrl: './activate-account.component.html',
                      ~~~~~~~~~~~~~~~~~~~~~~~~~~~~~~~~~~~
    Error occurs in the template of component ActivateAccountComponent.


Error: src/app/routes/sessions/activate-account/activate-account.component.html:22:11 - error NG8001: 'mat-icon' is not a 
known element:
1. If 'mat-icon' is an Angular component, then verify that it is part of this module.
2. If 'mat-icon' is a Web Component then add 'CUSTOM_ELEMENTS_SCHEMA' to the '@NgModule.schemas' of this component to 
suppress this message.

22           <mat-icon>login</mat-icon>
             ~~~~~~~~~~

  src/app/routes/sessions/activate-account/activate-account.component.ts:17:16
    17   templateUrl: './activate-account.component.html',
                      ~~~~~~~~~~~~~~~~~~~~~~~~~~~~~~~~~~~
    Error occurs in the template of component ActivateAccountComponent.


Error: src/app/routes/sessions/activate-account/activate-account.component.html:30:7 - error NG8001: 'mat-card-header' is 
not a known element:
1. If 'mat-card-header' is an Angular component, then verify that it is part of this module.
2. If 'mat-card-header' is a Web Component then add 'CUSTOM_ELEMENTS_SCHEMA' to the '@NgModule.schemas' of this component 
to suppress this message.

30       <mat-card-header>
         ~~~~~~~~~~~~~~~~~

  src/app/routes/sessions/activate-account/activate-account.component.ts:17:16
    17   templateUrl: './activate-account.component.html',
                      ~~~~~~~~~~~~~~~~~~~~~~~~~~~~~~~~~~~
    Error occurs in the template of component ActivateAccountComponent.


Error: src/app/routes/sessions/activate-account/activate-account.component.html:32:11 - error NG8001: 'mat-icon' is not a 
known element:
1. If 'mat-icon' is an Angular component, then verify that it is part of this module.
2. If 'mat-icon' is a Web Component then add 'CUSTOM_ELEMENTS_SCHEMA' to the '@NgModule.schemas' of this component to 
suppress this message.

32           <mat-icon color="primary">verified_user</mat-icon>
             ~~~~~~~~~~~~~~~~~~~~~~~~~~

  src/app/routes/sessions/activate-account/activate-account.component.ts:17:16
    17   templateUrl: './activate-account.component.html',
                      ~~~~~~~~~~~~~~~~~~~~~~~~~~~~~~~~~~~
    Error occurs in the template of component ActivateAccountComponent.


Error: src/app/routes/sessions/activate-account/activate-account.component.html:34:9 - error NG8001: 'mat-card-title' is 
not a known element:
1. If 'mat-card-title' is an Angular component, then verify that it is part of this module.
2. If 'mat-card-title' is a Web Component then add 'CUSTOM_ELEMENTS_SCHEMA' to the '@NgModule.schemas' of this component 
to suppress this message.

34         <mat-card-title>Activate Your Account</mat-card-title>
           ~~~~~~~~~~~~~~~~

  src/app/routes/sessions/activate-account/activate-account.component.ts:17:16
    17   templateUrl: './activate-account.component.html',
                      ~~~~~~~~~~~~~~~~~~~~~~~~~~~~~~~~~~~
    Error occurs in the template of component ActivateAccountComponent.


Error: src/app/routes/sessions/activate-account/activate-account.component.html:35:9 - error NG8001: 'mat-card-subtitle' 
is not a known element:
1. If 'mat-card-subtitle' is an Angular component, then verify that it is part of this module.
2. If 'mat-card-subtitle' is a Web Component then add 'CUSTOM_ELEMENTS_SCHEMA' to the '@NgModule.schemas' of this 
component to suppress this message.

35         <mat-card-subtitle>
           ~~~~~~~~~~~~~~~~~~~

  src/app/routes/sessions/activate-account/activate-account.component.ts:17:16
    17   templateUrl: './activate-account.component.html',
                      ~~~~~~~~~~~~~~~~~~~~~~~~~~~~~~~~~~~
    Error occurs in the template of component ActivateAccountComponent.


Error: src/app/routes/sessions/activate-account/activate-account.component.html:40:7 - error NG8001: 'mat-card-content' is 
not a known element:
1. If 'mat-card-content' is an Angular component, then verify that it is part of this module.
2. If 'mat-card-content' is a Web Component then add 'CUSTOM_ELEMENTS_SCHEMA' to the '@NgModule.schemas' of this component 
to suppress this message.

40       <mat-card-content>
         ~~~~~~~~~~~~~~~~~~

  src/app/routes/sessions/activate-account/activate-account.component.ts:17:16
    17   templateUrl: './activate-account.component.html',
                      ~~~~~~~~~~~~~~~~~~~~~~~~~~~~~~~~~~~
    Error occurs in the template of component ActivateAccountComponent.


Error: src/app/routes/sessions/activate-account/activate-account.component.html:42:9 - error NG8001: 'mat-card' is not a 
known element:
1. If 'mat-card' is an Angular component, then verify that it is part of this module.
2. If 'mat-card' is a Web Component then add 'CUSTOM_ELEMENTS_SCHEMA' to the '@NgModule.schemas' of this component to 
suppress this message.

42         <mat-card class="info-card" appearance="outlined">
           ~~~~~~~~~~~~~~~~~~~~~~~~~~~~~~~~~~~~~~~~~~~~~~~~~~

  src/app/routes/sessions/activate-account/activate-account.component.ts:17:16
    17   templateUrl: './activate-account.component.html',
                      ~~~~~~~~~~~~~~~~~~~~~~~~~~~~~~~~~~~
    Error occurs in the template of component ActivateAccountComponent.


Error: src/app/routes/sessions/activate-account/activate-account.component.html:43:11 - error NG8001: 'mat-card-content' 
is not a known element:
1. If 'mat-card-content' is an Angular component, then verify that it is part of this module.
2. If 'mat-card-content' is a Web Component then add 'CUSTOM_ELEMENTS_SCHEMA' to the '@NgModule.schemas' of this component 
to suppress this message.

43           <mat-card-content>
             ~~~~~~~~~~~~~~~~~~

  src/app/routes/sessions/activate-account/activate-account.component.ts:17:16
    17   templateUrl: './activate-account.component.html',
                      ~~~~~~~~~~~~~~~~~~~~~~~~~~~~~~~~~~~
    Error occurs in the template of component ActivateAccountComponent.


Error: src/app/routes/sessions/activate-account/activate-account.component.html:45:15 - error NG8001: 'mat-icon' is not a 
known element:
1. If 'mat-icon' is an Angular component, then verify that it is part of this module.
2. If 'mat-icon' is a Web Component then add 'CUSTOM_ELEMENTS_SCHEMA' to the '@NgModule.schemas' of this component to 
suppress this message.

45               <mat-icon color="primary">email</mat-icon>
                 ~~~~~~~~~~~~~~~~~~~~~~~~~~

  src/app/routes/sessions/activate-account/activate-account.component.ts:17:16
    17   templateUrl: './activate-account.component.html',
                      ~~~~~~~~~~~~~~~~~~~~~~~~~~~~~~~~~~~
    Error occurs in the template of component ActivateAccountComponent.


Error: src/app/routes/sessions/activate-account/activate-account.component.html:49:15 - error NG8001: 'mat-icon' is not a 
known element:
1. If 'mat-icon' is an Angular component, then verify that it is part of this module.
2. If 'mat-icon' is a Web Component then add 'CUSTOM_ELEMENTS_SCHEMA' to the '@NgModule.schemas' of this component to 
suppress this message.

49               <mat-icon color="primary">person</mat-icon>
                 ~~~~~~~~~~~~~~~~~~~~~~~~~~

  src/app/routes/sessions/activate-account/activate-account.component.ts:17:16
    17   templateUrl: './activate-account.component.html',
                      ~~~~~~~~~~~~~~~~~~~~~~~~~~~~~~~~~~~
    Error occurs in the template of component ActivateAccountComponent.


Error: src/app/routes/sessions/activate-account/activate-account.component.html:56:15 - error NG8002: Can't bind to 
'formGroup' since it isn't a known property of 'form'.

56         <form [formGroup]="activationForm" *ngIf="activationForm">
                 ~~~~~~~~~~~~~~~~~~~~~~~~~~~~

  src/app/routes/sessions/activate-account/activate-account.component.ts:17:16
    17   templateUrl: './activate-account.component.html',
                      ~~~~~~~~~~~~~~~~~~~~~~~~~~~~~~~~~~~
    Error occurs in the template of component ActivateAccountComponent.


Error: src/app/routes/sessions/activate-account/activate-account.component.html:59:11 - error NG8001: 'mat-form-field' is 
not a known element:
1. If 'mat-form-field' is an Angular component, then verify that it is part of this module.
2. If 'mat-form-field' is a Web Component then add 'CUSTOM_ELEMENTS_SCHEMA' to the '@NgModule.schemas' of this component 
to suppress this message.

59           <mat-form-field appearance="outline" class="full-width">
             ~~~~~~~~~~~~~~~~~~~~~~~~~~~~~~~~~~~~~~~~~~~~~~~~~~~~~~~~

  src/app/routes/sessions/activate-account/activate-account.component.ts:17:16
    17   templateUrl: './activate-account.component.html',
                      ~~~~~~~~~~~~~~~~~~~~~~~~~~~~~~~~~~~
    Error occurs in the template of component ActivateAccountComponent.


Error: src/app/routes/sessions/activate-account/activate-account.component.html:60:13 - error NG8001: 'mat-label' is not a 
known element:
1. If 'mat-label' is an Angular component, then verify that it is part of this module.
2. If 'mat-label' is a Web Component then add 'CUSTOM_ELEMENTS_SCHEMA' to the '@NgModule.schemas' of this component to 
suppress this message.

60             <mat-label>Username</mat-label>
               ~~~~~~~~~~~

  src/app/routes/sessions/activate-account/activate-account.component.ts:17:16
    17   templateUrl: './activate-account.component.html',
                      ~~~~~~~~~~~~~~~~~~~~~~~~~~~~~~~~~~~
    Error occurs in the template of component ActivateAccountComponent.


Error: src/app/routes/sessions/activate-account/activate-account.component.html:66:13 - error NG8001: 'mat-icon' is not a 
known element:
1. If 'mat-icon' is an Angular component, then verify that it is part of this module.
2. If 'mat-icon' is a Web Component then add 'CUSTOM_ELEMENTS_SCHEMA' to the '@NgModule.schemas' of this component to 
suppress this message.

66             <mat-icon matPrefix>person</mat-icon>
               ~~~~~~~~~~~~~~~~~~~~

  src/app/routes/sessions/activate-account/activate-account.component.ts:17:16
    17   templateUrl: './activate-account.component.html',
                      ~~~~~~~~~~~~~~~~~~~~~~~~~~~~~~~~~~~
    Error occurs in the template of component ActivateAccountComponent.


Error: src/app/routes/sessions/activate-account/activate-account.component.html:67:13 - error NG8001: 'mat-icon' is not a 
known element:
1. If 'mat-icon' is an Angular component, then verify that it is part of this module.
2. If 'mat-icon' is a Web Component then add 'CUSTOM_ELEMENTS_SCHEMA' to the '@NgModule.schemas' of this component to 
suppress this message.

67             <mat-icon
               ~~~~~~~~~
68               matSuffix
   ~~~~~~~~~~~~~~~~~~~~~~~
69               *ngIf="activationForm.get('username')?.valid && activationForm.get('username')?.touched"
   ~~~~~~~~~~~~~~~~~~~~~~~~~~~~~~~~~~~~~~~~~~~~~~~~~~~~~~~~~~~~~~~~~~~~~~~~~~~~~~~~~~~~~~~~~~~~~~~~~~~~~~
70               color="primary">check_circle</mat-icon>
   ~~~~~~~~~~~~~~~~~~~~~~~~~~~~~~

  src/app/routes/sessions/activate-account/activate-account.component.ts:17:16
    17   templateUrl: './activate-account.component.html',
                      ~~~~~~~~~~~~~~~~~~~~~~~~~~~~~~~~~~~
    Error occurs in the template of component ActivateAccountComponent.


Error: src/app/routes/sessions/activate-account/activate-account.component.html:72:13 - error NG8001: 'mat-error' is not a 
known element:
1. If 'mat-error' is an Angular component, then verify that it is part of this module.
2. If 'mat-error' is a Web Component then add 'CUSTOM_ELEMENTS_SCHEMA' to the '@NgModule.schemas' of this component to 
suppress this message.

72             <mat-error *ngIf="activationForm.get('username')?.hasError('required')">
               ~~~~~~~~~~~~~~~~~~~~~~~~~~~~~~~~~~~~~~~~~~~~~~~~~~~~~~~~~~~~~~~~~~~~~~~~

  src/app/routes/sessions/activate-account/activate-account.component.ts:17:16
    17   templateUrl: './activate-account.component.html',
                      ~~~~~~~~~~~~~~~~~~~~~~~~~~~~~~~~~~~
    Error occurs in the template of component ActivateAccountComponent.


Error: src/app/routes/sessions/activate-account/activate-account.component.html:75:13 - error NG8001: 'mat-error' is not a 
known element:
1. If 'mat-error' is an Angular component, then verify that it is part of this module.
2. If 'mat-error' is a Web Component then add 'CUSTOM_ELEMENTS_SCHEMA' to the '@NgModule.schemas' of this component to 
suppress this message.

75             <mat-error *ngIf="activationForm.get('username')?.hasError('minlength')">
               ~~~~~~~~~~~~~~~~~~~~~~~~~~~~~~~~~~~~~~~~~~~~~~~~~~~~~~~~~~~~~~~~~~~~~~~~~

  src/app/routes/sessions/activate-account/activate-account.component.ts:17:16
    17   templateUrl: './activate-account.component.html',
                      ~~~~~~~~~~~~~~~~~~~~~~~~~~~~~~~~~~~
    Error occurs in the template of component ActivateAccountComponent.


Error: src/app/routes/sessions/activate-account/activate-account.component.html:78:13 - error NG8001: 'mat-error' is not a 
known element:
1. If 'mat-error' is an Angular component, then verify that it is part of this module.
2. If 'mat-error' is a Web Component then add 'CUSTOM_ELEMENTS_SCHEMA' to the '@NgModule.schemas' of this component to 
suppress this message.

78             <mat-error *ngIf="activationForm.get('username')?.hasError('maxlength')">
               ~~~~~~~~~~~~~~~~~~~~~~~~~~~~~~~~~~~~~~~~~~~~~~~~~~~~~~~~~~~~~~~~~~~~~~~~~

  src/app/routes/sessions/activate-account/activate-account.component.ts:17:16
    17   templateUrl: './activate-account.component.html',
                      ~~~~~~~~~~~~~~~~~~~~~~~~~~~~~~~~~~~
    Error occurs in the template of component ActivateAccountComponent.


Error: src/app/routes/sessions/activate-account/activate-account.component.html:82:13 - error NG8001: 'mat-hint' is not a 
known element:
1. If 'mat-hint' is an Angular component, then verify that it is part of this module.
2. If 'mat-hint' is a Web Component then add 'CUSTOM_ELEMENTS_SCHEMA' to the '@NgModule.schemas' of this component to 
suppress this message.

82             <mat-hint>Choose a unique username (min. 3 characters)</mat-hint>
               ~~~~~~~~~~

  src/app/routes/sessions/activate-account/activate-account.component.ts:17:16
    17   templateUrl: './activate-account.component.html',
                      ~~~~~~~~~~~~~~~~~~~~~~~~~~~~~~~~~~~
    Error occurs in the template of component ActivateAccountComponent.


Error: src/app/routes/sessions/activate-account/activate-account.component.html:86:11 - error NG8001: 'mat-form-field' is 
not a known element:
1. If 'mat-form-field' is an Angular component, then verify that it is part of this module.
2. If 'mat-form-field' is a Web Component then add 'CUSTOM_ELEMENTS_SCHEMA' to the '@NgModule.schemas' of this component 
to suppress this message.

86           <mat-form-field appearance="outline" class="full-width">
             ~~~~~~~~~~~~~~~~~~~~~~~~~~~~~~~~~~~~~~~~~~~~~~~~~~~~~~~~

  src/app/routes/sessions/activate-account/activate-account.component.ts:17:16
    17   templateUrl: './activate-account.component.html',
                      ~~~~~~~~~~~~~~~~~~~~~~~~~~~~~~~~~~~
    Error occurs in the template of component ActivateAccountComponent.


Error: src/app/routes/sessions/activate-account/activate-account.component.html:87:13 - error NG8001: 'mat-label' is not a 
known element:
1. If 'mat-label' is an Angular component, then verify that it is part of this module.
2. If 'mat-label' is a Web Component then add 'CUSTOM_ELEMENTS_SCHEMA' to the '@NgModule.schemas' of this component to 
suppress this message.

87             <mat-label>Password</mat-label>
               ~~~~~~~~~~~

  src/app/routes/sessions/activate-account/activate-account.component.ts:17:16
    17   templateUrl: './activate-account.component.html',
                      ~~~~~~~~~~~~~~~~~~~~~~~~~~~~~~~~~~~
    Error occurs in the template of component ActivateAccountComponent.


Error: src/app/routes/sessions/activate-account/activate-account.component.html:93:13 - error NG8001: 'mat-icon' is not a 
known element:
1. If 'mat-icon' is an Angular component, then verify that it is part of this module.
2. If 'mat-icon' is a Web Component then add 'CUSTOM_ELEMENTS_SCHEMA' to the '@NgModule.schemas' of this component to 
suppress this message.

93             <mat-icon matPrefix>lock</mat-icon>
               ~~~~~~~~~~~~~~~~~~~~

  src/app/routes/sessions/activate-account/activate-account.component.ts:17:16
    17   templateUrl: './activate-account.component.html',
                      ~~~~~~~~~~~~~~~~~~~~~~~~~~~~~~~~~~~
    Error occurs in the template of component ActivateAccountComponent.


Error: src/app/routes/sessions/activate-account/activate-account.component.html:100:15 - error NG8001: 'mat-icon' is not a 
known element:
1. If 'mat-icon' is an Angular component, then verify that it is part of this module.
2. If 'mat-icon' is a Web Component then add 'CUSTOM_ELEMENTS_SCHEMA' to the '@NgModule.schemas' of this component to 
suppress this message.

100               <mat-icon>{{hidePassword ? 'visibility_off' : 'visibility'}}</mat-icon>
                  ~~~~~~~~~~

  src/app/routes/sessions/activate-account/activate-account.component.ts:17:16
    17   templateUrl: './activate-account.component.html',
                      ~~~~~~~~~~~~~~~~~~~~~~~~~~~~~~~~~~~
    Error occurs in the template of component ActivateAccountComponent.


Error: src/app/routes/sessions/activate-account/activate-account.component.html:103:13 - error NG8001: 'mat-error' is not 
a known element:
1. If 'mat-error' is an Angular component, then verify that it is part of this module.
2. If 'mat-error' is a Web Component then add 'CUSTOM_ELEMENTS_SCHEMA' to the '@NgModule.schemas' of this component to 
suppress this message.

103             <mat-error *ngIf="activationForm.get('password')?.hasError('required')">
                ~~~~~~~~~~~~~~~~~~~~~~~~~~~~~~~~~~~~~~~~~~~~~~~~~~~~~~~~~~~~~~~~~~~~~~~~

  src/app/routes/sessions/activate-account/activate-account.component.ts:17:16
    17   templateUrl: './activate-account.component.html',
                      ~~~~~~~~~~~~~~~~~~~~~~~~~~~~~~~~~~~
    Error occurs in the template of component ActivateAccountComponent.


Error: src/app/routes/sessions/activate-account/activate-account.component.html:106:13 - error NG8001: 'mat-error' is not 
a known element:
1. If 'mat-error' is an Angular component, then verify that it is part of this module.
2. If 'mat-error' is a Web Component then add 'CUSTOM_ELEMENTS_SCHEMA' to the '@NgModule.schemas' of this component to 
suppress this message.

106             <mat-error *ngIf="activationForm.get('password')?.hasError('minlength')">
                ~~~~~~~~~~~~~~~~~~~~~~~~~~~~~~~~~~~~~~~~~~~~~~~~~~~~~~~~~~~~~~~~~~~~~~~~~

  src/app/routes/sessions/activate-account/activate-account.component.ts:17:16
    17   templateUrl: './activate-account.component.html',
                      ~~~~~~~~~~~~~~~~~~~~~~~~~~~~~~~~~~~
    Error occurs in the template of component ActivateAccountComponent.


Error: src/app/routes/sessions/activate-account/activate-account.component.html:109:13 - error NG8001: 'mat-error' is not 
a known element:
1. If 'mat-error' is an Angular component, then verify that it is part of this module.
2. If 'mat-error' is a Web Component then add 'CUSTOM_ELEMENTS_SCHEMA' to the '@NgModule.schemas' of this component to 
suppress this message.

109             <mat-error *ngIf="activationForm.get('password')?.hasError('pattern')">
                ~~~~~~~~~~~~~~~~~~~~~~~~~~~~~~~~~~~~~~~~~~~~~~~~~~~~~~~~~~~~~~~~~~~~~~~

  src/app/routes/sessions/activate-account/activate-account.component.ts:17:16
    17   templateUrl: './activate-account.component.html',
                      ~~~~~~~~~~~~~~~~~~~~~~~~~~~~~~~~~~~
    Error occurs in the template of component ActivateAccountComponent.


Error: src/app/routes/sessions/activate-account/activate-account.component.html:118:21 - error NG8002: Can't bind to 
'ngClass' since it isn't a known property of 'span'.

118               <span [ngClass]="getPasswordStrengthClass()">{{ getPasswordStrength() }}</span>
                        ~~~~~~~~~~~~~~~~~~~~~~~~~~~~~~~~~~~~~~

  src/app/routes/sessions/activate-account/activate-account.component.ts:17:16
    17   templateUrl: './activate-account.component.html',
                      ~~~~~~~~~~~~~~~~~~~~~~~~~~~~~~~~~~~
    Error occurs in the template of component ActivateAccountComponent.


Error: src/app/routes/sessions/activate-account/activate-account.component.html:120:13 - error NG8001: 'mat-progress-bar' 
is not a known element:
1. If 'mat-progress-bar' is an Angular component, then verify that it is part of this module.
2. If 'mat-progress-bar' is a Web Component then add 'CUSTOM_ELEMENTS_SCHEMA' to the '@NgModule.schemas' of this component 
to suppress this message.

120             <mat-progress-bar
                ~~~~~~~~~~~~~~~~~
121               mode="determinate"
    ~~~~~~~~~~~~~~~~~~~~~~~~~~~~~~~~
122               [value]="getPasswordStrengthValue()"
    ~~~~~~~~~~~~~~~~~~~~~~~~~~~~~~~~~~~~~~~~~~~~~~~~~~
123               [color]="getPasswordStrengthColor()">
    ~~~~~~~~~~~~~~~~~~~~~~~~~~~~~~~~~~~~~~~~~~~~~~~~~~~

  src/app/routes/sessions/activate-account/activate-account.component.ts:17:16
    17   templateUrl: './activate-account.component.html',
                      ~~~~~~~~~~~~~~~~~~~~~~~~~~~~~~~~~~~
    Error occurs in the template of component ActivateAccountComponent.


Error: src/app/routes/sessions/activate-account/activate-account.component.html:122:15 - error NG8002: Can't bind to 
'value' since it isn't a known property of 'mat-progress-bar'.
1. If 'mat-progress-bar' is an Angular component and it has 'value' input, then verify that it is part of this module.
2. If 'mat-progress-bar' is a Web Component then add 'CUSTOM_ELEMENTS_SCHEMA' to the '@NgModule.schemas' of this component 
to suppress this message.
3. To allow any property add 'NO_ERRORS_SCHEMA' to the '@NgModule.schemas' of this component.

122               [value]="getPasswordStrengthValue()"
                  ~~~~~~~~~~~~~~~~~~~~~~~~~~~~~~~~~~~~

  src/app/routes/sessions/activate-account/activate-account.component.ts:17:16
    17   templateUrl: './activate-account.component.html',
                      ~~~~~~~~~~~~~~~~~~~~~~~~~~~~~~~~~~~
    Error occurs in the template of component ActivateAccountComponent.


Error: src/app/routes/sessions/activate-account/activate-account.component.html:123:15 - error NG8002: Can't bind to 
'color' since it isn't a known property of 'mat-progress-bar'.
1. If 'mat-progress-bar' is an Angular component and it has 'color' input, then verify that it is part of this module.
2. If 'mat-progress-bar' is a Web Component then add 'CUSTOM_ELEMENTS_SCHEMA' to the '@NgModule.schemas' of this component 
to suppress this message.
3. To allow any property add 'NO_ERRORS_SCHEMA' to the '@NgModule.schemas' of this component.

123               [color]="getPasswordStrengthColor()">
                  ~~~~~~~~~~~~~~~~~~~~~~~~~~~~~~~~~~~~

  src/app/routes/sessions/activate-account/activate-account.component.ts:17:16
    17   templateUrl: './activate-account.component.html',
                      ~~~~~~~~~~~~~~~~~~~~~~~~~~~~~~~~~~~
    Error occurs in the template of component ActivateAccountComponent.


Error: src/app/routes/sessions/activate-account/activate-account.component.html:128:11 - error NG8001: 'mat-form-field' is 
not a known element:
1. If 'mat-form-field' is an Angular component, then verify that it is part of this module.
2. If 'mat-form-field' is a Web Component then add 'CUSTOM_ELEMENTS_SCHEMA' to the '@NgModule.schemas' of this component 
to suppress this message.

128           <mat-form-field appearance="outline" class="full-width">
              ~~~~~~~~~~~~~~~~~~~~~~~~~~~~~~~~~~~~~~~~~~~~~~~~~~~~~~~~

  src/app/routes/sessions/activate-account/activate-account.component.ts:17:16
    17   templateUrl: './activate-account.component.html',
                      ~~~~~~~~~~~~~~~~~~~~~~~~~~~~~~~~~~~
    Error occurs in the template of component ActivateAccountComponent.


Error: src/app/routes/sessions/activate-account/activate-account.component.html:129:13 - error NG8001: 'mat-label' is not 
a known element:
1. If 'mat-label' is an Angular component, then verify that it is part of this module.
2. If 'mat-label' is a Web Component then add 'CUSTOM_ELEMENTS_SCHEMA' to the '@NgModule.schemas' of this component to 
suppress this message.

129             <mat-label>Confirm Password</mat-label>
                ~~~~~~~~~~~

  src/app/routes/sessions/activate-account/activate-account.component.ts:17:16
    17   templateUrl: './activate-account.component.html',
                      ~~~~~~~~~~~~~~~~~~~~~~~~~~~~~~~~~~~
    Error occurs in the template of component ActivateAccountComponent.


Error: src/app/routes/sessions/activate-account/activate-account.component.html:135:13 - error NG8001: 'mat-icon' is not a 
known element:
1. If 'mat-icon' is an Angular component, then verify that it is part of this module.
2. If 'mat-icon' is a Web Component then add 'CUSTOM_ELEMENTS_SCHEMA' to the '@NgModule.schemas' of this component to 
suppress this message.

135             <mat-icon matPrefix>lock</mat-icon>
                ~~~~~~~~~~~~~~~~~~~~

  src/app/routes/sessions/activate-account/activate-account.component.ts:17:16
    17   templateUrl: './activate-account.component.html',
                      ~~~~~~~~~~~~~~~~~~~~~~~~~~~~~~~~~~~
    Error occurs in the template of component ActivateAccountComponent.


Error: src/app/routes/sessions/activate-account/activate-account.component.html:142:15 - error NG8001: 'mat-icon' is not a 
known element:
1. If 'mat-icon' is an Angular component, then verify that it is part of this module.
2. If 'mat-icon' is a Web Component then add 'CUSTOM_ELEMENTS_SCHEMA' to the '@NgModule.schemas' of this component to 
suppress this message.

142               <mat-icon>{{hideConfirmPassword ? 'visibility_off' : 'visibility'}}</mat-icon>
                  ~~~~~~~~~~

  src/app/routes/sessions/activate-account/activate-account.component.ts:17:16
    17   templateUrl: './activate-account.component.html',
                      ~~~~~~~~~~~~~~~~~~~~~~~~~~~~~~~~~~~
    Error occurs in the template of component ActivateAccountComponent.


Error: src/app/routes/sessions/activate-account/activate-account.component.html:144:13 - error NG8001: 'mat-icon' is not a 
known element:
1. If 'mat-icon' is an Angular component, then verify that it is part of this module.
2. If 'mat-icon' is a Web Component then add 'CUSTOM_ELEMENTS_SCHEMA' to the '@NgModule.schemas' of this component to 
suppress this message.

144             <mat-icon
                ~~~~~~~~~
145               matSuffix
    ~~~~~~~~~~~~~~~~~~~~~~~
146               *ngIf="activationForm.get('confirmPassword')?.valid && activationForm.get('confirmPassword')?.touched && 
!activationForm.hasError('passwordMismatch')"
    ~~~~~~~~~~~~~~~~~~~~~~~~~~~~~~~~~~~~~~~~~~~~~~~~~~~~~~~~~~~~~~~~~~~~~~~~~~~~~~~~~~~~~~~~~~~~~~~~~~~~~~~~~~~~~~~~~~~~~~~
~~~~~~~~~~~~~~~~~~~~~~~~~~~~~~~~~~~~~~~~~~~~~
147               color="primary">check_circle</mat-icon>
    ~~~~~~~~~~~~~~~~~~~~~~~~~~~~~~

  src/app/routes/sessions/activate-account/activate-account.component.ts:17:16
    17   templateUrl: './activate-account.component.html',
                      ~~~~~~~~~~~~~~~~~~~~~~~~~~~~~~~~~~~
    Error occurs in the template of component ActivateAccountComponent.


Error: src/app/routes/sessions/activate-account/activate-account.component.html:149:13 - error NG8001: 'mat-error' is not 
a known element:
1. If 'mat-error' is an Angular component, then verify that it is part of this module.
2. If 'mat-error' is a Web Component then add 'CUSTOM_ELEMENTS_SCHEMA' to the '@NgModule.schemas' of this component to 
suppress this message.

149             <mat-error *ngIf="activationForm.get('confirmPassword')?.hasError('required')">
                ~~~~~~~~~~~~~~~~~~~~~~~~~~~~~~~~~~~~~~~~~~~~~~~~~~~~~~~~~~~~~~~~~~~~~~~~~~~~~~~

  src/app/routes/sessions/activate-account/activate-account.component.ts:17:16
    17   templateUrl: './activate-account.component.html',
                      ~~~~~~~~~~~~~~~~~~~~~~~~~~~~~~~~~~~
    Error occurs in the template of component ActivateAccountComponent.


Error: src/app/routes/sessions/activate-account/activate-account.component.html:152:13 - error NG8001: 'mat-error' is not 
a known element:
1. If 'mat-error' is an Angular component, then verify that it is part of this module.
2. If 'mat-error' is a Web Component then add 'CUSTOM_ELEMENTS_SCHEMA' to the '@NgModule.schemas' of this component to 
suppress this message.

152             <mat-error *ngIf="activationForm.hasError('passwordMismatch')">
                ~~~~~~~~~~~~~~~~~~~~~~~~~~~~~~~~~~~~~~~~~~~~~~~~~~~~~~~~~~~~~~~

  src/app/routes/sessions/activate-account/activate-account.component.ts:17:16
    17   templateUrl: './activate-account.component.html',
                      ~~~~~~~~~~~~~~~~~~~~~~~~~~~~~~~~~~~
    Error occurs in the template of component ActivateAccountComponent.


Error: src/app/routes/sessions/activate-account/activate-account.component.html:166:15 - error NG8001: 'mat-icon' is not a 
known element:
1. If 'mat-icon' is an Angular component, then verify that it is part of this module.
2. If 'mat-icon' is a Web Component then add 'CUSTOM_ELEMENTS_SCHEMA' to the '@NgModule.schemas' of this component to 
suppress this message.

166               <mat-icon>check_circle</mat-icon>
                  ~~~~~~~~~~

  src/app/routes/sessions/activate-account/activate-account.component.ts:17:16
    17   templateUrl: './activate-account.component.html',
                      ~~~~~~~~~~~~~~~~~~~~~~~~~~~~~~~~~~~
    Error occurs in the template of component ActivateAccountComponent.


Error: src/app/routes/sessions/activate-account/activate-account.component.html:174:15 - error NG8001: 'mat-icon' is not a 
known element:
1. If 'mat-icon' is an Angular component, then verify that it is part of this module.
2. If 'mat-icon' is a Web Component then add 'CUSTOM_ELEMENTS_SCHEMA' to the '@NgModule.schemas' of this component to 
suppress this message.

174               <mat-icon>arrow_back</mat-icon>
                  ~~~~~~~~~~

  src/app/routes/sessions/activate-account/activate-account.component.ts:17:16
    17   templateUrl: './activate-account.component.html',
                      ~~~~~~~~~~~~~~~~~~~~~~~~~~~~~~~~~~~
    Error occurs in the template of component ActivateAccountComponent.


Error: src/app/routes/sessions/change-password/change-password.component.ts:12:5 - error NG8001: 'mat-card' is not a known 
element:
1. If 'mat-card' is an Angular component, then verify that it is part of this module.
2. If 'mat-card' is a Web Component then add 'CUSTOM_ELEMENTS_SCHEMA' to the '@NgModule.schemas' of this component to 
suppress this message.

12     <mat-card class="password-card">
       ~~~~~~~~~~~~~~~~~~~~~~~~~~~~~~~~


Error: src/app/routes/sessions/change-password/change-password.component.ts:13:7 - error NG8001: 'mat-card-header' is not 
a known element:
1. If 'mat-card-header' is an Angular component, then verify that it is part of this module.
2. If 'mat-card-header' is a Web Component then add 'CUSTOM_ELEMENTS_SCHEMA' to the '@NgModule.schemas' of this component 
to suppress this message.

13       <mat-card-header>
         ~~~~~~~~~~~~~~~~~


Error: src/app/routes/sessions/change-password/change-password.component.ts:14:9 - error NG8001: 'mat-icon' is not a known 
element:
1. If 'mat-icon' is an Angular component, then verify that it is part of this module.
2. If 'mat-icon' is a Web Component then add 'CUSTOM_ELEMENTS_SCHEMA' to the '@NgModule.schemas' of this component to 
suppress this message.

14         <mat-icon mat-card-avatar color="warn">shield</mat-icon>
           ~~~~~~~~~~~~~~~~~~~~~~~~~~~~~~~~~~~~~~~


Error: src/app/routes/sessions/change-password/change-password.component.ts:15:9 - error NG8001: 'mat-card-title' is not a 
known element:
1. If 'mat-card-title' is an Angular component, then verify that it is part of this module.
2. If 'mat-card-title' is a Web Component then add 'CUSTOM_ELEMENTS_SCHEMA' to the '@NgModule.schemas' of this component 
to suppress this message.

15         <mat-card-title>Security Settings</mat-card-title>
           ~~~~~~~~~~~~~~~~


Error: src/app/routes/sessions/change-password/change-password.component.ts:16:9 - error NG8001: 'mat-card-subtitle' is 
not a known element:
1. If 'mat-card-subtitle' is an Angular component, then verify that it is part of this module.
2. If 'mat-card-subtitle' is a Web Component then add 'CUSTOM_ELEMENTS_SCHEMA' to the '@NgModule.schemas' of this 
component to suppress this message.

16         <mat-card-subtitle>Change your password</mat-card-subtitle>
           ~~~~~~~~~~~~~~~~~~~


Error: src/app/routes/sessions/change-password/change-password.component.ts:19:7 - error NG8001: 'mat-card-content' is not 
a known element:
1. If 'mat-card-content' is an Angular component, then verify that it is part of this module.
2. If 'mat-card-content' is a Web Component then add 'CUSTOM_ELEMENTS_SCHEMA' to the '@NgModule.schemas' of this component 
to suppress this message.

19       <mat-card-content>
         ~~~~~~~~~~~~~~~~~~


Error: src/app/routes/sessions/change-password/change-password.component.ts:20:14 - error NG8002: Can't bind to 
'formGroup' since it isn't a known property of 'div'.

20         <div [formGroup]="passwordForm" class="form-container">
                ~~~~~~~~~~~~~~~~~~~~~~~~~~


Error: src/app/routes/sessions/change-password/change-password.component.ts:23:11 - error NG8001: 'mat-form-field' is not 
a known element:
1. If 'mat-form-field' is an Angular component, then verify that it is part of this module.
2. If 'mat-form-field' is a Web Component then add 'CUSTOM_ELEMENTS_SCHEMA' to the '@NgModule.schemas' of this component 
to suppress this message.

23           <mat-form-field appearance="outline" class="full-width">
             ~~~~~~~~~~~~~~~~~~~~~~~~~~~~~~~~~~~~~~~~~~~~~~~~~~~~~~~~


Error: src/app/routes/sessions/change-password/change-password.component.ts:24:13 - error NG8001: 'mat-label' is not a 
known element:
1. If 'mat-label' is an Angular component, then verify that it is part of this module.
2. If 'mat-label' is a Web Component then add 'CUSTOM_ELEMENTS_SCHEMA' to the '@NgModule.schemas' of this component to 
suppress this message.

24             <mat-label>Current Password</mat-label>
               ~~~~~~~~~~~


Error: src/app/routes/sessions/change-password/change-password.component.ts:28:13 - error NG8001: 'mat-icon' is not a 
known element:
1. If 'mat-icon' is an Angular component, then verify that it is part of this module.
2. If 'mat-icon' is a Web Component then add 'CUSTOM_ELEMENTS_SCHEMA' to the '@NgModule.schemas' of this component to 
suppress this message.

28             <mat-icon matPrefix>lock</mat-icon>
               ~~~~~~~~~~~~~~~~~~~~


Error: src/app/routes/sessions/change-password/change-password.component.ts:31:15 - error NG8001: 'mat-icon' is not a 
known element:
1. If 'mat-icon' is an Angular component, then verify that it is part of this module.
2. If 'mat-icon' is a Web Component then add 'CUSTOM_ELEMENTS_SCHEMA' to the '@NgModule.schemas' of this component to 
suppress this message.

31               <mat-icon>{{ hideCurrentPassword ? 'visibility_off' : 'visibility' }}</mat-icon>
                 ~~~~~~~~~~


Error: src/app/routes/sessions/change-password/change-password.component.ts:33:13 - error NG8001: 'mat-error' is not a 
known element:
1. If 'mat-error' is an Angular component, then verify that it is part of this module.
2. If 'mat-error' is a Web Component then add 'CUSTOM_ELEMENTS_SCHEMA' to the '@NgModule.schemas' of this component to 
suppress this message.

33             <mat-error *ngIf="passwordForm.get('currentPassword')?.hasError('required')">
               ~~~~~~~~~~~~~~~~~~~~~~~~~~~~~~~~~~~~~~~~~~~~~~~~~~~~~~~~~~~~~~~~~~~~~~~~~~~~~


Error: src/app/routes/sessions/change-password/change-password.component.ts:39:11 - error NG8001: 'mat-form-field' is not 
a known element:
1. If 'mat-form-field' is an Angular component, then verify that it is part of this module.
2. If 'mat-form-field' is a Web Component then add 'CUSTOM_ELEMENTS_SCHEMA' to the '@NgModule.schemas' of this component 
to suppress this message.

39           <mat-form-field appearance="outline" class="full-width">
             ~~~~~~~~~~~~~~~~~~~~~~~~~~~~~~~~~~~~~~~~~~~~~~~~~~~~~~~~


Error: src/app/routes/sessions/change-password/change-password.component.ts:40:13 - error NG8001: 'mat-label' is not a 
known element:
1. If 'mat-label' is an Angular component, then verify that it is part of this module.
2. If 'mat-label' is a Web Component then add 'CUSTOM_ELEMENTS_SCHEMA' to the '@NgModule.schemas' of this component to 
suppress this message.

40             <mat-label>New Password</mat-label>
               ~~~~~~~~~~~


Error: src/app/routes/sessions/change-password/change-password.component.ts:44:13 - error NG8001: 'mat-icon' is not a 
known element:
1. If 'mat-icon' is an Angular component, then verify that it is part of this module.
2. If 'mat-icon' is a Web Component then add 'CUSTOM_ELEMENTS_SCHEMA' to the '@NgModule.schemas' of this component to 
suppress this message.

44             <mat-icon matPrefix>lock_outline</mat-icon>
               ~~~~~~~~~~~~~~~~~~~~


Error: src/app/routes/sessions/change-password/change-password.component.ts:47:15 - error NG8001: 'mat-icon' is not a 
known element:
1. If 'mat-icon' is an Angular component, then verify that it is part of this module.
2. If 'mat-icon' is a Web Component then add 'CUSTOM_ELEMENTS_SCHEMA' to the '@NgModule.schemas' of this component to 
suppress this message.

47               <mat-icon>{{ hideNewPassword ? 'visibility_off' : 'visibility' }}</mat-icon>
                 ~~~~~~~~~~


Error: src/app/routes/sessions/change-password/change-password.component.ts:49:13 - error NG8001: 'mat-error' is not a 
known element:
1. If 'mat-error' is an Angular component, then verify that it is part of this module.
2. If 'mat-error' is a Web Component then add 'CUSTOM_ELEMENTS_SCHEMA' to the '@NgModule.schemas' of this component to 
suppress this message.

49             <mat-error *ngIf="passwordForm.get('newPassword')?.hasError('required')">
               ~~~~~~~~~~~~~~~~~~~~~~~~~~~~~~~~~~~~~~~~~~~~~~~~~~~~~~~~~~~~~~~~~~~~~~~~~


Error: src/app/routes/sessions/change-password/change-password.component.ts:52:13 - error NG8001: 'mat-error' is not a 
known element:
1. If 'mat-error' is an Angular component, then verify that it is part of this module.
2. If 'mat-error' is a Web Component then add 'CUSTOM_ELEMENTS_SCHEMA' to the '@NgModule.schemas' of this component to 
suppress this message.

52             <mat-error *ngIf="passwordForm.get('newPassword')?.hasError('minlength')">
               ~~~~~~~~~~~~~~~~~~~~~~~~~~~~~~~~~~~~~~~~~~~~~~~~~~~~~~~~~~~~~~~~~~~~~~~~~~


Error: src/app/routes/sessions/change-password/change-password.component.ts:55:13 - error NG8001: 'mat-error' is not a 
known element:
1. If 'mat-error' is an Angular component, then verify that it is part of this module.
2. If 'mat-error' is a Web Component then add 'CUSTOM_ELEMENTS_SCHEMA' to the '@NgModule.schemas' of this component to 
suppress this message.

55             <mat-error *ngIf="passwordForm.get('newPassword')?.hasError('pattern')">
               ~~~~~~~~~~~~~~~~~~~~~~~~~~~~~~~~~~~~~~~~~~~~~~~~~~~~~~~~~~~~~~~~~~~~~~~~


Error: src/app/routes/sessions/change-password/change-password.component.ts:64:21 - error NG8002: Can't bind to 'ngClass' 
since it isn't a known property of 'span'.

64               <span [ngClass]="getStrengthClass()">{{ getStrengthLabel() }}</span>
                       ~~~~~~~~~~~~~~~~~~~~~~~~~~~~~~


Error: src/app/routes/sessions/change-password/change-password.component.ts:66:13 - error NG8001: 'mat-progress-bar' is 
not a known element:
1. If 'mat-progress-bar' is an Angular component, then verify that it is part of this module.
2. If 'mat-progress-bar' is a Web Component then add 'CUSTOM_ELEMENTS_SCHEMA' to the '@NgModule.schemas' of this component 
to suppress this message.

66             <mat-progress-bar mode="determinate"
               ~~~~~~~~~~~~~~~~~~~~~~~~~~~~~~~~~~~~
67                               [value]="getStrengthValue()"
   ~~~~~~~~~~~~~~~~~~~~~~~~~~~~~~~~~~~~~~~~~~~~~~~~~~~~~~~~~~
68                               [color]="getStrengthColor()">
   ~~~~~~~~~~~~~~~~~~~~~~~~~~~~~~~~~~~~~~~~~~~~~~~~~~~~~~~~~~~


Error: src/app/routes/sessions/change-password/change-password.component.ts:67:31 - error NG8002: Can't bind to 'value' 
since it isn't a known property of 'mat-progress-bar'.
1. If 'mat-progress-bar' is an Angular component and it has 'value' input, then verify that it is part of this module.
2. If 'mat-progress-bar' is a Web Component then add 'CUSTOM_ELEMENTS_SCHEMA' to the '@NgModule.schemas' of this component 
to suppress this message.
3. To allow any property add 'NO_ERRORS_SCHEMA' to the '@NgModule.schemas' of this component.

67                               [value]="getStrengthValue()"
                                 ~~~~~~~~~~~~~~~~~~~~~~~~~~~~


Error: src/app/routes/sessions/change-password/change-password.component.ts:68:31 - error NG8002: Can't bind to 'color' 
since it isn't a known property of 'mat-progress-bar'.
1. If 'mat-progress-bar' is an Angular component and it has 'color' input, then verify that it is part of this module.
2. If 'mat-progress-bar' is a Web Component then add 'CUSTOM_ELEMENTS_SCHEMA' to the '@NgModule.schemas' of this component 
to suppress this message.
3. To allow any property add 'NO_ERRORS_SCHEMA' to the '@NgModule.schemas' of this component.

68                               [color]="getStrengthColor()">
                                 ~~~~~~~~~~~~~~~~~~~~~~~~~~~~


Error: src/app/routes/sessions/change-password/change-password.component.ts:73:11 - error NG8001: 'mat-form-field' is not 
a known element:
1. If 'mat-form-field' is an Angular component, then verify that it is part of this module.
2. If 'mat-form-field' is a Web Component then add 'CUSTOM_ELEMENTS_SCHEMA' to the '@NgModule.schemas' of this component 
to suppress this message.

73           <mat-form-field appearance="outline" class="full-width">
             ~~~~~~~~~~~~~~~~~~~~~~~~~~~~~~~~~~~~~~~~~~~~~~~~~~~~~~~~


Error: src/app/routes/sessions/change-password/change-password.component.ts:74:13 - error NG8001: 'mat-label' is not a 
known element:
1. If 'mat-label' is an Angular component, then verify that it is part of this module.
2. If 'mat-label' is a Web Component then add 'CUSTOM_ELEMENTS_SCHEMA' to the '@NgModule.schemas' of this component to 
suppress this message.

74             <mat-label>Confirm New Password</mat-label>
               ~~~~~~~~~~~


Error: src/app/routes/sessions/change-password/change-password.component.ts:78:13 - error NG8001: 'mat-icon' is not a 
known element:
1. If 'mat-icon' is an Angular component, then verify that it is part of this module.
2. If 'mat-icon' is a Web Component then add 'CUSTOM_ELEMENTS_SCHEMA' to the '@NgModule.schemas' of this component to 
suppress this message.

78             <mat-icon matPrefix>lock_outline</mat-icon>
               ~~~~~~~~~~~~~~~~~~~~


Error: src/app/routes/sessions/change-password/change-password.component.ts:81:15 - error NG8001: 'mat-icon' is not a 
known element:
1. If 'mat-icon' is an Angular component, then verify that it is part of this module.
2. If 'mat-icon' is a Web Component then add 'CUSTOM_ELEMENTS_SCHEMA' to the '@NgModule.schemas' of this component to 
suppress this message.

81               <mat-icon>{{ hideConfirmPassword ? 'visibility_off' : 'visibility' }}</mat-icon>
                 ~~~~~~~~~~


Error: src/app/routes/sessions/change-password/change-password.component.ts:83:13 - error NG8001: 'mat-error' is not a 
known element:
1. If 'mat-error' is an Angular component, then verify that it is part of this module.
2. If 'mat-error' is a Web Component then add 'CUSTOM_ELEMENTS_SCHEMA' to the '@NgModule.schemas' of this component to 
suppress this message.

83             <mat-error *ngIf="passwordForm.get('confirmPassword')?.hasError('required')">
               ~~~~~~~~~~~~~~~~~~~~~~~~~~~~~~~~~~~~~~~~~~~~~~~~~~~~~~~~~~~~~~~~~~~~~~~~~~~~~


Error: src/app/routes/sessions/change-password/change-password.component.ts:86:13 - error NG8001: 'mat-error' is not a 
known element:
1. If 'mat-error' is an Angular component, then verify that it is part of this module.
2. If 'mat-error' is a Web Component then add 'CUSTOM_ELEMENTS_SCHEMA' to the '@NgModule.schemas' of this component to 
suppress this message.

86             <mat-error *ngIf="passwordForm.hasError('passwordMismatch')">
               ~~~~~~~~~~~~~~~~~~~~~~~~~~~~~~~~~~~~~~~~~~~~~~~~~~~~~~~~~~~~~


Error: src/app/routes/sessions/change-password/change-password.component.ts:92:11 - error NG8001: 'mat-error' is not a 
known element:
1. If 'mat-error' is an Angular component, then verify that it is part of this module.
2. If 'mat-error' is a Web Component then add 'CUSTOM_ELEMENTS_SCHEMA' to the '@NgModule.schemas' of this component to 
suppress this message.

92           <mat-error *ngIf="errorMessage" class="error-message">
             ~~~~~~~~~~~~~~~~~~~~~~~~~~~~~~~~~~~~~~~~~~~~~~~~~~~~~~


Error: src/app/routes/sessions/change-password/change-password.component.ts:102:15 - error NG8001: 'mat-spinner' is not a 
known element:
1. If 'mat-spinner' is an Angular component, then verify that it is part of this module.
2. If 'mat-spinner' is a Web Component then add 'CUSTOM_ELEMENTS_SCHEMA' to the '@NgModule.schemas' of this component to 
suppress this message.

102               <mat-spinner *ngIf="isLoading" diameter="20"></mat-spinner>
                  ~~~~~~~~~~~~~~~~~~~~~~~~~~~~~~~~~~~~~~~~~~~~~


Error: src/app/routes/sessions/change-password/change-password.component.ts:103:15 - error NG8001: 'mat-icon' is not a 
known element:
1. If 'mat-icon' is an Angular component, then verify that it is part of this module.
2. If 'mat-icon' is a Web Component then add 'CUSTOM_ELEMENTS_SCHEMA' to the '@NgModule.schemas' of this component to 
suppress this message.

103               <mat-icon *ngIf="!isLoading">lock_reset</mat-icon>
                  ~~~~~~~~~~~~~~~~~~~~~~~~~~~~~


Error: src/app/routes/sessions/login/login.component.html:2:3 - error NG8001: 'mat-card' is not a known element:
1. If 'mat-card' is an Angular component, then verify that it is part of this module.
2. If 'mat-card' is a Web Component then add 'CUSTOM_ELEMENTS_SCHEMA' to the '@NgModule.schemas' of this component to 
suppress this message.

2   <mat-card class="m-auto" style="max-width: 380px;">
    ~~~~~~~~~~~~~~~~~~~~~~~~~~~~~~~~~~~~~~~~~~~~~~~~~~~

  src/app/routes/sessions/login/login.component.ts:17:16
    17   templateUrl: './login.component.html',
                      ~~~~~~~~~~~~~~~~~~~~~~~~
    Error occurs in the template of component LoginComponent.


Error: src/app/routes/sessions/login/login.component.html:3:5 - error NG8001: 'mat-card-header' is not a known element:
1. If 'mat-card-header' is an Angular component, then verify that it is part of this module.
2. If 'mat-card-header' is a Web Component then add 'CUSTOM_ELEMENTS_SCHEMA' to the '@NgModule.schemas' of this component 
to suppress this message.

3     <mat-card-header class="m-b-24">
      ~~~~~~~~~~~~~~~~~~~~~~~~~~~~~~~~

  src/app/routes/sessions/login/login.component.ts:17:16
    17   templateUrl: './login.component.html',
                      ~~~~~~~~~~~~~~~~~~~~~~~~
    Error occurs in the template of component LoginComponent.


Error: src/app/routes/sessions/login/login.component.html:4:7 - error NG8001: 'mat-card-title' is not a known element:
1. If 'mat-card-title' is an Angular component, then verify that it is part of this module.
2. If 'mat-card-title' is a Web Component then add 'CUSTOM_ELEMENTS_SCHEMA' to the '@NgModule.schemas' of this component 
to suppress this message.

4       <mat-card-title>{{'WELCOME' | translate}}</mat-card-title>
        ~~~~~~~~~~~~~~~~

  src/app/routes/sessions/login/login.component.ts:17:16
    17   templateUrl: './login.component.html',
                      ~~~~~~~~~~~~~~~~~~~~~~~~
    Error occurs in the template of component LoginComponent.


Error: src/app/routes/sessions/login/login.component.html:4:37 - error NG8004: No pipe found with name 'translate'.

4       <mat-card-title>{{'WELCOME' | translate}}</mat-card-title>
                                      ~~~~~~~~~

  src/app/routes/sessions/login/login.component.ts:17:16
    17   templateUrl: './login.component.html',
                      ~~~~~~~~~~~~~~~~~~~~~~~~
    Error occurs in the template of component LoginComponent.


Error: src/app/routes/sessions/login/login.component.html:7:5 - error NG8001: 'mat-card-content' is not a known element:
1. If 'mat-card-content' is an Angular component, then verify that it is part of this module.
2. If 'mat-card-content' is a Web Component then add 'CUSTOM_ELEMENTS_SCHEMA' to the '@NgModule.schemas' of this component 
to suppress this message.

7     <mat-card-content>
      ~~~~~~~~~~~~~~~~~~

  src/app/routes/sessions/login/login.component.ts:17:16
    17   templateUrl: './login.component.html',
                      ~~~~~~~~~~~~~~~~~~~~~~~~
    Error occurs in the template of component LoginComponent.


Error: src/app/routes/sessions/login/login.component.html:8:37 - error NG8002: Can't bind to 'formGroup' since it isn't a 
known property of 'form'.

8       <form class="form-field-full" [formGroup]="loginForm" (ngSubmit)="login()">
                                      ~~~~~~~~~~~~~~~~~~~~~~~

  src/app/routes/sessions/login/login.component.ts:17:16
    17   templateUrl: './login.component.html',
                      ~~~~~~~~~~~~~~~~~~~~~~~~
    Error occurs in the template of component LoginComponent.


Error: src/app/routes/sessions/login/login.component.html:9:9 - error NG8001: 'mat-form-field' is not a known element:
1. If 'mat-form-field' is an Angular component, then verify that it is part of this module.
2. If 'mat-form-field' is a Web Component then add 'CUSTOM_ELEMENTS_SCHEMA' to the '@NgModule.schemas' of this component 
to suppress this message.

9         <mat-form-field appearance="outline" class="full-width">
          ~~~~~~~~~~~~~~~~~~~~~~~~~~~~~~~~~~~~~~~~~~~~~~~~~~~~~~~~

  src/app/routes/sessions/login/login.component.ts:17:16
    17   templateUrl: './login.component.html',
                      ~~~~~~~~~~~~~~~~~~~~~~~~
    Error occurs in the template of component LoginComponent.


Error: src/app/routes/sessions/login/login.component.html:10:11 - error NG8001: 'mat-label' is not a known element:
1. If 'mat-label' is an Angular component, then verify that it is part of this module.
2. If 'mat-label' is a Web Component then add 'CUSTOM_ELEMENTS_SCHEMA' to the '@NgModule.schemas' of this component to 
suppress this message.

10           <mat-label>Username or Email</mat-label>
             ~~~~~~~~~~~

  src/app/routes/sessions/login/login.component.ts:17:16
    17   templateUrl: './login.component.html',
                      ~~~~~~~~~~~~~~~~~~~~~~~~
    Error occurs in the template of component LoginComponent.


Error: src/app/routes/sessions/login/login.component.html:16:11 - error NG8001: 'mat-icon' is not a known element:
1. If 'mat-icon' is an Angular component, then verify that it is part of this module.
2. If 'mat-icon' is a Web Component then add 'CUSTOM_ELEMENTS_SCHEMA' to the '@NgModule.schemas' of this component to 
suppress this message.

16           <mat-icon matPrefix>person</mat-icon>
             ~~~~~~~~~~~~~~~~~~~~

  src/app/routes/sessions/login/login.component.ts:17:16
    17   templateUrl: './login.component.html',
                      ~~~~~~~~~~~~~~~~~~~~~~~~
    Error occurs in the template of component LoginComponent.


Error: src/app/routes/sessions/login/login.component.html:17:11 - error NG8001: 'mat-error' is not a known element:
1. If 'mat-error' is an Angular component, then verify that it is part of this module.
2. If 'mat-error' is a Web Component then add 'CUSTOM_ELEMENTS_SCHEMA' to the '@NgModule.schemas' of this component to 
suppress this message.

17           <mat-error *ngIf="username.invalid && username.touched">
             ~~~~~~~~~~~~~~~~~~~~~~~~~~~~~~~~~~~~~~~~~~~~~~~~~~~~~~~~

  src/app/routes/sessions/login/login.component.ts:17:16
    17   templateUrl: './login.component.html',
                      ~~~~~~~~~~~~~~~~~~~~~~~~
    Error occurs in the template of component LoginComponent.


Error: src/app/routes/sessions/login/login.component.html:23:9 - error NG8001: 'mat-form-field' is not a known element:
1. If 'mat-form-field' is an Angular component, then verify that it is part of this module.
2. If 'mat-form-field' is a Web Component then add 'CUSTOM_ELEMENTS_SCHEMA' to the '@NgModule.schemas' of this component 
to suppress this message.

23         <mat-form-field appearance="outline" class="full-width">
           ~~~~~~~~~~~~~~~~~~~~~~~~~~~~~~~~~~~~~~~~~~~~~~~~~~~~~~~~

  src/app/routes/sessions/login/login.component.ts:17:16
    17   templateUrl: './login.component.html',
                      ~~~~~~~~~~~~~~~~~~~~~~~~
    Error occurs in the template of component LoginComponent.


Error: src/app/routes/sessions/login/login.component.html:24:11 - error NG8001: 'mat-label' is not a known element:
1. If 'mat-label' is an Angular component, then verify that it is part of this module.
2. If 'mat-label' is a Web Component then add 'CUSTOM_ELEMENTS_SCHEMA' to the '@NgModule.schemas' of this component to 
suppress this message.

24           <mat-label>Password</mat-label>
             ~~~~~~~~~~~

  src/app/routes/sessions/login/login.component.ts:17:16
    17   templateUrl: './login.component.html',
                      ~~~~~~~~~~~~~~~~~~~~~~~~
    Error occurs in the template of component LoginComponent.


Error: src/app/routes/sessions/login/login.component.html:31:11 - error NG8001: 'mat-icon' is not a known element:
1. If 'mat-icon' is an Angular component, then verify that it is part of this module.
2. If 'mat-icon' is a Web Component then add 'CUSTOM_ELEMENTS_SCHEMA' to the '@NgModule.schemas' of this component to 
suppress this message.

31           <mat-icon matPrefix>lock</mat-icon>
             ~~~~~~~~~~~~~~~~~~~~

  src/app/routes/sessions/login/login.component.ts:17:16
    17   templateUrl: './login.component.html',
                      ~~~~~~~~~~~~~~~~~~~~~~~~
    Error occurs in the template of component LoginComponent.


Error: src/app/routes/sessions/login/login.component.html:37:13 - error NG8001: 'mat-icon' is not a known element:
1. If 'mat-icon' is an Angular component, then verify that it is part of this module.
2. If 'mat-icon' is a Web Component then add 'CUSTOM_ELEMENTS_SCHEMA' to the '@NgModule.schemas' of this component to 
suppress this message.

37             <mat-icon>{{hidePassword ? 'visibility_off' : 'visibility'}}</mat-icon>
               ~~~~~~~~~~

  src/app/routes/sessions/login/login.component.ts:17:16
    17   templateUrl: './login.component.html',
                      ~~~~~~~~~~~~~~~~~~~~~~~~
    Error occurs in the template of component LoginComponent.


Error: src/app/routes/sessions/login/login.component.html:39:11 - error NG8001: 'mat-error' is not a known element:
1. If 'mat-error' is an Angular component, then verify that it is part of this module.
2. If 'mat-error' is a Web Component then add 'CUSTOM_ELEMENTS_SCHEMA' to the '@NgModule.schemas' of this component to 
suppress this message.

39           <mat-error *ngIf="password.invalid && password.touched">
             ~~~~~~~~~~~~~~~~~~~~~~~~~~~~~~~~~~~~~~~~~~~~~~~~~~~~~~~~

  src/app/routes/sessions/login/login.component.ts:17:16
    17   templateUrl: './login.component.html',
                      ~~~~~~~~~~~~~~~~~~~~~~~~
    Error occurs in the template of component LoginComponent.


Error: src/app/routes/sessions/login/login.component.html:46:11 - error NG8001: 'mat-checkbox' is not a known element:
1. If 'mat-checkbox' is an Angular component, then verify that it is part of this module.
2. If 'mat-checkbox' is a Web Component then add 'CUSTOM_ELEMENTS_SCHEMA' to the '@NgModule.schemas' of this component to 
suppress this message.

46           <mat-checkbox formControlName="rememberMe">
             ~~~~~~~~~~~~~~~~~~~~~~~~~~~~~~~~~~~~~~~~~~~

  src/app/routes/sessions/login/login.component.ts:17:16
    17   templateUrl: './login.component.html',
                      ~~~~~~~~~~~~~~~~~~~~~~~~
    Error occurs in the template of component LoginComponent.


Error: src/app/routes/sessions/login/login.component.html:47:31 - error NG8004: No pipe found with name 'translate'.

47             {{'remember_me' | translate}}
                                 ~~~~~~~~~

  src/app/routes/sessions/login/login.component.ts:17:16
    17   templateUrl: './login.component.html',
                      ~~~~~~~~~~~~~~~~~~~~~~~~
    Error occurs in the template of component LoginComponent.


Error: src/app/routes/sessions/login/login.component.html:60:11 - error NG8002: Can't bind to 'loading' since it isn't a 
known property of 'button'.

60           [loading]="isSubmitting">
             ~~~~~~~~~~~~~~~~~~~~~~~~

  src/app/routes/sessions/login/login.component.ts:17:16
    17   templateUrl: './login.component.html',
                      ~~~~~~~~~~~~~~~~~~~~~~~~
    Error occurs in the template of component LoginComponent.


Error: src/app/routes/sessions/login/login.component.html:61:11 - error NG8001: 'mat-icon' is not a known element:
1. If 'mat-icon' is an Angular component, then verify that it is part of this module.
2. If 'mat-icon' is a Web Component then add 'CUSTOM_ELEMENTS_SCHEMA' to the '@NgModule.schemas' of this component to 
suppress this message.

61           <mat-icon>login</mat-icon>
             ~~~~~~~~~~

  src/app/routes/sessions/login/login.component.ts:17:16
    17   templateUrl: './login.component.html',
                      ~~~~~~~~~~~~~~~~~~~~~~~~
    Error occurs in the template of component LoginComponent.


Error: src/app/routes/sessions/login/login.component.html:62:23 - error NG8004: No pipe found with name 'translate'.

62           {{'login' | translate}}
                         ~~~~~~~~~

  src/app/routes/sessions/login/login.component.ts:17:16
    17   templateUrl: './login.component.html',
                      ~~~~~~~~~~~~~~~~~~~~~~~~
    Error occurs in the template of component LoginComponent.


Error: src/app/routes/sessions/login/login.component.html:66:33 - error NG8004: No pipe found with name 'translate'.

66           {{'have_no_account' | translate}}?
                                   ~~~~~~~~~

  src/app/routes/sessions/login/login.component.ts:17:16
    17   templateUrl: './login.component.html',
                      ~~~~~~~~~~~~~~~~~~~~~~~~
    Error occurs in the template of component LoginComponent.


Error: src/app/routes/sessions/login/login.component.html:67:67 - error NG8004: No pipe found with name 'translate'.

67           <a routerLink="/auth/register">{{'create_one_account' | translate}}</a>
                                                                     ~~~~~~~~~

  src/app/routes/sessions/login/login.component.ts:17:16
    17   templateUrl: './login.component.html',
                      ~~~~~~~~~~~~~~~~~~~~~~~~
    Error occurs in the template of component LoginComponent.


Error: src/app/routes/sessions/register/register.component.html:2:3 - error NG8001: 'mat-card' is not a known element:
1. If 'mat-card' is an Angular component, then verify that it is part of this module.
2. If 'mat-card' is a Web Component then add 'CUSTOM_ELEMENTS_SCHEMA' to the '@NgModule.schemas' of this component to 
suppress this message.

2   <mat-card class="register-card">
    ~~~~~~~~~~~~~~~~~~~~~~~~~~~~~~~~

  src/app/routes/sessions/register/register.component.ts:33:16
    33   templateUrl: './register.component.html',
                      ~~~~~~~~~~~~~~~~~~~~~~~~~~~
    Error occurs in the template of component RegisterComponent.


Error: src/app/routes/sessions/register/register.component.html:5:5 - error NG8001: 'mat-card-header' is not a known 
element:
1. If 'mat-card-header' is an Angular component, then verify that it is part of this module.
2. If 'mat-card-header' is a Web Component then add 'CUSTOM_ELEMENTS_SCHEMA' to the '@NgModule.schemas' of this component 
to suppress this message.

5     <mat-card-header class="register-header">
      ~~~~~~~~~~~~~~~~~~~~~~~~~~~~~~~~~~~~~~~~~

  src/app/routes/sessions/register/register.component.ts:33:16
    33   templateUrl: './register.component.html',
                      ~~~~~~~~~~~~~~~~~~~~~~~~~~~
    Error occurs in the template of component RegisterComponent.


Error: src/app/routes/sessions/register/register.component.html:7:9 - error NG8001: 'mat-icon' is not a known element:
1. If 'mat-icon' is an Angular component, then verify that it is part of this module.
2. If 'mat-icon' is a Web Component then add 'CUSTOM_ELEMENTS_SCHEMA' to the '@NgModule.schemas' of this component to 
suppress this message.

7         <mat-icon>person_add</mat-icon>
          ~~~~~~~~~~

  src/app/routes/sessions/register/register.component.ts:33:16
    33   templateUrl: './register.component.html',
                      ~~~~~~~~~~~~~~~~~~~~~~~~~~~
    Error occurs in the template of component RegisterComponent.


Error: src/app/routes/sessions/register/register.component.html:9:7 - error NG8001: 'mat-card-title' is not a known 
element:
1. If 'mat-card-title' is an Angular component, then verify that it is part of this module.
2. If 'mat-card-title' is a Web Component then add 'CUSTOM_ELEMENTS_SCHEMA' to the '@NgModule.schemas' of this component 
to suppress this message.

9       <mat-card-title>{{ 'register_welcome' | translate }}</mat-card-title>
        ~~~~~~~~~~~~~~~~

  src/app/routes/sessions/register/register.component.ts:33:16
    33   templateUrl: './register.component.html',
                      ~~~~~~~~~~~~~~~~~~~~~~~~~~~
    Error occurs in the template of component RegisterComponent.


Error: src/app/routes/sessions/register/register.component.html:9:47 - error NG8004: No pipe found with name 'translate'.

9       <mat-card-title>{{ 'register_welcome' | translate }}</mat-card-title>
                                                ~~~~~~~~~

  src/app/routes/sessions/register/register.component.ts:33:16
    33   templateUrl: './register.component.html',
                      ~~~~~~~~~~~~~~~~~~~~~~~~~~~
    Error occurs in the template of component RegisterComponent.


Error: src/app/routes/sessions/register/register.component.html:10:7 - error NG8001: 'mat-card-subtitle' is not a known 
element:
1. If 'mat-card-subtitle' is an Angular component, then verify that it is part of this module.
2. If 'mat-card-subtitle' is a Web Component then add 'CUSTOM_ELEMENTS_SCHEMA' to the '@NgModule.schemas' of this 
component to suppress this message.

10       <mat-card-subtitle>{{ 'register_title' | translate }}</mat-card-subtitle>
         ~~~~~~~~~~~~~~~~~~~

  src/app/routes/sessions/register/register.component.ts:33:16
    33   templateUrl: './register.component.html',
                      ~~~~~~~~~~~~~~~~~~~~~~~~~~~
    Error occurs in the template of component RegisterComponent.


Error: src/app/routes/sessions/register/register.component.html:10:48 - error NG8004: No pipe found with name 'translate'.

10       <mat-card-subtitle>{{ 'register_title' | translate }}</mat-card-subtitle>
                                                  ~~~~~~~~~

  src/app/routes/sessions/register/register.component.ts:33:16
    33   templateUrl: './register.component.html',
                      ~~~~~~~~~~~~~~~~~~~~~~~~~~~
    Error occurs in the template of component RegisterComponent.


Error: src/app/routes/sessions/register/register.component.html:13:5 - error NG8001: 'mat-card-content' is not a known 
element:
1. If 'mat-card-content' is an Angular component, then verify that it is part of this module.
2. If 'mat-card-content' is a Web Component then add 'CUSTOM_ELEMENTS_SCHEMA' to the '@NgModule.schemas' of this component 
to suppress this message.

13     <mat-card-content>
       ~~~~~~~~~~~~~~~~~~

  src/app/routes/sessions/register/register.component.ts:33:16
    33   templateUrl: './register.component.html',
                      ~~~~~~~~~~~~~~~~~~~~~~~~~~~
    Error occurs in the template of component RegisterComponent.


Error: src/app/routes/sessions/register/register.component.html:14:13 - error NG8002: Can't bind to 'formGroup' since it 
isn't a known property of 'form'.

14       <form [formGroup]="registerForm">
               ~~~~~~~~~~~~~~~~~~~~~~~~~~

  src/app/routes/sessions/register/register.component.ts:33:16
    33   templateUrl: './register.component.html',
                      ~~~~~~~~~~~~~~~~~~~~~~~~~~~
    Error occurs in the template of component RegisterComponent.


Error: src/app/routes/sessions/register/register.component.html:15:9 - error NG8001: 'mat-stepper' is not a known element:
1. If 'mat-stepper' is an Angular component, then verify that it is part of this module.
2. If 'mat-stepper' is a Web Component then add 'CUSTOM_ELEMENTS_SCHEMA' to the '@NgModule.schemas' of this component to 
suppress this message.

15         <mat-stepper #stepper linear class="custom-stepper">
           ~~~~~~~~~~~~~~~~~~~~~~~~~~~~~~~~~~~~~~~~~~~~~~~~~~~~

  src/app/routes/sessions/register/register.component.ts:33:16
    33   templateUrl: './register.component.html',
                      ~~~~~~~~~~~~~~~~~~~~~~~~~~~
    Error occurs in the template of component RegisterComponent.


Error: src/app/routes/sessions/register/register.component.html:20:11 - error NG8001: 'mat-step' is not a known element:
1. If 'mat-step' is an Angular component, then verify that it is part of this module.
2. If 'mat-step' is a Web Component then add 'CUSTOM_ELEMENTS_SCHEMA' to the '@NgModule.schemas' of this component to 
suppress this message.

20           <mat-step [stepControl]="personal" label="Personal">
             ~~~~~~~~~~~~~~~~~~~~~~~~~~~~~~~~~~~~~~~~~~~~~~~~~~~~

  src/app/routes/sessions/register/register.component.ts:33:16
    33   templateUrl: './register.component.html',
                      ~~~~~~~~~~~~~~~~~~~~~~~~~~~
    Error occurs in the template of component RegisterComponent.


Error: src/app/routes/sessions/register/register.component.html:20:21 - error NG8002: Can't bind to 'stepControl' since it 
isn't a known property of 'mat-step'.
1. If 'mat-step' is an Angular component and it has 'stepControl' input, then verify that it is part of this module.
2. If 'mat-step' is a Web Component then add 'CUSTOM_ELEMENTS_SCHEMA' to the '@NgModule.schemas' of this component to 
suppress this message.
3. To allow any property add 'NO_ERRORS_SCHEMA' to the '@NgModule.schemas' of this component.

20           <mat-step [stepControl]="personal" label="Personal">
                       ~~~~~~~~~~~~~~~~~~~~~~~~

  src/app/routes/sessions/register/register.component.ts:33:16
    33   templateUrl: './register.component.html',
                      ~~~~~~~~~~~~~~~~~~~~~~~~~~~
    Error occurs in the template of component RegisterComponent.


Error: src/app/routes/sessions/register/register.component.html:29:17 - error NG8001: 'mat-form-field' is not a known 
element:
1. If 'mat-form-field' is an Angular component, then verify that it is part of this module.
2. If 'mat-form-field' is a Web Component then add 'CUSTOM_ELEMENTS_SCHEMA' to the '@NgModule.schemas' of this component 
to suppress this message.

29                 <mat-form-field appearance="outline">
                   ~~~~~~~~~~~~~~~~~~~~~~~~~~~~~~~~~~~~~

  src/app/routes/sessions/register/register.component.ts:33:16
    33   templateUrl: './register.component.html',
                      ~~~~~~~~~~~~~~~~~~~~~~~~~~~
    Error occurs in the template of component RegisterComponent.


Error: src/app/routes/sessions/register/register.component.html:30:19 - error NG8001: 'mat-label' is not a known element:
1. If 'mat-label' is an Angular component, then verify that it is part of this module.
2. If 'mat-label' is a Web Component then add 'CUSTOM_ELEMENTS_SCHEMA' to the '@NgModule.schemas' of this component to 
suppress this message.

30                   <mat-label>First Name</mat-label>
                     ~~~~~~~~~~~

  src/app/routes/sessions/register/register.component.ts:33:16
    33   templateUrl: './register.component.html',
                      ~~~~~~~~~~~~~~~~~~~~~~~~~~~
    Error occurs in the template of component RegisterComponent.


Error: src/app/routes/sessions/register/register.component.html:31:19 - error NG8001: 'mat-icon' is not a known element:
1. If 'mat-icon' is an Angular component, then verify that it is part of this module.
2. If 'mat-icon' is a Web Component then add 'CUSTOM_ELEMENTS_SCHEMA' to the '@NgModule.schemas' of this component to 
suppress this message.

31                   <mat-icon matPrefix>person</mat-icon>
                     ~~~~~~~~~~~~~~~~~~~~

  src/app/routes/sessions/register/register.component.ts:33:16
    33   templateUrl: './register.component.html',
                      ~~~~~~~~~~~~~~~~~~~~~~~~~~~
    Error occurs in the template of component RegisterComponent.


Error: src/app/routes/sessions/register/register.component.html:33:19 - error NG8001: 'mat-error' is not a known element:
1. If 'mat-error' is an Angular component, then verify that it is part of this module.
2. If 'mat-error' is a Web Component then add 'CUSTOM_ELEMENTS_SCHEMA' to the '@NgModule.schemas' of this component to 
suppress this message.

33                   <mat-error *ngIf="personal.get('firstName')?.invalid">
                     ~~~~~~~~~~~~~~~~~~~~~~~~~~~~~~~~~~~~~~~~~~~~~~~~~~~~~~

  src/app/routes/sessions/register/register.component.ts:33:16
    33   templateUrl: './register.component.html',
                      ~~~~~~~~~~~~~~~~~~~~~~~~~~~
    Error occurs in the template of component RegisterComponent.


Error: src/app/routes/sessions/register/register.component.html:34:111 - error NG8004: No pipe found with name 'translate'.

34                     <span *ngIf="personal.get('firstName')?.errors?.['required']">{{ 'validations.required' | translate 
}}</span>
                                                                                                                 ~~~~~~~~~

  src/app/routes/sessions/register/register.component.ts:33:16
    33   templateUrl: './register.component.html',
                      ~~~~~~~~~~~~~~~~~~~~~~~~~~~
    Error occurs in the template of component RegisterComponent.


Error: src/app/routes/sessions/register/register.component.html:35:113 - error NG8004: No pipe found with name 'translate'.

35                     <span *ngIf="personal.get('firstName')?.errors?.['minlength']">{{ 'validations.minlength' | 
translate:{ number: 2 } }}</span>
                                                                                                                   
~~~~~~~~~

  src/app/routes/sessions/register/register.component.ts:33:16
    33   templateUrl: './register.component.html',
                      ~~~~~~~~~~~~~~~~~~~~~~~~~~~
    Error occurs in the template of component RegisterComponent.


Error: src/app/routes/sessions/register/register.component.html:36:113 - error NG8004: No pipe found with name 'translate'.

36                     <span *ngIf="personal.get('firstName')?.errors?.['maxlength']">{{ 'validations.maxlength' | 
translate:{ number: 50 } }}</span>
                                                                                                                   
~~~~~~~~~

  src/app/routes/sessions/register/register.component.ts:33:16
    33   templateUrl: './register.component.html',
                      ~~~~~~~~~~~~~~~~~~~~~~~~~~~
    Error occurs in the template of component RegisterComponent.


Error: src/app/routes/sessions/register/register.component.html:41:17 - error NG8001: 'mat-form-field' is not a known 
element:
1. If 'mat-form-field' is an Angular component, then verify that it is part of this module.
2. If 'mat-form-field' is a Web Component then add 'CUSTOM_ELEMENTS_SCHEMA' to the '@NgModule.schemas' of this component 
to suppress this message.

41                 <mat-form-field appearance="outline">
                   ~~~~~~~~~~~~~~~~~~~~~~~~~~~~~~~~~~~~~

  src/app/routes/sessions/register/register.component.ts:33:16
    33   templateUrl: './register.component.html',
                      ~~~~~~~~~~~~~~~~~~~~~~~~~~~
    Error occurs in the template of component RegisterComponent.


Error: src/app/routes/sessions/register/register.component.html:42:19 - error NG8001: 'mat-label' is not a known element:
1. If 'mat-label' is an Angular component, then verify that it is part of this module.
2. If 'mat-label' is a Web Component then add 'CUSTOM_ELEMENTS_SCHEMA' to the '@NgModule.schemas' of this component to 
suppress this message.

42                   <mat-label>Last Name</mat-label>
                     ~~~~~~~~~~~

  src/app/routes/sessions/register/register.component.ts:33:16
    33   templateUrl: './register.component.html',
                      ~~~~~~~~~~~~~~~~~~~~~~~~~~~
    Error occurs in the template of component RegisterComponent.


Error: src/app/routes/sessions/register/register.component.html:43:19 - error NG8001: 'mat-icon' is not a known element:
1. If 'mat-icon' is an Angular component, then verify that it is part of this module.
2. If 'mat-icon' is a Web Component then add 'CUSTOM_ELEMENTS_SCHEMA' to the '@NgModule.schemas' of this component to 
suppress this message.

43                   <mat-icon matPrefix>person_outline</mat-icon>
                     ~~~~~~~~~~~~~~~~~~~~

  src/app/routes/sessions/register/register.component.ts:33:16
    33   templateUrl: './register.component.html',
                      ~~~~~~~~~~~~~~~~~~~~~~~~~~~
    Error occurs in the template of component RegisterComponent.


Error: src/app/routes/sessions/register/register.component.html:45:19 - error NG8001: 'mat-error' is not a known element:
1. If 'mat-error' is an Angular component, then verify that it is part of this module.
2. If 'mat-error' is a Web Component then add 'CUSTOM_ELEMENTS_SCHEMA' to the '@NgModule.schemas' of this component to 
suppress this message.

45                   <mat-error *ngIf="personal.get('lastName')?.invalid">
                     ~~~~~~~~~~~~~~~~~~~~~~~~~~~~~~~~~~~~~~~~~~~~~~~~~~~~~

  src/app/routes/sessions/register/register.component.ts:33:16
    33   templateUrl: './register.component.html',
                      ~~~~~~~~~~~~~~~~~~~~~~~~~~~
    Error occurs in the template of component RegisterComponent.


Error: src/app/routes/sessions/register/register.component.html:46:110 - error NG8004: No pipe found with name 'translate'.

46                     <span *ngIf="personal.get('lastName')?.errors?.['required']">{{ 'validations.required' | translate 
}}</span>
                                                                                                                ~~~~~~~~~

  src/app/routes/sessions/register/register.component.ts:33:16
    33   templateUrl: './register.component.html',
                      ~~~~~~~~~~~~~~~~~~~~~~~~~~~
    Error occurs in the template of component RegisterComponent.


Error: src/app/routes/sessions/register/register.component.html:47:112 - error NG8004: No pipe found with name 'translate'.

47                     <span *ngIf="personal.get('lastName')?.errors?.['minlength']">{{ 'validations.minlength' | 
translate:{ number: 2 } }}</span>
                                                                                                                  ~~~~~~~~~

  src/app/routes/sessions/register/register.component.ts:33:16
    33   templateUrl: './register.component.html',
                      ~~~~~~~~~~~~~~~~~~~~~~~~~~~
    Error occurs in the template of component RegisterComponent.


Error: src/app/routes/sessions/register/register.component.html:52:17 - error NG8001: 'mat-form-field' is not a known 
element:
1. If 'mat-form-field' is an Angular component, then verify that it is part of this module.
2. If 'mat-form-field' is a Web Component then add 'CUSTOM_ELEMENTS_SCHEMA' to the '@NgModule.schemas' of this component 
to suppress this message.

52                 <mat-form-field appearance="outline">
                   ~~~~~~~~~~~~~~~~~~~~~~~~~~~~~~~~~~~~~

  src/app/routes/sessions/register/register.component.ts:33:16
    33   templateUrl: './register.component.html',
                      ~~~~~~~~~~~~~~~~~~~~~~~~~~~
    Error occurs in the template of component RegisterComponent.


Error: src/app/routes/sessions/register/register.component.html:53:19 - error NG8001: 'mat-label' is not a known element:
1. If 'mat-label' is an Angular component, then verify that it is part of this module.
2. If 'mat-label' is a Web Component then add 'CUSTOM_ELEMENTS_SCHEMA' to the '@NgModule.schemas' of this component to 
suppress this message.

53                   <mat-label>Date of Birth</mat-label>
                     ~~~~~~~~~~~

  src/app/routes/sessions/register/register.component.ts:33:16
    33   templateUrl: './register.component.html',
                      ~~~~~~~~~~~~~~~~~~~~~~~~~~~
    Error occurs in the template of component RegisterComponent.


Error: src/app/routes/sessions/register/register.component.html:54:19 - error NG8001: 'mat-icon' is not a known element:
1. If 'mat-icon' is an Angular component, then verify that it is part of this module.
2. If 'mat-icon' is a Web Component then add 'CUSTOM_ELEMENTS_SCHEMA' to the '@NgModule.schemas' of this component to 
suppress this message.

54                   <mat-icon matPrefix>cake</mat-icon>
                     ~~~~~~~~~~~~~~~~~~~~

  src/app/routes/sessions/register/register.component.ts:33:16
    33   templateUrl: './register.component.html',
                      ~~~~~~~~~~~~~~~~~~~~~~~~~~~
    Error occurs in the template of component RegisterComponent.


Error: src/app/routes/sessions/register/register.component.html:55:35 - error NG8002: Can't bind to 'matDatepicker' since 
it isn't a known property of 'input'.

55                   <input matInput [matDatepicker]="birthPicker" formControlName="birthDate" readonly />
                                     ~~~~~~~~~~~~~~~~~~~~~~~~~~~~~

  src/app/routes/sessions/register/register.component.ts:33:16
    33   templateUrl: './register.component.html',
                      ~~~~~~~~~~~~~~~~~~~~~~~~~~~
    Error occurs in the template of component RegisterComponent.


Error: src/app/routes/sessions/register/register.component.html:56:19 - error NG8001: 'mat-datepicker-toggle' is not a 
known element:
1. If 'mat-datepicker-toggle' is an Angular component, then verify that it is part of this module.
2. If 'mat-datepicker-toggle' is a Web Component then add 'CUSTOM_ELEMENTS_SCHEMA' to the '@NgModule.schemas' of this 
component to suppress this message.

56                   <mat-datepicker-toggle matSuffix [for]="birthPicker"></mat-datepicker-toggle>
                     ~~~~~~~~~~~~~~~~~~~~~~~~~~~~~~~~~~~~~~~~~~~~~~~~~~~~~

  src/app/routes/sessions/register/register.component.ts:33:16
    33   templateUrl: './register.component.html',
                      ~~~~~~~~~~~~~~~~~~~~~~~~~~~
    Error occurs in the template of component RegisterComponent.


Error: src/app/routes/sessions/register/register.component.html:56:52 - error NG8002: Can't bind to 'htmlFor' since it 
isn't a known property of 'mat-datepicker-toggle'.
1. If 'mat-datepicker-toggle' is an Angular component and it has 'htmlFor' input, then verify that it is part of this 
module.
2. If 'mat-datepicker-toggle' is a Web Component then add 'CUSTOM_ELEMENTS_SCHEMA' to the '@NgModule.schemas' of this 
component to suppress this message.
3. To allow any property add 'NO_ERRORS_SCHEMA' to the '@NgModule.schemas' of this component.

56                   <mat-datepicker-toggle matSuffix [for]="birthPicker"></mat-datepicker-toggle>
                                                      ~~~~~~~~~~~~~~~~~~~

  src/app/routes/sessions/register/register.component.ts:33:16
    33   templateUrl: './register.component.html',
                      ~~~~~~~~~~~~~~~~~~~~~~~~~~~
    Error occurs in the template of component RegisterComponent.


Error: src/app/routes/sessions/register/register.component.html:57:19 - error NG8001: 'mat-datepicker' is not a known 
element:
1. If 'mat-datepicker' is an Angular component, then verify that it is part of this module.
2. If 'mat-datepicker' is a Web Component then add 'CUSTOM_ELEMENTS_SCHEMA' to the '@NgModule.schemas' of this component 
to suppress this message.

57                   <mat-datepicker #birthPicker startView="multi-year"></mat-datepicker>
                     ~~~~~~~~~~~~~~~~~~~~~~~~~~~~~~~~~~~~~~~~~~~~~~~~~~~~

  src/app/routes/sessions/register/register.component.ts:33:16
    33   templateUrl: './register.component.html',
                      ~~~~~~~~~~~~~~~~~~~~~~~~~~~
    Error occurs in the template of component RegisterComponent.


Error: src/app/routes/sessions/register/register.component.html:58:19 - error NG8001: 'mat-error' is not a known element:
1. If 'mat-error' is an Angular component, then verify that it is part of this module.
2. If 'mat-error' is a Web Component then add 'CUSTOM_ELEMENTS_SCHEMA' to the '@NgModule.schemas' of this component to 
suppress this message.

58                   <mat-error *ngIf="personal.get('birthDate')?.invalid">{{ 'validations.required' | translate 
}}</mat-error>
                     ~~~~~~~~~~~~~~~~~~~~~~~~~~~~~~~~~~~~~~~~~~~~~~~~~~~~~~

  src/app/routes/sessions/register/register.component.ts:33:16
    33   templateUrl: './register.component.html',
                      ~~~~~~~~~~~~~~~~~~~~~~~~~~~
    Error occurs in the template of component RegisterComponent.


Error: src/app/routes/sessions/register/register.component.html:58:101 - error NG8004: No pipe found with name 'translate'.

58                   <mat-error *ngIf="personal.get('birthDate')?.invalid">{{ 'validations.required' | translate 
}}</mat-error>
                                                                                                       ~~~~~~~~~

  src/app/routes/sessions/register/register.component.ts:33:16
    33   templateUrl: './register.component.html',
                      ~~~~~~~~~~~~~~~~~~~~~~~~~~~
    Error occurs in the template of component RegisterComponent.


Error: src/app/routes/sessions/register/register.component.html:62:17 - error NG8001: 'mat-form-field' is not a known 
element:
1. If 'mat-form-field' is an Angular component, then verify that it is part of this module.
2. If 'mat-form-field' is a Web Component then add 'CUSTOM_ELEMENTS_SCHEMA' to the '@NgModule.schemas' of this component 
to suppress this message.

62                 <mat-form-field appearance="outline">
                   ~~~~~~~~~~~~~~~~~~~~~~~~~~~~~~~~~~~~~

  src/app/routes/sessions/register/register.component.ts:33:16
    33   templateUrl: './register.component.html',
                      ~~~~~~~~~~~~~~~~~~~~~~~~~~~
    Error occurs in the template of component RegisterComponent.


Error: src/app/routes/sessions/register/register.component.html:63:19 - error NG8001: 'mat-label' is not a known element:
1. If 'mat-label' is an Angular component, then verify that it is part of this module.
2. If 'mat-label' is a Web Component then add 'CUSTOM_ELEMENTS_SCHEMA' to the '@NgModule.schemas' of this component to 
suppress this message.

63                   <mat-label>Gender</mat-label>
                     ~~~~~~~~~~~

  src/app/routes/sessions/register/register.component.ts:33:16
    33   templateUrl: './register.component.html',
                      ~~~~~~~~~~~~~~~~~~~~~~~~~~~
    Error occurs in the template of component RegisterComponent.


Error: src/app/routes/sessions/register/register.component.html:64:19 - error NG8001: 'mat-icon' is not a known element:
1. If 'mat-icon' is an Angular component, then verify that it is part of this module.
2. If 'mat-icon' is a Web Component then add 'CUSTOM_ELEMENTS_SCHEMA' to the '@NgModule.schemas' of this component to 
suppress this message.

64                   <mat-icon matPrefix>wc</mat-icon>
                     ~~~~~~~~~~~~~~~~~~~~

  src/app/routes/sessions/register/register.component.ts:33:16
    33   templateUrl: './register.component.html',
                      ~~~~~~~~~~~~~~~~~~~~~~~~~~~
    Error occurs in the template of component RegisterComponent.


Error: src/app/routes/sessions/register/register.component.html:65:19 - error NG8001: 'mat-select' is not a known element:
1. If 'mat-select' is an Angular component, then verify that it is part of this module.
2. If 'mat-select' is a Web Component then add 'CUSTOM_ELEMENTS_SCHEMA' to the '@NgModule.schemas' of this component to 
suppress this message.

65                   <mat-select formControlName="gender">
                     ~~~~~~~~~~~~~~~~~~~~~~~~~~~~~~~~~~~~~

  src/app/routes/sessions/register/register.component.ts:33:16
    33   templateUrl: './register.component.html',
                      ~~~~~~~~~~~~~~~~~~~~~~~~~~~
    Error occurs in the template of component RegisterComponent.


Error: src/app/routes/sessions/register/register.component.html:66:21 - error NG8001: 'mat-option' is not a known element:
1. If 'mat-option' is an Angular component, then verify that it is part of this module.
2. If 'mat-option' is a Web Component then add 'CUSTOM_ELEMENTS_SCHEMA' to the '@NgModule.schemas' of this component to 
suppress this message.

66                     <mat-option value="MALE">Male</mat-option>
                       ~~~~~~~~~~~~~~~~~~~~~~~~~

  src/app/routes/sessions/register/register.component.ts:33:16
    33   templateUrl: './register.component.html',
                      ~~~~~~~~~~~~~~~~~~~~~~~~~~~
    Error occurs in the template of component RegisterComponent.


Error: src/app/routes/sessions/register/register.component.html:67:21 - error NG8001: 'mat-option' is not a known element:
1. If 'mat-option' is an Angular component, then verify that it is part of this module.
2. If 'mat-option' is a Web Component then add 'CUSTOM_ELEMENTS_SCHEMA' to the '@NgModule.schemas' of this component to 
suppress this message.

67                     <mat-option value="FEMALE">Female</mat-option>
                       ~~~~~~~~~~~~~~~~~~~~~~~~~~~

  src/app/routes/sessions/register/register.component.ts:33:16
    33   templateUrl: './register.component.html',
                      ~~~~~~~~~~~~~~~~~~~~~~~~~~~
    Error occurs in the template of component RegisterComponent.


Error: src/app/routes/sessions/register/register.component.html:70:19 - error NG8001: 'mat-error' is not a known element:
1. If 'mat-error' is an Angular component, then verify that it is part of this module.
2. If 'mat-error' is a Web Component then add 'CUSTOM_ELEMENTS_SCHEMA' to the '@NgModule.schemas' of this component to 
suppress this message.

70                   <mat-error *ngIf="personal.get('gender')?.invalid">{{ 'validations.required' | translate 
}}</mat-error>
                     ~~~~~~~~~~~~~~~~~~~~~~~~~~~~~~~~~~~~~~~~~~~~~~~~~~~

  src/app/routes/sessions/register/register.component.ts:33:16
    33   templateUrl: './register.component.html',
                      ~~~~~~~~~~~~~~~~~~~~~~~~~~~
    Error occurs in the template of component RegisterComponent.


Error: src/app/routes/sessions/register/register.component.html:70:98 - error NG8004: No pipe found with name 'translate'.

70                   <mat-error *ngIf="personal.get('gender')?.invalid">{{ 'validations.required' | translate 
}}</mat-error>
                                                                                                    ~~~~~~~~~

  src/app/routes/sessions/register/register.component.ts:33:16
    33   templateUrl: './register.component.html',
                      ~~~~~~~~~~~~~~~~~~~~~~~~~~~
    Error occurs in the template of component RegisterComponent.


Error: src/app/routes/sessions/register/register.component.html:74:17 - error NG8001: 'mat-form-field' is not a known 
element:
1. If 'mat-form-field' is an Angular component, then verify that it is part of this module.
2. If 'mat-form-field' is a Web Component then add 'CUSTOM_ELEMENTS_SCHEMA' to the '@NgModule.schemas' of this component 
to suppress this message.

74                 <mat-form-field appearance="outline">
                   ~~~~~~~~~~~~~~~~~~~~~~~~~~~~~~~~~~~~~

  src/app/routes/sessions/register/register.component.ts:33:16
    33   templateUrl: './register.component.html',
                      ~~~~~~~~~~~~~~~~~~~~~~~~~~~
    Error occurs in the template of component RegisterComponent.


Error: src/app/routes/sessions/register/register.component.html:75:19 - error NG8001: 'mat-label' is not a known element:
1. If 'mat-label' is an Angular component, then verify that it is part of this module.
2. If 'mat-label' is a Web Component then add 'CUSTOM_ELEMENTS_SCHEMA' to the '@NgModule.schemas' of this component to 
suppress this message.

75                   <mat-label>National ID</mat-label>
                     ~~~~~~~~~~~

  src/app/routes/sessions/register/register.component.ts:33:16
    33   templateUrl: './register.component.html',
                      ~~~~~~~~~~~~~~~~~~~~~~~~~~~
    Error occurs in the template of component RegisterComponent.


Error: src/app/routes/sessions/register/register.component.html:76:19 - error NG8001: 'mat-icon' is not a known element:
1. If 'mat-icon' is an Angular component, then verify that it is part of this module.
2. If 'mat-icon' is a Web Component then add 'CUSTOM_ELEMENTS_SCHEMA' to the '@NgModule.schemas' of this component to 
suppress this message.

76                   <mat-icon matPrefix>badge</mat-icon>
                     ~~~~~~~~~~~~~~~~~~~~

  src/app/routes/sessions/register/register.component.ts:33:16
    33   templateUrl: './register.component.html',
                      ~~~~~~~~~~~~~~~~~~~~~~~~~~~
    Error occurs in the template of component RegisterComponent.


Error: src/app/routes/sessions/register/register.component.html:78:19 - error NG8001: 'mat-hint' is not a known element:
1. If 'mat-hint' is an Angular component, then verify that it is part of this module.
2. If 'mat-hint' is a Web Component then add 'CUSTOM_ELEMENTS_SCHEMA' to the '@NgModule.schemas' of this component to 
suppress this message.

78                   <mat-hint>8 digits</mat-hint>
                     ~~~~~~~~~~

  src/app/routes/sessions/register/register.component.ts:33:16
    33   templateUrl: './register.component.html',
                      ~~~~~~~~~~~~~~~~~~~~~~~~~~~
    Error occurs in the template of component RegisterComponent.


Error: src/app/routes/sessions/register/register.component.html:79:19 - error NG8001: 'mat-error' is not a known element:
1. If 'mat-error' is an Angular component, then verify that it is part of this module.
2. If 'mat-error' is a Web Component then add 'CUSTOM_ELEMENTS_SCHEMA' to the '@NgModule.schemas' of this component to 
suppress this message.

79                   <mat-error *ngIf="personal.get('nationalId')?.invalid">
                     ~~~~~~~~~~~~~~~~~~~~~~~~~~~~~~~~~~~~~~~~~~~~~~~~~~~~~~~

  src/app/routes/sessions/register/register.component.ts:33:16
    33   templateUrl: './register.component.html',
                      ~~~~~~~~~~~~~~~~~~~~~~~~~~~
    Error occurs in the template of component RegisterComponent.


Error: src/app/routes/sessions/register/register.component.html:80:112 - error NG8004: No pipe found with name 'translate'.

80                     <span *ngIf="personal.get('nationalId')?.errors?.['required']">{{ 'validations.required' | 
translate }}</span>
                                                                                                                  ~~~~~~~~~

  src/app/routes/sessions/register/register.component.ts:33:16
    33   templateUrl: './register.component.html',
                      ~~~~~~~~~~~~~~~~~~~~~~~~~~~
    Error occurs in the template of component RegisterComponent.


Error: src/app/routes/sessions/register/register.component.html:86:17 - error NG8001: 'mat-form-field' is not a known 
element:
1. If 'mat-form-field' is an Angular component, then verify that it is part of this module.
2. If 'mat-form-field' is a Web Component then add 'CUSTOM_ELEMENTS_SCHEMA' to the '@NgModule.schemas' of this component 
to suppress this message.

86                 <mat-form-field appearance="outline">
                   ~~~~~~~~~~~~~~~~~~~~~~~~~~~~~~~~~~~~~

  src/app/routes/sessions/register/register.component.ts:33:16
    33   templateUrl: './register.component.html',
                      ~~~~~~~~~~~~~~~~~~~~~~~~~~~
    Error occurs in the template of component RegisterComponent.


Error: src/app/routes/sessions/register/register.component.html:87:19 - error NG8001: 'mat-label' is not a known element:
1. If 'mat-label' is an Angular component, then verify that it is part of this module.
2. If 'mat-label' is a Web Component then add 'CUSTOM_ELEMENTS_SCHEMA' to the '@NgModule.schemas' of this component to 
suppress this message.

87                   <mat-label>Nationality</mat-label>
                     ~~~~~~~~~~~

  src/app/routes/sessions/register/register.component.ts:33:16
    33   templateUrl: './register.component.html',
                      ~~~~~~~~~~~~~~~~~~~~~~~~~~~
    Error occurs in the template of component RegisterComponent.


Error: src/app/routes/sessions/register/register.component.html:88:19 - error NG8001: 'mat-icon' is not a known element:
1. If 'mat-icon' is an Angular component, then verify that it is part of this module.
2. If 'mat-icon' is a Web Component then add 'CUSTOM_ELEMENTS_SCHEMA' to the '@NgModule.schemas' of this component to 
suppress this message.

88                   <mat-icon matPrefix>flag</mat-icon>
                     ~~~~~~~~~~~~~~~~~~~~

  src/app/routes/sessions/register/register.component.ts:33:16
    33   templateUrl: './register.component.html',
                      ~~~~~~~~~~~~~~~~~~~~~~~~~~~
    Error occurs in the template of component RegisterComponent.


Error: src/app/routes/sessions/register/register.component.html:89:19 - error NG8001: 'mat-select' is not a known element:
1. If 'mat-select' is an Angular component, then verify that it is part of this module.
2. If 'mat-select' is a Web Component then add 'CUSTOM_ELEMENTS_SCHEMA' to the '@NgModule.schemas' of this component to 
suppress this message.

89                   <mat-select formControlName="nationality">
                     ~~~~~~~~~~~~~~~~~~~~~~~~~~~~~~~~~~~~~~~~~~

  src/app/routes/sessions/register/register.component.ts:33:16
    33   templateUrl: './register.component.html',
                      ~~~~~~~~~~~~~~~~~~~~~~~~~~~
    Error occurs in the template of component RegisterComponent.


Error: src/app/routes/sessions/register/register.component.html:90:21 - error NG8001: 'mat-option' is not a known element:
1. If 'mat-option' is an Angular component, then verify that it is part of this module.
2. If 'mat-option' is a Web Component then add 'CUSTOM_ELEMENTS_SCHEMA' to the '@NgModule.schemas' of this component to 
suppress this message.

90                     <mat-option value="Tunisian">Tunisian</mat-option>
                       ~~~~~~~~~~~~~~~~~~~~~~~~~~~~~

  src/app/routes/sessions/register/register.component.ts:33:16
    33   templateUrl: './register.component.html',
                      ~~~~~~~~~~~~~~~~~~~~~~~~~~~
    Error occurs in the template of component RegisterComponent.


Error: src/app/routes/sessions/register/register.component.html:91:21 - error NG8001: 'mat-option' is not a known element:
1. If 'mat-option' is an Angular component, then verify that it is part of this module.
2. If 'mat-option' is a Web Component then add 'CUSTOM_ELEMENTS_SCHEMA' to the '@NgModule.schemas' of this component to 
suppress this message.

91                     <mat-option value="Algerian">Algerian</mat-option>
                       ~~~~~~~~~~~~~~~~~~~~~~~~~~~~~

  src/app/routes/sessions/register/register.component.ts:33:16
    33   templateUrl: './register.component.html',
                      ~~~~~~~~~~~~~~~~~~~~~~~~~~~
    Error occurs in the template of component RegisterComponent.


Error: src/app/routes/sessions/register/register.component.html:92:21 - error NG8001: 'mat-option' is not a known element:
1. If 'mat-option' is an Angular component, then verify that it is part of this module.
2. If 'mat-option' is a Web Component then add 'CUSTOM_ELEMENTS_SCHEMA' to the '@NgModule.schemas' of this component to 
suppress this message.

92                     <mat-option value="Moroccan">Moroccan</mat-option>
                       ~~~~~~~~~~~~~~~~~~~~~~~~~~~~~

  src/app/routes/sessions/register/register.component.ts:33:16
    33   templateUrl: './register.component.html',
                      ~~~~~~~~~~~~~~~~~~~~~~~~~~~
    Error occurs in the template of component RegisterComponent.


Error: src/app/routes/sessions/register/register.component.html:93:21 - error NG8001: 'mat-option' is not a known element:
1. If 'mat-option' is an Angular component, then verify that it is part of this module.
2. If 'mat-option' is a Web Component then add 'CUSTOM_ELEMENTS_SCHEMA' to the '@NgModule.schemas' of this component to 
suppress this message.

93                     <mat-option value="Egyptian">Egyptian</mat-option>
                       ~~~~~~~~~~~~~~~~~~~~~~~~~~~~~

  src/app/routes/sessions/register/register.component.ts:33:16
    33   templateUrl: './register.component.html',
                      ~~~~~~~~~~~~~~~~~~~~~~~~~~~
    Error occurs in the template of component RegisterComponent.


Error: src/app/routes/sessions/register/register.component.html:94:21 - error NG8001: 'mat-option' is not a known element:
1. If 'mat-option' is an Angular component, then verify that it is part of this module.
2. If 'mat-option' is a Web Component then add 'CUSTOM_ELEMENTS_SCHEMA' to the '@NgModule.schemas' of this component to 
suppress this message.

94                     <mat-option value="Libyan">Libyan</mat-option>
                       ~~~~~~~~~~~~~~~~~~~~~~~~~~~

  src/app/routes/sessions/register/register.component.ts:33:16
    33   templateUrl: './register.component.html',
                      ~~~~~~~~~~~~~~~~~~~~~~~~~~~
    Error occurs in the template of component RegisterComponent.


Error: src/app/routes/sessions/register/register.component.html:95:21 - error NG8001: 'mat-option' is not a known element:
1. If 'mat-option' is an Angular component, then verify that it is part of this module.
2. If 'mat-option' is a Web Component then add 'CUSTOM_ELEMENTS_SCHEMA' to the '@NgModule.schemas' of this component to 
suppress this message.

95                     <mat-option value="French">French</mat-option>
                       ~~~~~~~~~~~~~~~~~~~~~~~~~~~

  src/app/routes/sessions/register/register.component.ts:33:16
    33   templateUrl: './register.component.html',
                      ~~~~~~~~~~~~~~~~~~~~~~~~~~~
    Error occurs in the template of component RegisterComponent.


Error: src/app/routes/sessions/register/register.component.html:96:21 - error NG8001: 'mat-option' is not a known element:
1. If 'mat-option' is an Angular component, then verify that it is part of this module.
2. If 'mat-option' is a Web Component then add 'CUSTOM_ELEMENTS_SCHEMA' to the '@NgModule.schemas' of this component to 
suppress this message.

96                     <mat-option value="German">German</mat-option>
                       ~~~~~~~~~~~~~~~~~~~~~~~~~~~

  src/app/routes/sessions/register/register.component.ts:33:16
    33   templateUrl: './register.component.html',
                      ~~~~~~~~~~~~~~~~~~~~~~~~~~~
    Error occurs in the template of component RegisterComponent.


Error: src/app/routes/sessions/register/register.component.html:97:21 - error NG8001: 'mat-option' is not a known element:
1. If 'mat-option' is an Angular component, then verify that it is part of this module.
2. If 'mat-option' is a Web Component then add 'CUSTOM_ELEMENTS_SCHEMA' to the '@NgModule.schemas' of this component to 
suppress this message.

97                     <mat-option value="British">British</mat-option>
                       ~~~~~~~~~~~~~~~~~~~~~~~~~~~~

  src/app/routes/sessions/register/register.component.ts:33:16
    33   templateUrl: './register.component.html',
                      ~~~~~~~~~~~~~~~~~~~~~~~~~~~
    Error occurs in the template of component RegisterComponent.


Error: src/app/routes/sessions/register/register.component.html:98:21 - error NG8001: 'mat-option' is not a known element:
1. If 'mat-option' is an Angular component, then verify that it is part of this module.
2. If 'mat-option' is a Web Component then add 'CUSTOM_ELEMENTS_SCHEMA' to the '@NgModule.schemas' of this component to 
suppress this message.

98                     <mat-option value="American">American</mat-option>
                       ~~~~~~~~~~~~~~~~~~~~~~~~~~~~~

  src/app/routes/sessions/register/register.component.ts:33:16
    33   templateUrl: './register.component.html',
                      ~~~~~~~~~~~~~~~~~~~~~~~~~~~
    Error occurs in the template of component RegisterComponent.


Error: src/app/routes/sessions/register/register.component.html:99:21 - error NG8001: 'mat-option' is not a known element:
1. If 'mat-option' is an Angular component, then verify that it is part of this module.
2. If 'mat-option' is a Web Component then add 'CUSTOM_ELEMENTS_SCHEMA' to the '@NgModule.schemas' of this component to 
suppress this message.

99                     <mat-option value="Canadian">Canadian</mat-option>
                       ~~~~~~~~~~~~~~~~~~~~~~~~~~~~~

  src/app/routes/sessions/register/register.component.ts:33:16
    33   templateUrl: './register.component.html',
                      ~~~~~~~~~~~~~~~~~~~~~~~~~~~
    Error occurs in the template of component RegisterComponent.


Error: src/app/routes/sessions/register/register.component.html:100:21 - error NG8001: 'mat-option' is not a known element:
1. If 'mat-option' is an Angular component, then verify that it is part of this module.
2. If 'mat-option' is a Web Component then add 'CUSTOM_ELEMENTS_SCHEMA' to the '@NgModule.schemas' of this component to 
suppress this message.

100                     <mat-option value="Italian">Italian</mat-option>
                        ~~~~~~~~~~~~~~~~~~~~~~~~~~~~

  src/app/routes/sessions/register/register.component.ts:33:16
    33   templateUrl: './register.component.html',
                      ~~~~~~~~~~~~~~~~~~~~~~~~~~~
    Error occurs in the template of component RegisterComponent.


Error: src/app/routes/sessions/register/register.component.html:101:21 - error NG8001: 'mat-option' is not a known element:
1. If 'mat-option' is an Angular component, then verify that it is part of this module.
2. If 'mat-option' is a Web Component then add 'CUSTOM_ELEMENTS_SCHEMA' to the '@NgModule.schemas' of this component to 
suppress this message.

101                     <mat-option value="Spanish">Spanish</mat-option>
                        ~~~~~~~~~~~~~~~~~~~~~~~~~~~~

  src/app/routes/sessions/register/register.component.ts:33:16
    33   templateUrl: './register.component.html',
                      ~~~~~~~~~~~~~~~~~~~~~~~~~~~
    Error occurs in the template of component RegisterComponent.


Error: src/app/routes/sessions/register/register.component.html:102:21 - error NG8001: 'mat-option' is not a known element:
1. If 'mat-option' is an Angular component, then verify that it is part of this module.
2. If 'mat-option' is a Web Component then add 'CUSTOM_ELEMENTS_SCHEMA' to the '@NgModule.schemas' of this component to 
suppress this message.

102                     <mat-option value="Turkish">Turkish</mat-option>
                        ~~~~~~~~~~~~~~~~~~~~~~~~~~~~

  src/app/routes/sessions/register/register.component.ts:33:16
    33   templateUrl: './register.component.html',
                      ~~~~~~~~~~~~~~~~~~~~~~~~~~~
    Error occurs in the template of component RegisterComponent.


Error: src/app/routes/sessions/register/register.component.html:103:21 - error NG8001: 'mat-option' is not a known element:
1. If 'mat-option' is an Angular component, then verify that it is part of this module.
2. If 'mat-option' is a Web Component then add 'CUSTOM_ELEMENTS_SCHEMA' to the '@NgModule.schemas' of this component to 
suppress this message.

103                     <mat-option value="Saudi">Saudi</mat-option>
                        ~~~~~~~~~~~~~~~~~~~~~~~~~~

  src/app/routes/sessions/register/register.component.ts:33:16
    33   templateUrl: './register.component.html',
                      ~~~~~~~~~~~~~~~~~~~~~~~~~~~
    Error occurs in the template of component RegisterComponent.


Error: src/app/routes/sessions/register/register.component.html:104:21 - error NG8001: 'mat-option' is not a known element:
1. If 'mat-option' is an Angular component, then verify that it is part of this module.
2. If 'mat-option' is a Web Component then add 'CUSTOM_ELEMENTS_SCHEMA' to the '@NgModule.schemas' of this component to 
suppress this message.

104                     <mat-option value="Emirati">Emirati</mat-option>
                        ~~~~~~~~~~~~~~~~~~~~~~~~~~~~

  src/app/routes/sessions/register/register.component.ts:33:16
    33   templateUrl: './register.component.html',
                      ~~~~~~~~~~~~~~~~~~~~~~~~~~~
    Error occurs in the template of component RegisterComponent.


Error: src/app/routes/sessions/register/register.component.html:105:21 - error NG8001: 'mat-option' is not a known element:
1. If 'mat-option' is an Angular component, then verify that it is part of this module.
2. If 'mat-option' is a Web Component then add 'CUSTOM_ELEMENTS_SCHEMA' to the '@NgModule.schemas' of this component to 
suppress this message.

105                     <mat-option value="Other">Other</mat-option>
                        ~~~~~~~~~~~~~~~~~~~~~~~~~~

  src/app/routes/sessions/register/register.component.ts:33:16
    33   templateUrl: './register.component.html',
                      ~~~~~~~~~~~~~~~~~~~~~~~~~~~
    Error occurs in the template of component RegisterComponent.


Error: src/app/routes/sessions/register/register.component.html:107:19 - error NG8001: 'mat-error' is not a known element:
1. If 'mat-error' is an Angular component, then verify that it is part of this module.
2. If 'mat-error' is a Web Component then add 'CUSTOM_ELEMENTS_SCHEMA' to the '@NgModule.schemas' of this component to 
suppress this message.

107                   <mat-error *ngIf="personal.get('nationality')?.invalid">{{ 'validations.required' | translate 
}}</mat-error>
                      ~~~~~~~~~~~~~~~~~~~~~~~~~~~~~~~~~~~~~~~~~~~~~~~~~~~~~~~~

  src/app/routes/sessions/register/register.component.ts:33:16
    33   templateUrl: './register.component.html',
                      ~~~~~~~~~~~~~~~~~~~~~~~~~~~
    Error occurs in the template of component RegisterComponent.


Error: src/app/routes/sessions/register/register.component.html:107:103 - error NG8004: No pipe found with name 
'translate'.

107                   <mat-error *ngIf="personal.get('nationality')?.invalid">{{ 'validations.required' | translate 
}}</mat-error>
                                                                                                          ~~~~~~~~~

  src/app/routes/sessions/register/register.component.ts:33:16
    33   templateUrl: './register.component.html',
                      ~~~~~~~~~~~~~~~~~~~~~~~~~~~
    Error occurs in the template of component RegisterComponent.


Error: src/app/routes/sessions/register/register.component.html:111:17 - error NG8001: 'mat-form-field' is not a known 
element:
1. If 'mat-form-field' is an Angular component, then verify that it is part of this module.
2. If 'mat-form-field' is a Web Component then add 'CUSTOM_ELEMENTS_SCHEMA' to the '@NgModule.schemas' of this component 
to suppress this message.

111                 <mat-form-field appearance="outline" class="full-width">
                    ~~~~~~~~~~~~~~~~~~~~~~~~~~~~~~~~~~~~~~~~~~~~~~~~~~~~~~~~

  src/app/routes/sessions/register/register.component.ts:33:16
    33   templateUrl: './register.component.html',
                      ~~~~~~~~~~~~~~~~~~~~~~~~~~~
    Error occurs in the template of component RegisterComponent.


Error: src/app/routes/sessions/register/register.component.html:112:19 - error NG8001: 'mat-label' is not a known element:
1. If 'mat-label' is an Angular component, then verify that it is part of this module.
2. If 'mat-label' is a Web Component then add 'CUSTOM_ELEMENTS_SCHEMA' to the '@NgModule.schemas' of this component to 
suppress this message.

112                   <mat-label>Marital Status</mat-label>
                      ~~~~~~~~~~~

  src/app/routes/sessions/register/register.component.ts:33:16
    33   templateUrl: './register.component.html',
                      ~~~~~~~~~~~~~~~~~~~~~~~~~~~
    Error occurs in the template of component RegisterComponent.


Error: src/app/routes/sessions/register/register.component.html:113:19 - error NG8001: 'mat-icon' is not a known element:
1. If 'mat-icon' is an Angular component, then verify that it is part of this module.
2. If 'mat-icon' is a Web Component then add 'CUSTOM_ELEMENTS_SCHEMA' to the '@NgModule.schemas' of this component to 
suppress this message.

113                   <mat-icon matPrefix>favorite</mat-icon>
                      ~~~~~~~~~~~~~~~~~~~~

  src/app/routes/sessions/register/register.component.ts:33:16
    33   templateUrl: './register.component.html',
                      ~~~~~~~~~~~~~~~~~~~~~~~~~~~
    Error occurs in the template of component RegisterComponent.


Error: src/app/routes/sessions/register/register.component.html:114:19 - error NG8001: 'mat-select' is not a known element:
1. If 'mat-select' is an Angular component, then verify that it is part of this module.
2. If 'mat-select' is a Web Component then add 'CUSTOM_ELEMENTS_SCHEMA' to the '@NgModule.schemas' of this component to 
suppress this message.

114                   <mat-select formControlName="maritalStatus">
                      ~~~~~~~~~~~~~~~~~~~~~~~~~~~~~~~~~~~~~~~~~~~~

  src/app/routes/sessions/register/register.component.ts:33:16
    33   templateUrl: './register.component.html',
                      ~~~~~~~~~~~~~~~~~~~~~~~~~~~
    Error occurs in the template of component RegisterComponent.


Error: src/app/routes/sessions/register/register.component.html:115:21 - error NG8001: 'mat-option' is not a known element:
1. If 'mat-option' is an Angular component, then verify that it is part of this module.
2. If 'mat-option' is a Web Component then add 'CUSTOM_ELEMENTS_SCHEMA' to the '@NgModule.schemas' of this component to 
suppress this message.

115                     <mat-option value="SINGLE">Single</mat-option>
                        ~~~~~~~~~~~~~~~~~~~~~~~~~~~

  src/app/routes/sessions/register/register.component.ts:33:16
    33   templateUrl: './register.component.html',
                      ~~~~~~~~~~~~~~~~~~~~~~~~~~~
    Error occurs in the template of component RegisterComponent.


Error: src/app/routes/sessions/register/register.component.html:116:21 - error NG8001: 'mat-option' is not a known element:
1. If 'mat-option' is an Angular component, then verify that it is part of this module.
2. If 'mat-option' is a Web Component then add 'CUSTOM_ELEMENTS_SCHEMA' to the '@NgModule.schemas' of this component to 
suppress this message.

116                     <mat-option value="MARRIED">Married</mat-option>
                        ~~~~~~~~~~~~~~~~~~~~~~~~~~~~

  src/app/routes/sessions/register/register.component.ts:33:16
    33   templateUrl: './register.component.html',
                      ~~~~~~~~~~~~~~~~~~~~~~~~~~~
    Error occurs in the template of component RegisterComponent.


Error: src/app/routes/sessions/register/register.component.html:117:21 - error NG8001: 'mat-option' is not a known element:
1. If 'mat-option' is an Angular component, then verify that it is part of this module.
2. If 'mat-option' is a Web Component then add 'CUSTOM_ELEMENTS_SCHEMA' to the '@NgModule.schemas' of this component to 
suppress this message.

117                     <mat-option value="DIVORCED">Divorced</mat-option>
                        ~~~~~~~~~~~~~~~~~~~~~~~~~~~~~

  src/app/routes/sessions/register/register.component.ts:33:16
    33   templateUrl: './register.component.html',
                      ~~~~~~~~~~~~~~~~~~~~~~~~~~~
    Error occurs in the template of component RegisterComponent.


Error: src/app/routes/sessions/register/register.component.html:118:21 - error NG8001: 'mat-option' is not a known element:
1. If 'mat-option' is an Angular component, then verify that it is part of this module.
2. If 'mat-option' is a Web Component then add 'CUSTOM_ELEMENTS_SCHEMA' to the '@NgModule.schemas' of this component to 
suppress this message.

118                     <mat-option value="WIDOWED">Widowed</mat-option>
                        ~~~~~~~~~~~~~~~~~~~~~~~~~~~~

  src/app/routes/sessions/register/register.component.ts:33:16
    33   templateUrl: './register.component.html',
                      ~~~~~~~~~~~~~~~~~~~~~~~~~~~
    Error occurs in the template of component RegisterComponent.


Error: src/app/routes/sessions/register/register.component.html:120:19 - error NG8001: 'mat-error' is not a known element:
1. If 'mat-error' is an Angular component, then verify that it is part of this module.
2. If 'mat-error' is a Web Component then add 'CUSTOM_ELEMENTS_SCHEMA' to the '@NgModule.schemas' of this component to 
suppress this message.

120                   <mat-error *ngIf="personal.get('maritalStatus')?.invalid">{{ 'validations.required' | translate 
}}</mat-error>
                      ~~~~~~~~~~~~~~~~~~~~~~~~~~~~~~~~~~~~~~~~~~~~~~~~~~~~~~~~~~

  src/app/routes/sessions/register/register.component.ts:33:16
    33   templateUrl: './register.component.html',
                      ~~~~~~~~~~~~~~~~~~~~~~~~~~~
    Error occurs in the template of component RegisterComponent.


Error: src/app/routes/sessions/register/register.component.html:120:105 - error NG8004: No pipe found with name 
'translate'.

120                   <mat-error *ngIf="personal.get('maritalStatus')?.invalid">{{ 'validations.required' | translate 
}}</mat-error>
                                                                                                            ~~~~~~~~~

  src/app/routes/sessions/register/register.component.ts:33:16
    33   templateUrl: './register.component.html',
                      ~~~~~~~~~~~~~~~~~~~~~~~~~~~
    Error occurs in the template of component RegisterComponent.


Error: src/app/routes/sessions/register/register.component.html:129:22 - error NG8001: 'mat-icon' is not a known element:
1. If 'mat-icon' is an Angular component, then verify that it is part of this module.
2. If 'mat-icon' is a Web Component then add 'CUSTOM_ELEMENTS_SCHEMA' to the '@NgModule.schemas' of this component to 
suppress this message.

129                 Next <mat-icon>arrow_forward</mat-icon>
                         ~~~~~~~~~~

  src/app/routes/sessions/register/register.component.ts:33:16
    33   templateUrl: './register.component.html',
                      ~~~~~~~~~~~~~~~~~~~~~~~~~~~
    Error occurs in the template of component RegisterComponent.


Error: src/app/routes/sessions/register/register.component.html:137:11 - error NG8001: 'mat-step' is not a known element:
1. If 'mat-step' is an Angular component, then verify that it is part of this module.
2. If 'mat-step' is a Web Component then add 'CUSTOM_ELEMENTS_SCHEMA' to the '@NgModule.schemas' of this component to 
suppress this message.

137           <mat-step [stepControl]="professional" label="Professional">
              ~~~~~~~~~~~~~~~~~~~~~~~~~~~~~~~~~~~~~~~~~~~~~~~~~~~~~~~~~~~~

  src/app/routes/sessions/register/register.component.ts:33:16
    33   templateUrl: './register.component.html',
                      ~~~~~~~~~~~~~~~~~~~~~~~~~~~
    Error occurs in the template of component RegisterComponent.


Error: src/app/routes/sessions/register/register.component.html:137:21 - error NG8002: Can't bind to 'stepControl' since 
it isn't a known property of 'mat-step'.
1. If 'mat-step' is an Angular component and it has 'stepControl' input, then verify that it is part of this module.
2. If 'mat-step' is a Web Component then add 'CUSTOM_ELEMENTS_SCHEMA' to the '@NgModule.schemas' of this component to 
suppress this message.
3. To allow any property add 'NO_ERRORS_SCHEMA' to the '@NgModule.schemas' of this component.

137           <mat-step [stepControl]="professional" label="Professional">
                        ~~~~~~~~~~~~~~~~~~~~~~~~~~~~

  src/app/routes/sessions/register/register.component.ts:33:16
    33   templateUrl: './register.component.html',
                      ~~~~~~~~~~~~~~~~~~~~~~~~~~~
    Error occurs in the template of component RegisterComponent.


Error: src/app/routes/sessions/register/register.component.html:146:17 - error NG8001: 'mat-form-field' is not a known 
element:
1. If 'mat-form-field' is an Angular component, then verify that it is part of this module.
2. If 'mat-form-field' is a Web Component then add 'CUSTOM_ELEMENTS_SCHEMA' to the '@NgModule.schemas' of this component 
to suppress this message.

146                 <mat-form-field appearance="outline">
                    ~~~~~~~~~~~~~~~~~~~~~~~~~~~~~~~~~~~~~

  src/app/routes/sessions/register/register.component.ts:33:16
    33   templateUrl: './register.component.html',
                      ~~~~~~~~~~~~~~~~~~~~~~~~~~~
    Error occurs in the template of component RegisterComponent.


Error: src/app/routes/sessions/register/register.component.html:147:19 - error NG8001: 'mat-label' is not a known element:
1. If 'mat-label' is an Angular component, then verify that it is part of this module.
2. If 'mat-label' is a Web Component then add 'CUSTOM_ELEMENTS_SCHEMA' to the '@NgModule.schemas' of this component to 
suppress this message.

147                   <mat-label>Email Address</mat-label>
                      ~~~~~~~~~~~

  src/app/routes/sessions/register/register.component.ts:33:16
    33   templateUrl: './register.component.html',
                      ~~~~~~~~~~~~~~~~~~~~~~~~~~~
    Error occurs in the template of component RegisterComponent.


Error: src/app/routes/sessions/register/register.component.html:148:19 - error NG8001: 'mat-icon' is not a known element:
1. If 'mat-icon' is an Angular component, then verify that it is part of this module.
2. If 'mat-icon' is a Web Component then add 'CUSTOM_ELEMENTS_SCHEMA' to the '@NgModule.schemas' of this component to 
suppress this message.

148                   <mat-icon matPrefix>email</mat-icon>
                      ~~~~~~~~~~~~~~~~~~~~

  src/app/routes/sessions/register/register.component.ts:33:16
    33   templateUrl: './register.component.html',
                      ~~~~~~~~~~~~~~~~~~~~~~~~~~~
    Error occurs in the template of component RegisterComponent.


Error: src/app/routes/sessions/register/register.component.html:150:19 - error NG8001: 'mat-error' is not a known element:
1. If 'mat-error' is an Angular component, then verify that it is part of this module.
2. If 'mat-error' is a Web Component then add 'CUSTOM_ELEMENTS_SCHEMA' to the '@NgModule.schemas' of this component to 
suppress this message.

150                   <mat-error *ngIf="professional.get('email')?.invalid">
                      ~~~~~~~~~~~~~~~~~~~~~~~~~~~~~~~~~~~~~~~~~~~~~~~~~~~~~~

  src/app/routes/sessions/register/register.component.ts:33:16
    33   templateUrl: './register.component.html',
                      ~~~~~~~~~~~~~~~~~~~~~~~~~~~
    Error occurs in the template of component RegisterComponent.


Error: src/app/routes/sessions/register/register.component.html:151:111 - error NG8004: No pipe found with name 
'translate'.

151                     <span *ngIf="professional.get('email')?.errors?.['required']">{{ 'validations.required' | 
translate }}</span>
                                                                                                                  ~~~~~~~~~

  src/app/routes/sessions/register/register.component.ts:33:16
    33   templateUrl: './register.component.html',
                      ~~~~~~~~~~~~~~~~~~~~~~~~~~~
    Error occurs in the template of component RegisterComponent.


Error: src/app/routes/sessions/register/register.component.html:157:17 - error NG8001: 'mat-form-field' is not a known 
element:
1. If 'mat-form-field' is an Angular component, then verify that it is part of this module.
2. If 'mat-form-field' is a Web Component then add 'CUSTOM_ELEMENTS_SCHEMA' to the '@NgModule.schemas' of this component 
to suppress this message.

157                 <mat-form-field appearance="outline">
                    ~~~~~~~~~~~~~~~~~~~~~~~~~~~~~~~~~~~~~

  src/app/routes/sessions/register/register.component.ts:33:16
    33   templateUrl: './register.component.html',
                      ~~~~~~~~~~~~~~~~~~~~~~~~~~~
    Error occurs in the template of component RegisterComponent.


Error: src/app/routes/sessions/register/register.component.html:158:19 - error NG8001: 'mat-label' is not a known element:
1. If 'mat-label' is an Angular component, then verify that it is part of this module.
2. If 'mat-label' is a Web Component then add 'CUSTOM_ELEMENTS_SCHEMA' to the '@NgModule.schemas' of this component to 
suppress this message.

158                   <mat-label>Phone Number</mat-label>
                      ~~~~~~~~~~~

  src/app/routes/sessions/register/register.component.ts:33:16
    33   templateUrl: './register.component.html',
                      ~~~~~~~~~~~~~~~~~~~~~~~~~~~
    Error occurs in the template of component RegisterComponent.


Error: src/app/routes/sessions/register/register.component.html:159:19 - error NG8001: 'mat-icon' is not a known element:
1. If 'mat-icon' is an Angular component, then verify that it is part of this module.
2. If 'mat-icon' is a Web Component then add 'CUSTOM_ELEMENTS_SCHEMA' to the '@NgModule.schemas' of this component to 
suppress this message.

159                   <mat-icon matPrefix>phone</mat-icon>
                      ~~~~~~~~~~~~~~~~~~~~

  src/app/routes/sessions/register/register.component.ts:33:16
    33   templateUrl: './register.component.html',
                      ~~~~~~~~~~~~~~~~~~~~~~~~~~~
    Error occurs in the template of component RegisterComponent.


Error: src/app/routes/sessions/register/register.component.html:161:19 - error NG8001: 'mat-hint' is not a known element:
1. If 'mat-hint' is an Angular component, then verify that it is part of this module.
2. If 'mat-hint' is a Web Component then add 'CUSTOM_ELEMENTS_SCHEMA' to the '@NgModule.schemas' of this component to 
suppress this message.

161                   <mat-hint>8 digits</mat-hint>
                      ~~~~~~~~~~

  src/app/routes/sessions/register/register.component.ts:33:16
    33   templateUrl: './register.component.html',
                      ~~~~~~~~~~~~~~~~~~~~~~~~~~~
    Error occurs in the template of component RegisterComponent.


Error: src/app/routes/sessions/register/register.component.html:162:19 - error NG8001: 'mat-error' is not a known element:
1. If 'mat-error' is an Angular component, then verify that it is part of this module.
2. If 'mat-error' is a Web Component then add 'CUSTOM_ELEMENTS_SCHEMA' to the '@NgModule.schemas' of this component to 
suppress this message.

162                   <mat-error *ngIf="professional.get('phone')?.invalid">
                      ~~~~~~~~~~~~~~~~~~~~~~~~~~~~~~~~~~~~~~~~~~~~~~~~~~~~~~

  src/app/routes/sessions/register/register.component.ts:33:16
    33   templateUrl: './register.component.html',
                      ~~~~~~~~~~~~~~~~~~~~~~~~~~~
    Error occurs in the template of component RegisterComponent.


Error: src/app/routes/sessions/register/register.component.html:163:111 - error NG8004: No pipe found with name 
'translate'.

163                     <span *ngIf="professional.get('phone')?.errors?.['required']">{{ 'validations.required' | 
translate }}</span>
                                                                                                                  ~~~~~~~~~

  src/app/routes/sessions/register/register.component.ts:33:16
    33   templateUrl: './register.component.html',
                      ~~~~~~~~~~~~~~~~~~~~~~~~~~~
    Error occurs in the template of component RegisterComponent.


Error: src/app/routes/sessions/register/register.component.html:169:17 - error NG8001: 'mat-form-field' is not a known 
element:
1. If 'mat-form-field' is an Angular component, then verify that it is part of this module.
2. If 'mat-form-field' is a Web Component then add 'CUSTOM_ELEMENTS_SCHEMA' to the '@NgModule.schemas' of this component 
to suppress this message.

169                 <mat-form-field appearance="outline" class="full-width">
                    ~~~~~~~~~~~~~~~~~~~~~~~~~~~~~~~~~~~~~~~~~~~~~~~~~~~~~~~~

  src/app/routes/sessions/register/register.component.ts:33:16
    33   templateUrl: './register.component.html',
                      ~~~~~~~~~~~~~~~~~~~~~~~~~~~
    Error occurs in the template of component RegisterComponent.


Error: src/app/routes/sessions/register/register.component.html:170:19 - error NG8001: 'mat-label' is not a known element:
1. If 'mat-label' is an Angular component, then verify that it is part of this module.
2. If 'mat-label' is a Web Component then add 'CUSTOM_ELEMENTS_SCHEMA' to the '@NgModule.schemas' of this component to 
suppress this message.

170                   <mat-label>Address</mat-label>
                      ~~~~~~~~~~~

  src/app/routes/sessions/register/register.component.ts:33:16
    33   templateUrl: './register.component.html',
                      ~~~~~~~~~~~~~~~~~~~~~~~~~~~
    Error occurs in the template of component RegisterComponent.


Error: src/app/routes/sessions/register/register.component.html:171:19 - error NG8001: 'mat-icon' is not a known element:
1. If 'mat-icon' is an Angular component, then verify that it is part of this module.
2. If 'mat-icon' is a Web Component then add 'CUSTOM_ELEMENTS_SCHEMA' to the '@NgModule.schemas' of this component to 
suppress this message.

171                   <mat-icon matPrefix>home</mat-icon>
                      ~~~~~~~~~~~~~~~~~~~~

  src/app/routes/sessions/register/register.component.ts:33:16
    33   templateUrl: './register.component.html',
                      ~~~~~~~~~~~~~~~~~~~~~~~~~~~
    Error occurs in the template of component RegisterComponent.


Error: src/app/routes/sessions/register/register.component.html:176:17 - error NG8001: 'mat-form-field' is not a known 
element:
1. If 'mat-form-field' is an Angular component, then verify that it is part of this module.
2. If 'mat-form-field' is a Web Component then add 'CUSTOM_ELEMENTS_SCHEMA' to the '@NgModule.schemas' of this component 
to suppress this message.

176                 <mat-form-field appearance="outline">
                    ~~~~~~~~~~~~~~~~~~~~~~~~~~~~~~~~~~~~~

  src/app/routes/sessions/register/register.component.ts:33:16
    33   templateUrl: './register.component.html',
                      ~~~~~~~~~~~~~~~~~~~~~~~~~~~
    Error occurs in the template of component RegisterComponent.


Error: src/app/routes/sessions/register/register.component.html:177:19 - error NG8001: 'mat-label' is not a known element:
1. If 'mat-label' is an Angular component, then verify that it is part of this module.
2. If 'mat-label' is a Web Component then add 'CUSTOM_ELEMENTS_SCHEMA' to the '@NgModule.schemas' of this component to 
suppress this message.

177                   <mat-label>Job Title</mat-label>
                      ~~~~~~~~~~~

  src/app/routes/sessions/register/register.component.ts:33:16
    33   templateUrl: './register.component.html',
                      ~~~~~~~~~~~~~~~~~~~~~~~~~~~
    Error occurs in the template of component RegisterComponent.


Error: src/app/routes/sessions/register/register.component.html:178:19 - error NG8001: 'mat-icon' is not a known element:
1. If 'mat-icon' is an Angular component, then verify that it is part of this module.
2. If 'mat-icon' is a Web Component then add 'CUSTOM_ELEMENTS_SCHEMA' to the '@NgModule.schemas' of this component to 
suppress this message.

178                   <mat-icon matPrefix>work</mat-icon>
                      ~~~~~~~~~~~~~~~~~~~~

  src/app/routes/sessions/register/register.component.ts:33:16
    33   templateUrl: './register.component.html',
                      ~~~~~~~~~~~~~~~~~~~~~~~~~~~
    Error occurs in the template of component RegisterComponent.


Error: src/app/routes/sessions/register/register.component.html:183:17 - error NG8001: 'mat-form-field' is not a known 
element:
1. If 'mat-form-field' is an Angular component, then verify that it is part of this module.
2. If 'mat-form-field' is a Web Component then add 'CUSTOM_ELEMENTS_SCHEMA' to the '@NgModule.schemas' of this component 
to suppress this message.

183                 <mat-form-field appearance="outline">
                    ~~~~~~~~~~~~~~~~~~~~~~~~~~~~~~~~~~~~~

  src/app/routes/sessions/register/register.component.ts:33:16
    33   templateUrl: './register.component.html',
                      ~~~~~~~~~~~~~~~~~~~~~~~~~~~
    Error occurs in the template of component RegisterComponent.


Error: src/app/routes/sessions/register/register.component.html:184:19 - error NG8001: 'mat-label' is not a known element:
1. If 'mat-label' is an Angular component, then verify that it is part of this module.
2. If 'mat-label' is a Web Component then add 'CUSTOM_ELEMENTS_SCHEMA' to the '@NgModule.schemas' of this component to 
suppress this message.

184                   <mat-label>Department</mat-label>
                      ~~~~~~~~~~~

  src/app/routes/sessions/register/register.component.ts:33:16
    33   templateUrl: './register.component.html',
                      ~~~~~~~~~~~~~~~~~~~~~~~~~~~
    Error occurs in the template of component RegisterComponent.


Error: src/app/routes/sessions/register/register.component.html:185:19 - error NG8001: 'mat-icon' is not a known element:
1. If 'mat-icon' is an Angular component, then verify that it is part of this module.
2. If 'mat-icon' is a Web Component then add 'CUSTOM_ELEMENTS_SCHEMA' to the '@NgModule.schemas' of this component to 
suppress this message.

185                   <mat-icon matPrefix>business</mat-icon>
                      ~~~~~~~~~~~~~~~~~~~~

  src/app/routes/sessions/register/register.component.ts:33:16
    33   templateUrl: './register.component.html',
                      ~~~~~~~~~~~~~~~~~~~~~~~~~~~
    Error occurs in the template of component RegisterComponent.


Error: src/app/routes/sessions/register/register.component.html:186:19 - error NG8001: 'mat-select' is not a known element:
1. If 'mat-select' is an Angular component, then verify that it is part of this module.
2. If 'mat-select' is a Web Component then add 'CUSTOM_ELEMENTS_SCHEMA' to the '@NgModule.schemas' of this component to 
suppress this message.

186                   <mat-select formControlName="department">
                      ~~~~~~~~~~~~~~~~~~~~~~~~~~~~~~~~~~~~~~~~~

  src/app/routes/sessions/register/register.component.ts:33:16
    33   templateUrl: './register.component.html',
                      ~~~~~~~~~~~~~~~~~~~~~~~~~~~
    Error occurs in the template of component RegisterComponent.


Error: src/app/routes/sessions/register/register.component.html:187:21 - error NG8001: 'mat-option' is not a known element:
1. If 'mat-option' is an Angular component, then verify that it is part of this module.
2. If 'mat-option' is a Web Component then add 'CUSTOM_ELEMENTS_SCHEMA' to the '@NgModule.schemas' of this component to 
suppress this message.

187                     <mat-option *ngFor="let d of departments" [value]="d">{{ d }}</mat-option>
                        ~~~~~~~~~~~~~~~~~~~~~~~~~~~~~~~~~~~~~~~~~~~~~~~~~~~~~~

  src/app/routes/sessions/register/register.component.ts:33:16
    33   templateUrl: './register.component.html',
                      ~~~~~~~~~~~~~~~~~~~~~~~~~~~
    Error occurs in the template of component RegisterComponent.


Error: src/app/routes/sessions/register/register.component.html:187:63 - error NG8002: Can't bind to 'value' since it 
isn't a known property of 'mat-option'.
1. If 'mat-option' is an Angular component and it has 'value' input, then verify that it is part of this module.
2. If 'mat-option' is a Web Component then add 'CUSTOM_ELEMENTS_SCHEMA' to the '@NgModule.schemas' of this component to 
suppress this message.
3. To allow any property add 'NO_ERRORS_SCHEMA' to the '@NgModule.schemas' of this component.

187                     <mat-option *ngFor="let d of departments" [value]="d">{{ d }}</mat-option>
                                                                  ~~~~~~~~~~~

  src/app/routes/sessions/register/register.component.ts:33:16
    33   templateUrl: './register.component.html',
                      ~~~~~~~~~~~~~~~~~~~~~~~~~~~
    Error occurs in the template of component RegisterComponent.


Error: src/app/routes/sessions/register/register.component.html:189:19 - error NG8001: 'mat-error' is not a known element:
1. If 'mat-error' is an Angular component, then verify that it is part of this module.
2. If 'mat-error' is a Web Component then add 'CUSTOM_ELEMENTS_SCHEMA' to the '@NgModule.schemas' of this component to 
suppress this message.

189                   <mat-error *ngIf="professional.get('department')?.invalid">{{ 'validations.required' | translate 
}}</mat-error>
                      ~~~~~~~~~~~~~~~~~~~~~~~~~~~~~~~~~~~~~~~~~~~~~~~~~~~~~~~~~~~

  src/app/routes/sessions/register/register.component.ts:33:16
    33   templateUrl: './register.component.html',
                      ~~~~~~~~~~~~~~~~~~~~~~~~~~~
    Error occurs in the template of component RegisterComponent.


Error: src/app/routes/sessions/register/register.component.html:189:106 - error NG8004: No pipe found with name 
'translate'.

189                   <mat-error *ngIf="professional.get('department')?.invalid">{{ 'validations.required' | translate 
}}</mat-error>
                                                                                                             ~~~~~~~~~

  src/app/routes/sessions/register/register.component.ts:33:16
    33   templateUrl: './register.component.html',
                      ~~~~~~~~~~~~~~~~~~~~~~~~~~~
    Error occurs in the template of component RegisterComponent.


Error: src/app/routes/sessions/register/register.component.html:193:17 - error NG8001: 'mat-form-field' is not a known 
element:
1. If 'mat-form-field' is an Angular component, then verify that it is part of this module.
2. If 'mat-form-field' is a Web Component then add 'CUSTOM_ELEMENTS_SCHEMA' to the '@NgModule.schemas' of this component 
to suppress this message.

193                 <mat-form-field appearance="outline">
                    ~~~~~~~~~~~~~~~~~~~~~~~~~~~~~~~~~~~~~

  src/app/routes/sessions/register/register.component.ts:33:16
    33   templateUrl: './register.component.html',
                      ~~~~~~~~~~~~~~~~~~~~~~~~~~~
    Error occurs in the template of component RegisterComponent.


Error: src/app/routes/sessions/register/register.component.html:194:19 - error NG8001: 'mat-label' is not a known element:
1. If 'mat-label' is an Angular component, then verify that it is part of this module.
2. If 'mat-label' is a Web Component then add 'CUSTOM_ELEMENTS_SCHEMA' to the '@NgModule.schemas' of this component to 
suppress this message.

194                   <mat-label>Service</mat-label>
                      ~~~~~~~~~~~

  src/app/routes/sessions/register/register.component.ts:33:16
    33   templateUrl: './register.component.html',
                      ~~~~~~~~~~~~~~~~~~~~~~~~~~~
    Error occurs in the template of component RegisterComponent.


Error: src/app/routes/sessions/register/register.component.html:195:19 - error NG8001: 'mat-icon' is not a known element:
1. If 'mat-icon' is an Angular component, then verify that it is part of this module.
2. If 'mat-icon' is a Web Component then add 'CUSTOM_ELEMENTS_SCHEMA' to the '@NgModule.schemas' of this component to 
suppress this message.

195                   <mat-icon matPrefix>category</mat-icon>
                      ~~~~~~~~~~~~~~~~~~~~

  src/app/routes/sessions/register/register.component.ts:33:16
    33   templateUrl: './register.component.html',
                      ~~~~~~~~~~~~~~~~~~~~~~~~~~~
    Error occurs in the template of component RegisterComponent.


Error: src/app/routes/sessions/register/register.component.html:200:17 - error NG8001: 'mat-form-field' is not a known 
element:
1. If 'mat-form-field' is an Angular component, then verify that it is part of this module.
2. If 'mat-form-field' is a Web Component then add 'CUSTOM_ELEMENTS_SCHEMA' to the '@NgModule.schemas' of this component 
to suppress this message.

200                 <mat-form-field appearance="outline">
                    ~~~~~~~~~~~~~~~~~~~~~~~~~~~~~~~~~~~~~

  src/app/routes/sessions/register/register.component.ts:33:16
    33   templateUrl: './register.component.html',
                      ~~~~~~~~~~~~~~~~~~~~~~~~~~~
    Error occurs in the template of component RegisterComponent.


Error: src/app/routes/sessions/register/register.component.html:201:19 - error NG8001: 'mat-label' is not a known element:
1. If 'mat-label' is an Angular component, then verify that it is part of this module.
2. If 'mat-label' is a Web Component then add 'CUSTOM_ELEMENTS_SCHEMA' to the '@NgModule.schemas' of this component to 
suppress this message.

201                   <mat-label>Hire Date</mat-label>
                      ~~~~~~~~~~~

  src/app/routes/sessions/register/register.component.ts:33:16
    33   templateUrl: './register.component.html',
                      ~~~~~~~~~~~~~~~~~~~~~~~~~~~
    Error occurs in the template of component RegisterComponent.


Error: src/app/routes/sessions/register/register.component.html:202:19 - error NG8001: 'mat-icon' is not a known element:
1. If 'mat-icon' is an Angular component, then verify that it is part of this module.
2. If 'mat-icon' is a Web Component then add 'CUSTOM_ELEMENTS_SCHEMA' to the '@NgModule.schemas' of this component to 
suppress this message.

202                   <mat-icon matPrefix>event</mat-icon>
                      ~~~~~~~~~~~~~~~~~~~~

  src/app/routes/sessions/register/register.component.ts:33:16
    33   templateUrl: './register.component.html',
                      ~~~~~~~~~~~~~~~~~~~~~~~~~~~
    Error occurs in the template of component RegisterComponent.


Error: src/app/routes/sessions/register/register.component.html:203:35 - error NG8002: Can't bind to 'matDatepicker' since 
it isn't a known property of 'input'.

203                   <input matInput [matDatepicker]="hirePicker" formControlName="hireDate" readonly />
                                      ~~~~~~~~~~~~~~~~~~~~~~~~~~~~

  src/app/routes/sessions/register/register.component.ts:33:16
    33   templateUrl: './register.component.html',
                      ~~~~~~~~~~~~~~~~~~~~~~~~~~~
    Error occurs in the template of component RegisterComponent.


Error: src/app/routes/sessions/register/register.component.html:204:19 - error NG8001: 'mat-datepicker-toggle' is not a 
known element:
1. If 'mat-datepicker-toggle' is an Angular component, then verify that it is part of this module.
2. If 'mat-datepicker-toggle' is a Web Component then add 'CUSTOM_ELEMENTS_SCHEMA' to the '@NgModule.schemas' of this 
component to suppress this message.

204                   <mat-datepicker-toggle matSuffix [for]="hirePicker"></mat-datepicker-toggle>
                      ~~~~~~~~~~~~~~~~~~~~~~~~~~~~~~~~~~~~~~~~~~~~~~~~~~~~

  src/app/routes/sessions/register/register.component.ts:33:16
    33   templateUrl: './register.component.html',
                      ~~~~~~~~~~~~~~~~~~~~~~~~~~~
    Error occurs in the template of component RegisterComponent.


Error: src/app/routes/sessions/register/register.component.html:204:52 - error NG8002: Can't bind to 'htmlFor' since it 
isn't a known property of 'mat-datepicker-toggle'.
1. If 'mat-datepicker-toggle' is an Angular component and it has 'htmlFor' input, then verify that it is part of this 
module.
2. If 'mat-datepicker-toggle' is a Web Component then add 'CUSTOM_ELEMENTS_SCHEMA' to the '@NgModule.schemas' of this 
component to suppress this message.
3. To allow any property add 'NO_ERRORS_SCHEMA' to the '@NgModule.schemas' of this component.

204                   <mat-datepicker-toggle matSuffix [for]="hirePicker"></mat-datepicker-toggle>
                                                       ~~~~~~~~~~~~~~~~~~

  src/app/routes/sessions/register/register.component.ts:33:16
    33   templateUrl: './register.component.html',
                      ~~~~~~~~~~~~~~~~~~~~~~~~~~~
    Error occurs in the template of component RegisterComponent.


Error: src/app/routes/sessions/register/register.component.html:205:19 - error NG8001: 'mat-datepicker' is not a known 
element:
1. If 'mat-datepicker' is an Angular component, then verify that it is part of this module.
2. If 'mat-datepicker' is a Web Component then add 'CUSTOM_ELEMENTS_SCHEMA' to the '@NgModule.schemas' of this component 
to suppress this message.

205                   <mat-datepicker #hirePicker></mat-datepicker>
                      ~~~~~~~~~~~~~~~~~~~~~~~~~~~~

  src/app/routes/sessions/register/register.component.ts:33:16
    33   templateUrl: './register.component.html',
                      ~~~~~~~~~~~~~~~~~~~~~~~~~~~
    Error occurs in the template of component RegisterComponent.


Error: src/app/routes/sessions/register/register.component.html:206:19 - error NG8001: 'mat-error' is not a known element:
1. If 'mat-error' is an Angular component, then verify that it is part of this module.
2. If 'mat-error' is a Web Component then add 'CUSTOM_ELEMENTS_SCHEMA' to the '@NgModule.schemas' of this component to 
suppress this message.

206                   <mat-error *ngIf="professional.get('hireDate')?.invalid">{{ 'validations.required' | translate 
}}</mat-error>
                      ~~~~~~~~~~~~~~~~~~~~~~~~~~~~~~~~~~~~~~~~~~~~~~~~~~~~~~~~~

  src/app/routes/sessions/register/register.component.ts:33:16
    33   templateUrl: './register.component.html',
                      ~~~~~~~~~~~~~~~~~~~~~~~~~~~
    Error occurs in the template of component RegisterComponent.


Error: src/app/routes/sessions/register/register.component.html:206:104 - error NG8004: No pipe found with name 
'translate'.

206                   <mat-error *ngIf="professional.get('hireDate')?.invalid">{{ 'validations.required' | translate 
}}</mat-error>
                                                                                                           ~~~~~~~~~

  src/app/routes/sessions/register/register.component.ts:33:16
    33   templateUrl: './register.component.html',
                      ~~~~~~~~~~~~~~~~~~~~~~~~~~~
    Error occurs in the template of component RegisterComponent.


Error: src/app/routes/sessions/register/register.component.html:210:17 - error NG8001: 'mat-form-field' is not a known 
element:
1. If 'mat-form-field' is an Angular component, then verify that it is part of this module.
2. If 'mat-form-field' is a Web Component then add 'CUSTOM_ELEMENTS_SCHEMA' to the '@NgModule.schemas' of this component 
to suppress this message.

210                 <mat-form-field appearance="outline">
                    ~~~~~~~~~~~~~~~~~~~~~~~~~~~~~~~~~~~~~

  src/app/routes/sessions/register/register.component.ts:33:16
    33   templateUrl: './register.component.html',
                      ~~~~~~~~~~~~~~~~~~~~~~~~~~~
    Error occurs in the template of component RegisterComponent.


Error: src/app/routes/sessions/register/register.component.html:211:19 - error NG8001: 'mat-label' is not a known element:
1. If 'mat-label' is an Angular component, then verify that it is part of this module.
2. If 'mat-label' is a Web Component then add 'CUSTOM_ELEMENTS_SCHEMA' to the '@NgModule.schemas' of this component to 
suppress this message.

211                   <mat-label>Contract Type</mat-label>
                      ~~~~~~~~~~~

  src/app/routes/sessions/register/register.component.ts:33:16
    33   templateUrl: './register.component.html',
                      ~~~~~~~~~~~~~~~~~~~~~~~~~~~
    Error occurs in the template of component RegisterComponent.


Error: src/app/routes/sessions/register/register.component.html:212:19 - error NG8001: 'mat-icon' is not a known element:
1. If 'mat-icon' is an Angular component, then verify that it is part of this module.
2. If 'mat-icon' is a Web Component then add 'CUSTOM_ELEMENTS_SCHEMA' to the '@NgModule.schemas' of this component to 
suppress this message.

212                   <mat-icon matPrefix>description</mat-icon>
                      ~~~~~~~~~~~~~~~~~~~~

  src/app/routes/sessions/register/register.component.ts:33:16
    33   templateUrl: './register.component.html',
                      ~~~~~~~~~~~~~~~~~~~~~~~~~~~
    Error occurs in the template of component RegisterComponent.


Error: src/app/routes/sessions/register/register.component.html:213:19 - error NG8001: 'mat-select' is not a known element:
1. If 'mat-select' is an Angular component, then verify that it is part of this module.
2. If 'mat-select' is a Web Component then add 'CUSTOM_ELEMENTS_SCHEMA' to the '@NgModule.schemas' of this component to 
suppress this message.

213                   <mat-select formControlName="contractType">
                      ~~~~~~~~~~~~~~~~~~~~~~~~~~~~~~~~~~~~~~~~~~~

  src/app/routes/sessions/register/register.component.ts:33:16
    33   templateUrl: './register.component.html',
                      ~~~~~~~~~~~~~~~~~~~~~~~~~~~
    Error occurs in the template of component RegisterComponent.


Error: src/app/routes/sessions/register/register.component.html:214:21 - error NG8001: 'mat-option' is not a known element:
1. If 'mat-option' is an Angular component, then verify that it is part of this module.
2. If 'mat-option' is a Web Component then add 'CUSTOM_ELEMENTS_SCHEMA' to the '@NgModule.schemas' of this component to 
suppress this message.

214                     <mat-option *ngFor="let c of contractTypes" [value]="c">{{ c }}</mat-option>
                        ~~~~~~~~~~~~~~~~~~~~~~~~~~~~~~~~~~~~~~~~~~~~~~~~~~~~~~~~

  src/app/routes/sessions/register/register.component.ts:33:16
    33   templateUrl: './register.component.html',
                      ~~~~~~~~~~~~~~~~~~~~~~~~~~~
    Error occurs in the template of component RegisterComponent.


Error: src/app/routes/sessions/register/register.component.html:214:65 - error NG8002: Can't bind to 'value' since it 
isn't a known property of 'mat-option'.
1. If 'mat-option' is an Angular component and it has 'value' input, then verify that it is part of this module.
2. If 'mat-option' is a Web Component then add 'CUSTOM_ELEMENTS_SCHEMA' to the '@NgModule.schemas' of this component to 
suppress this message.
3. To allow any property add 'NO_ERRORS_SCHEMA' to the '@NgModule.schemas' of this component.

214                     <mat-option *ngFor="let c of contractTypes" [value]="c">{{ c }}</mat-option>
                                                                    ~~~~~~~~~~~

  src/app/routes/sessions/register/register.component.ts:33:16
    33   templateUrl: './register.component.html',
                      ~~~~~~~~~~~~~~~~~~~~~~~~~~~
    Error occurs in the template of component RegisterComponent.


Error: src/app/routes/sessions/register/register.component.html:216:19 - error NG8001: 'mat-error' is not a known element:
1. If 'mat-error' is an Angular component, then verify that it is part of this module.
2. If 'mat-error' is a Web Component then add 'CUSTOM_ELEMENTS_SCHEMA' to the '@NgModule.schemas' of this component to 
suppress this message.

216                   <mat-error *ngIf="professional.get('contractType')?.invalid">{{ 'validations.required' | translate 
}}</mat-error>
                      ~~~~~~~~~~~~~~~~~~~~~~~~~~~~~~~~~~~~~~~~~~~~~~~~~~~~~~~~~~~~~

  src/app/routes/sessions/register/register.component.ts:33:16
    33   templateUrl: './register.component.html',
                      ~~~~~~~~~~~~~~~~~~~~~~~~~~~
    Error occurs in the template of component RegisterComponent.


Error: src/app/routes/sessions/register/register.component.html:216:108 - error NG8004: No pipe found with name 
'translate'.

216                   <mat-error *ngIf="professional.get('contractType')?.invalid">{{ 'validations.required' | translate 
}}</mat-error>
                                                                                                               ~~~~~~~~~

  src/app/routes/sessions/register/register.component.ts:33:16
    33   templateUrl: './register.component.html',
                      ~~~~~~~~~~~~~~~~~~~~~~~~~~~
    Error occurs in the template of component RegisterComponent.


Error: src/app/routes/sessions/register/register.component.html:220:17 - error NG8001: 'mat-form-field' is not a known 
element:
1. If 'mat-form-field' is an Angular component, then verify that it is part of this module.
2. If 'mat-form-field' is a Web Component then add 'CUSTOM_ELEMENTS_SCHEMA' to the '@NgModule.schemas' of this component 
to suppress this message.

220                 <mat-form-field appearance="outline">
                    ~~~~~~~~~~~~~~~~~~~~~~~~~~~~~~~~~~~~~

  src/app/routes/sessions/register/register.component.ts:33:16
    33   templateUrl: './register.component.html',
                      ~~~~~~~~~~~~~~~~~~~~~~~~~~~
    Error occurs in the template of component RegisterComponent.


Error: src/app/routes/sessions/register/register.component.html:221:19 - error NG8001: 'mat-label' is not a known element:
1. If 'mat-label' is an Angular component, then verify that it is part of this module.
2. If 'mat-label' is a Web Component then add 'CUSTOM_ELEMENTS_SCHEMA' to the '@NgModule.schemas' of this component to 
suppress this message.

221                   <mat-label>Contract End Date</mat-label>
                      ~~~~~~~~~~~

  src/app/routes/sessions/register/register.component.ts:33:16
    33   templateUrl: './register.component.html',
                      ~~~~~~~~~~~~~~~~~~~~~~~~~~~
    Error occurs in the template of component RegisterComponent.


Error: src/app/routes/sessions/register/register.component.html:222:19 - error NG8001: 'mat-icon' is not a known element:
1. If 'mat-icon' is an Angular component, then verify that it is part of this module.
2. If 'mat-icon' is a Web Component then add 'CUSTOM_ELEMENTS_SCHEMA' to the '@NgModule.schemas' of this component to 
suppress this message.

222                   <mat-icon matPrefix>event_busy</mat-icon>
                      ~~~~~~~~~~~~~~~~~~~~

  src/app/routes/sessions/register/register.component.ts:33:16
    33   templateUrl: './register.component.html',
                      ~~~~~~~~~~~~~~~~~~~~~~~~~~~
    Error occurs in the template of component RegisterComponent.


Error: src/app/routes/sessions/register/register.component.html:223:35 - error NG8002: Can't bind to 'matDatepicker' since 
it isn't a known property of 'input'.

223                   <input matInput [matDatepicker]="contractEndPicker" formControlName="contractEndDate" readonly />
                                      ~~~~~~~~~~~~~~~~~~~~~~~~~~~~~~~~~~~

  src/app/routes/sessions/register/register.component.ts:33:16
    33   templateUrl: './register.component.html',
                      ~~~~~~~~~~~~~~~~~~~~~~~~~~~
    Error occurs in the template of component RegisterComponent.


Error: src/app/routes/sessions/register/register.component.html:224:19 - error NG8001: 'mat-datepicker-toggle' is not a 
known element:
1. If 'mat-datepicker-toggle' is an Angular component, then verify that it is part of this module.
2. If 'mat-datepicker-toggle' is a Web Component then add 'CUSTOM_ELEMENTS_SCHEMA' to the '@NgModule.schemas' of this 
component to suppress this message.

224                   <mat-datepicker-toggle matSuffix [for]="contractEndPicker"></mat-datepicker-toggle>
                      ~~~~~~~~~~~~~~~~~~~~~~~~~~~~~~~~~~~~~~~~~~~~~~~~~~~~~~~~~~~

  src/app/routes/sessions/register/register.component.ts:33:16
    33   templateUrl: './register.component.html',
                      ~~~~~~~~~~~~~~~~~~~~~~~~~~~
    Error occurs in the template of component RegisterComponent.


Error: src/app/routes/sessions/register/register.component.html:224:52 - error NG8002: Can't bind to 'htmlFor' since it 
isn't a known property of 'mat-datepicker-toggle'.
1. If 'mat-datepicker-toggle' is an Angular component and it has 'htmlFor' input, then verify that it is part of this 
module.
2. If 'mat-datepicker-toggle' is a Web Component then add 'CUSTOM_ELEMENTS_SCHEMA' to the '@NgModule.schemas' of this 
component to suppress this message.
3. To allow any property add 'NO_ERRORS_SCHEMA' to the '@NgModule.schemas' of this component.

224                   <mat-datepicker-toggle matSuffix [for]="contractEndPicker"></mat-datepicker-toggle>
                                                       ~~~~~~~~~~~~~~~~~~~~~~~~~

  src/app/routes/sessions/register/register.component.ts:33:16
    33   templateUrl: './register.component.html',
                      ~~~~~~~~~~~~~~~~~~~~~~~~~~~
    Error occurs in the template of component RegisterComponent.


Error: src/app/routes/sessions/register/register.component.html:225:19 - error NG8001: 'mat-datepicker' is not a known 
element:
1. If 'mat-datepicker' is an Angular component, then verify that it is part of this module.
2. If 'mat-datepicker' is a Web Component then add 'CUSTOM_ELEMENTS_SCHEMA' to the '@NgModule.schemas' of this component 
to suppress this message.

225                   <mat-datepicker #contractEndPicker></mat-datepicker>
                      ~~~~~~~~~~~~~~~~~~~~~~~~~~~~~~~~~~~

  src/app/routes/sessions/register/register.component.ts:33:16
    33   templateUrl: './register.component.html',
                      ~~~~~~~~~~~~~~~~~~~~~~~~~~~
    Error occurs in the template of component RegisterComponent.


Error: src/app/routes/sessions/register/register.component.html:230:17 - error NG8001: 'mat-form-field' is not a known 
element:
1. If 'mat-form-field' is an Angular component, then verify that it is part of this module.
2. If 'mat-form-field' is a Web Component then add 'CUSTOM_ELEMENTS_SCHEMA' to the '@NgModule.schemas' of this component 
to suppress this message.

230                 <mat-form-field appearance="outline">
                    ~~~~~~~~~~~~~~~~~~~~~~~~~~~~~~~~~~~~~

  src/app/routes/sessions/register/register.component.ts:33:16
    33   templateUrl: './register.component.html',
                      ~~~~~~~~~~~~~~~~~~~~~~~~~~~
    Error occurs in the template of component RegisterComponent.


Error: src/app/routes/sessions/register/register.component.html:231:19 - error NG8001: 'mat-label' is not a known element:
1. If 'mat-label' is an Angular component, then verify that it is part of this module.
2. If 'mat-label' is a Web Component then add 'CUSTOM_ELEMENTS_SCHEMA' to the '@NgModule.schemas' of this component to 
suppress this message.

231                   <mat-label>Housing Allowance</mat-label>
                      ~~~~~~~~~~~

  src/app/routes/sessions/register/register.component.ts:33:16
    33   templateUrl: './register.component.html',
                      ~~~~~~~~~~~~~~~~~~~~~~~~~~~
    Error occurs in the template of component RegisterComponent.


Error: src/app/routes/sessions/register/register.component.html:232:19 - error NG8001: 'mat-icon' is not a known element:
1. If 'mat-icon' is an Angular component, then verify that it is part of this module.
2. If 'mat-icon' is a Web Component then add 'CUSTOM_ELEMENTS_SCHEMA' to the '@NgModule.schemas' of this component to 
suppress this message.

232                   <mat-icon matPrefix>house</mat-icon>
                      ~~~~~~~~~~~~~~~~~~~~

  src/app/routes/sessions/register/register.component.ts:33:16
    33   templateUrl: './register.component.html',
                      ~~~~~~~~~~~~~~~~~~~~~~~~~~~
    Error occurs in the template of component RegisterComponent.


Error: src/app/routes/sessions/register/register.component.html:238:17 - error NG8001: 'mat-form-field' is not a known 
element:
1. If 'mat-form-field' is an Angular component, then verify that it is part of this module.
2. If 'mat-form-field' is a Web Component then add 'CUSTOM_ELEMENTS_SCHEMA' to the '@NgModule.schemas' of this component 
to suppress this message.

238                 <mat-form-field appearance="outline">
                    ~~~~~~~~~~~~~~~~~~~~~~~~~~~~~~~~~~~~~

  src/app/routes/sessions/register/register.component.ts:33:16
    33   templateUrl: './register.component.html',
                      ~~~~~~~~~~~~~~~~~~~~~~~~~~~
    Error occurs in the template of component RegisterComponent.


Error: src/app/routes/sessions/register/register.component.html:239:19 - error NG8001: 'mat-label' is not a known element:
1. If 'mat-label' is an Angular component, then verify that it is part of this module.
2. If 'mat-label' is a Web Component then add 'CUSTOM_ELEMENTS_SCHEMA' to the '@NgModule.schemas' of this component to 
suppress this message.

239                   <mat-label>Evaluation Score</mat-label>
                      ~~~~~~~~~~~

  src/app/routes/sessions/register/register.component.ts:33:16
    33   templateUrl: './register.component.html',
                      ~~~~~~~~~~~~~~~~~~~~~~~~~~~
    Error occurs in the template of component RegisterComponent.


Error: src/app/routes/sessions/register/register.component.html:240:19 - error NG8001: 'mat-icon' is not a known element:
1. If 'mat-icon' is an Angular component, then verify that it is part of this module.
2. If 'mat-icon' is a Web Component then add 'CUSTOM_ELEMENTS_SCHEMA' to the '@NgModule.schemas' of this component to 
suppress this message.

240                   <mat-icon matPrefix>star</mat-icon>
                      ~~~~~~~~~~~~~~~~~~~~

  src/app/routes/sessions/register/register.component.ts:33:16
    33   templateUrl: './register.component.html',
                      ~~~~~~~~~~~~~~~~~~~~~~~~~~~
    Error occurs in the template of component RegisterComponent.


Error: src/app/routes/sessions/register/register.component.html:242:19 - error NG8001: 'mat-hint' is not a known element:
1. If 'mat-hint' is an Angular component, then verify that it is part of this module.
2. If 'mat-hint' is a Web Component then add 'CUSTOM_ELEMENTS_SCHEMA' to the '@NgModule.schemas' of this component to 
suppress this message.

242                   <mat-hint>0 ÔÇô 5</mat-hint>
                      ~~~~~~~~~~

  src/app/routes/sessions/register/register.component.ts:33:16
    33   templateUrl: './register.component.html',
                      ~~~~~~~~~~~~~~~~~~~~~~~~~~~
    Error occurs in the template of component RegisterComponent.


Error: src/app/routes/sessions/register/register.component.html:246:17 - error NG8001: 'mat-form-field' is not a known 
element:
1. If 'mat-form-field' is an Angular component, then verify that it is part of this module.
2. If 'mat-form-field' is a Web Component then add 'CUSTOM_ELEMENTS_SCHEMA' to the '@NgModule.schemas' of this component 
to suppress this message.

246                 <mat-form-field appearance="outline">
                    ~~~~~~~~~~~~~~~~~~~~~~~~~~~~~~~~~~~~~

  src/app/routes/sessions/register/register.component.ts:33:16
    33   templateUrl: './register.component.html',
                      ~~~~~~~~~~~~~~~~~~~~~~~~~~~
    Error occurs in the template of component RegisterComponent.


Error: src/app/routes/sessions/register/register.component.html:247:19 - error NG8001: 'mat-label' is not a known element:
1. If 'mat-label' is an Angular component, then verify that it is part of this module.
2. If 'mat-label' is a Web Component then add 'CUSTOM_ELEMENTS_SCHEMA' to the '@NgModule.schemas' of this component to 
suppress this message.

247                   <mat-label>Social Security Number</mat-label>
                      ~~~~~~~~~~~

  src/app/routes/sessions/register/register.component.ts:33:16
    33   templateUrl: './register.component.html',
                      ~~~~~~~~~~~~~~~~~~~~~~~~~~~
    Error occurs in the template of component RegisterComponent.


Error: src/app/routes/sessions/register/register.component.html:248:19 - error NG8001: 'mat-icon' is not a known element:
1. If 'mat-icon' is an Angular component, then verify that it is part of this module.
2. If 'mat-icon' is a Web Component then add 'CUSTOM_ELEMENTS_SCHEMA' to the '@NgModule.schemas' of this component to 
suppress this message.

248                   <mat-icon matPrefix>security</mat-icon>
                      ~~~~~~~~~~~~~~~~~~~~

  src/app/routes/sessions/register/register.component.ts:33:16
    33   templateUrl: './register.component.html',
                      ~~~~~~~~~~~~~~~~~~~~~~~~~~~
    Error occurs in the template of component RegisterComponent.


Error: src/app/routes/sessions/register/register.component.html:250:19 - error NG8001: 'mat-hint' is not a known element:
1. If 'mat-hint' is an Angular component, then verify that it is part of this module.
2. If 'mat-hint' is a Web Component then add 'CUSTOM_ELEMENTS_SCHEMA' to the '@NgModule.schemas' of this component to 
suppress this message.

250                   <mat-hint>10 digits</mat-hint>
                      ~~~~~~~~~~

  src/app/routes/sessions/register/register.component.ts:33:16
    33   templateUrl: './register.component.html',
                      ~~~~~~~~~~~~~~~~~~~~~~~~~~~
    Error occurs in the template of component RegisterComponent.


Error: src/app/routes/sessions/register/register.component.html:254:17 - error NG8001: 'mat-form-field' is not a known 
element:
1. If 'mat-form-field' is an Angular component, then verify that it is part of this module.
2. If 'mat-form-field' is a Web Component then add 'CUSTOM_ELEMENTS_SCHEMA' to the '@NgModule.schemas' of this component 
to suppress this message.

254                 <mat-form-field appearance="outline">
                    ~~~~~~~~~~~~~~~~~~~~~~~~~~~~~~~~~~~~~

  src/app/routes/sessions/register/register.component.ts:33:16
    33   templateUrl: './register.component.html',
                      ~~~~~~~~~~~~~~~~~~~~~~~~~~~
    Error occurs in the template of component RegisterComponent.


Error: src/app/routes/sessions/register/register.component.html:255:19 - error NG8001: 'mat-label' is not a known element:
1. If 'mat-label' is an Angular component, then verify that it is part of this module.
2. If 'mat-label' is a Web Component then add 'CUSTOM_ELEMENTS_SCHEMA' to the '@NgModule.schemas' of this component to 
suppress this message.

255                   <mat-label>Children Count</mat-label>
                      ~~~~~~~~~~~

  src/app/routes/sessions/register/register.component.ts:33:16
    33   templateUrl: './register.component.html',
                      ~~~~~~~~~~~~~~~~~~~~~~~~~~~
    Error occurs in the template of component RegisterComponent.


Error: src/app/routes/sessions/register/register.component.html:256:19 - error NG8001: 'mat-icon' is not a known element:
1. If 'mat-icon' is an Angular component, then verify that it is part of this module.
2. If 'mat-icon' is a Web Component then add 'CUSTOM_ELEMENTS_SCHEMA' to the '@NgModule.schemas' of this component to 
suppress this message.

256                   <mat-icon matPrefix>child_care</mat-icon>
                      ~~~~~~~~~~~~~~~~~~~~

  src/app/routes/sessions/register/register.component.ts:33:16
    33   templateUrl: './register.component.html',
                      ~~~~~~~~~~~~~~~~~~~~~~~~~~~
    Error occurs in the template of component RegisterComponent.


Error: src/app/routes/sessions/register/register.component.html:262:19 - error NG8001: 'mat-icon' is not a known element:
1. If 'mat-icon' is an Angular component, then verify that it is part of this module.
2. If 'mat-icon' is a Web Component then add 'CUSTOM_ELEMENTS_SCHEMA' to the '@NgModule.schemas' of this component to 
suppress this message.

262                   <mat-icon class="toggle-icon">toggle_on</mat-icon>
                      ~~~~~~~~~~~~~~~~~~~~~~~~~~~~~~

  src/app/routes/sessions/register/register.component.ts:33:16
    33   templateUrl: './register.component.html',
                      ~~~~~~~~~~~~~~~~~~~~~~~~~~~
    Error occurs in the template of component RegisterComponent.


Error: src/app/routes/sessions/register/register.component.html:264:19 - error NG8001: 'mat-slide-toggle' is not a known 
element:
1. If 'mat-slide-toggle' is an Angular component, then verify that it is part of this module.
2. If 'mat-slide-toggle' is a Web Component then add 'CUSTOM_ELEMENTS_SCHEMA' to the '@NgModule.schemas' of this component 
to suppress this message.

264                   <mat-slide-toggle formControlName="active" color="primary"></mat-slide-toggle>
                      ~~~~~~~~~~~~~~~~~~~~~~~~~~~~~~~~~~~~~~~~~~~~~~~~~~~~~~~~~~~

  src/app/routes/sessions/register/register.component.ts:33:16
    33   templateUrl: './register.component.html',
                      ~~~~~~~~~~~~~~~~~~~~~~~~~~~
    Error occurs in the template of component RegisterComponent.


Error: src/app/routes/sessions/register/register.component.html:272:17 - error NG8001: 'mat-icon' is not a known element:
1. If 'mat-icon' is an Angular component, then verify that it is part of this module.
2. If 'mat-icon' is a Web Component then add 'CUSTOM_ELEMENTS_SCHEMA' to the '@NgModule.schemas' of this component to 
suppress this message.

272                 <mat-icon>arrow_back</mat-icon> Back
                    ~~~~~~~~~~

  src/app/routes/sessions/register/register.component.ts:33:16
    33   templateUrl: './register.component.html',
                      ~~~~~~~~~~~~~~~~~~~~~~~~~~~
    Error occurs in the template of component RegisterComponent.


Error: src/app/routes/sessions/register/register.component.html:275:22 - error NG8001: 'mat-icon' is not a known element:
1. If 'mat-icon' is an Angular component, then verify that it is part of this module.
2. If 'mat-icon' is a Web Component then add 'CUSTOM_ELEMENTS_SCHEMA' to the '@NgModule.schemas' of this component to 
suppress this message.

275                 Next <mat-icon>arrow_forward</mat-icon>
                         ~~~~~~~~~~

  src/app/routes/sessions/register/register.component.ts:33:16
    33   templateUrl: './register.component.html',
                      ~~~~~~~~~~~~~~~~~~~~~~~~~~~
    Error occurs in the template of component RegisterComponent.


Error: src/app/routes/sessions/register/register.component.html:283:11 - error NG8001: 'mat-step' is not a known element:
1. If 'mat-step' is an Angular component, then verify that it is part of this module.
2. If 'mat-step' is a Web Component then add 'CUSTOM_ELEMENTS_SCHEMA' to the '@NgModule.schemas' of this component to 
suppress this message.

283           <mat-step [stepControl]="account" label="Confirm">
              ~~~~~~~~~~~~~~~~~~~~~~~~~~~~~~~~~~~~~~~~~~~~~~~~~~

  src/app/routes/sessions/register/register.component.ts:33:16
    33   templateUrl: './register.component.html',
                      ~~~~~~~~~~~~~~~~~~~~~~~~~~~
    Error occurs in the template of component RegisterComponent.


Error: src/app/routes/sessions/register/register.component.html:283:21 - error NG8002: Can't bind to 'stepControl' since 
it isn't a known property of 'mat-step'.
1. If 'mat-step' is an Angular component and it has 'stepControl' input, then verify that it is part of this module.
2. If 'mat-step' is a Web Component then add 'CUSTOM_ELEMENTS_SCHEMA' to the '@NgModule.schemas' of this component to 
suppress this message.
3. To allow any property add 'NO_ERRORS_SCHEMA' to the '@NgModule.schemas' of this component.

283           <mat-step [stepControl]="account" label="Confirm">
                        ~~~~~~~~~~~~~~~~~~~~~~~

  src/app/routes/sessions/register/register.component.ts:33:16
    33   templateUrl: './register.component.html',
                      ~~~~~~~~~~~~~~~~~~~~~~~~~~~
    Error occurs in the template of component RegisterComponent.


Error: src/app/routes/sessions/register/register.component.html:313:85 - error NG8004: No pipe found with name 'date'.

313                   <p class="summary-value">{{ professional.get('hireDate')?.value | date:'mediumDate' }}</p>
                                                                                        ~~~~

  src/app/routes/sessions/register/register.component.ts:33:16
    33   templateUrl: './register.component.html',
                      ~~~~~~~~~~~~~~~~~~~~~~~~~~~
    Error occurs in the template of component RegisterComponent.


Error: src/app/routes/sessions/register/register.component.html:319:17 - error NG8001: 'mat-checkbox' is not a known 
element:
1. If 'mat-checkbox' is an Angular component, then verify that it is part of this module.
2. If 'mat-checkbox' is a Web Component then add 'CUSTOM_ELEMENTS_SCHEMA' to the '@NgModule.schemas' of this component to 
suppress this message.

319                 <mat-checkbox formControlName="agreeTerms" color="primary">
                    ~~~~~~~~~~~~~~~~~~~~~~~~~~~~~~~~~~~~~~~~~~~~~~~~~~~~~~~~~~~

  src/app/routes/sessions/register/register.component.ts:33:16
    33   templateUrl: './register.component.html',
                      ~~~~~~~~~~~~~~~~~~~~~~~~~~~
    Error occurs in the template of component RegisterComponent.


Error: src/app/routes/sessions/register/register.component.html:323:17 - error NG8001: 'mat-error' is not a known element:
1. If 'mat-error' is an Angular component, then verify that it is part of this module.
2. If 'mat-error' is a Web Component then add 'CUSTOM_ELEMENTS_SCHEMA' to the '@NgModule.schemas' of this component to 
suppress this message.

323                 <mat-error *ngIf="account.get('agreeTerms')?.invalid && account.get('agreeTerms')?.touched">
                    ~~~~~~~~~~~~~~~~~~~~~~~~~~~~~~~~~~~~~~~~~~~~~~~~~~~~~~~~~~~~~~~~~~~~~~~~~~~~~~~~~~~~~~~~~~~~

  src/app/routes/sessions/register/register.component.ts:33:16
    33   templateUrl: './register.component.html',
                      ~~~~~~~~~~~~~~~~~~~~~~~~~~~
    Error occurs in the template of component RegisterComponent.


Error: src/app/routes/sessions/register/register.component.html:331:17 - error NG8001: 'mat-icon' is not a known element:
1. If 'mat-icon' is an Angular component, then verify that it is part of this module.
2. If 'mat-icon' is a Web Component then add 'CUSTOM_ELEMENTS_SCHEMA' to the '@NgModule.schemas' of this component to 
suppress this message.

331                 <mat-icon>arrow_back</mat-icon> Back
                    ~~~~~~~~~~

  src/app/routes/sessions/register/register.component.ts:33:16
    33   templateUrl: './register.component.html',
                      ~~~~~~~~~~~~~~~~~~~~~~~~~~~
    Error occurs in the template of component RegisterComponent.


Error: src/app/routes/sessions/register/register.component.html:340:17 - error NG8001: 'mat-icon' is not a known element:
1. If 'mat-icon' is an Angular component, then verify that it is part of this module.
2. If 'mat-icon' is a Web Component then add 'CUSTOM_ELEMENTS_SCHEMA' to the '@NgModule.schemas' of this component to 
suppress this message.

340                 <mat-icon *ngIf="!isSubmitting">check_circle</mat-icon>
                    ~~~~~~~~~~~~~~~~~~~~~~~~~~~~~~~~

  src/app/routes/sessions/register/register.component.ts:33:16
    33   templateUrl: './register.component.html',
                      ~~~~~~~~~~~~~~~~~~~~~~~~~~~
    Error occurs in the template of component RegisterComponent.


Error: src/app/routes/sessions/register/register.component.html:341:17 - error NG8001: 'mat-spinner' is not a known 
element:
1. If 'mat-spinner' is an Angular component, then verify that it is part of this module.
2. If 'mat-spinner' is a Web Component then add 'CUSTOM_ELEMENTS_SCHEMA' to the '@NgModule.schemas' of this component to 
suppress this message.

341                 <mat-spinner *ngIf="isSubmitting" diameter="18" class="btn-spinner"></mat-spinner>
                    ~~~~~~~~~~~~~~~~~~~~~~~~~~~~~~~~~~~~~~~~~~~~~~~~~~~~~~~~~~~~~~~~~~~~

  src/app/routes/sessions/register/register.component.ts:33:16
    33   templateUrl: './register.component.html',
                      ~~~~~~~~~~~~~~~~~~~~~~~~~~~
    Error occurs in the template of component RegisterComponent.


Error: src/app/routes/sessions/registration-success/registration-success.component.html:3:3 - error NG8001: 'mat-card' is 
not a known element:
1. If 'mat-card' is an Angular component, then verify that it is part of this module.
2. If 'mat-card' is a Web Component then add 'CUSTOM_ELEMENTS_SCHEMA' to the '@NgModule.schemas' of this component to 
suppress this message.

3   <mat-card class="success-card">
    ~~~~~~~~~~~~~~~~~~~~~~~~~~~~~~~

  src/app/routes/sessions/registration-success/registration-success.component.ts:10:16
    10   templateUrl: './registration-success.component.html',
                      ~~~~~~~~~~~~~~~~~~~~~~~~~~~~~~~~~~~~~~~
    Error occurs in the template of component RegistrationSuccessComponent.


Error: src/app/routes/sessions/registration-success/registration-success.component.html:4:5 - error NG8001: 
'mat-card-header' is not a known element:
1. If 'mat-card-header' is an Angular component, then verify that it is part of this module.
2. If 'mat-card-header' is a Web Component then add 'CUSTOM_ELEMENTS_SCHEMA' to the '@NgModule.schemas' of this component 
to suppress this message.

4     <mat-card-header>
      ~~~~~~~~~~~~~~~~~

  src/app/routes/sessions/registration-success/registration-success.component.ts:10:16
    10   templateUrl: './registration-success.component.html',
                      ~~~~~~~~~~~~~~~~~~~~~~~~~~~~~~~~~~~~~~~
    Error occurs in the template of component RegistrationSuccessComponent.


Error: src/app/routes/sessions/registration-success/registration-success.component.html:6:9 - error NG8001: 'mat-icon' is 
not a known element:
1. If 'mat-icon' is an Angular component, then verify that it is part of this module.
2. If 'mat-icon' is a Web Component then add 'CUSTOM_ELEMENTS_SCHEMA' to the '@NgModule.schemas' of this component to 
suppress this message.

6         <mat-icon color="primary">mark_email_read</mat-icon>
          ~~~~~~~~~~~~~~~~~~~~~~~~~~

  src/app/routes/sessions/registration-success/registration-success.component.ts:10:16
    10   templateUrl: './registration-success.component.html',
                      ~~~~~~~~~~~~~~~~~~~~~~~~~~~~~~~~~~~~~~~
    Error occurs in the template of component RegistrationSuccessComponent.


Error: src/app/routes/sessions/registration-success/registration-success.component.html:8:7 - error NG8001: 
'mat-card-title' is not a known element:
1. If 'mat-card-title' is an Angular component, then verify that it is part of this module.
2. If 'mat-card-title' is a Web Component then add 'CUSTOM_ELEMENTS_SCHEMA' to the '@NgModule.schemas' of this component 
to suppress this message.

8       <mat-card-title>{{ 'registration.success_title' | translate }}</mat-card-title>
        ~~~~~~~~~~~~~~~~

  src/app/routes/sessions/registration-success/registration-success.component.ts:10:16
    10   templateUrl: './registration-success.component.html',
                      ~~~~~~~~~~~~~~~~~~~~~~~~~~~~~~~~~~~~~~~
    Error occurs in the template of component RegistrationSuccessComponent.


Error: src/app/routes/sessions/registration-success/registration-success.component.html:8:57 - error NG8004: No pipe found 
with name 'translate'.

8       <mat-card-title>{{ 'registration.success_title' | translate }}</mat-card-title>
                                                          ~~~~~~~~~

  src/app/routes/sessions/registration-success/registration-success.component.ts:10:16
    10   templateUrl: './registration-success.component.html',
                      ~~~~~~~~~~~~~~~~~~~~~~~~~~~~~~~~~~~~~~~
    Error occurs in the template of component RegistrationSuccessComponent.


Error: src/app/routes/sessions/registration-success/registration-success.component.html:9:7 - error NG8001: 
'mat-card-subtitle' is not a known element:
1. If 'mat-card-subtitle' is an Angular component, then verify that it is part of this module.
2. If 'mat-card-subtitle' is a Web Component then add 'CUSTOM_ELEMENTS_SCHEMA' to the '@NgModule.schemas' of this 
component to suppress this message.

9       <mat-card-subtitle>{{ 'registration.success_subtitle' | translate }}</mat-card-subtitle>
        ~~~~~~~~~~~~~~~~~~~

  src/app/routes/sessions/registration-success/registration-success.component.ts:10:16
    10   templateUrl: './registration-success.component.html',
                      ~~~~~~~~~~~~~~~~~~~~~~~~~~~~~~~~~~~~~~~
    Error occurs in the template of component RegistrationSuccessComponent.


Error: src/app/routes/sessions/registration-success/registration-success.component.html:9:63 - error NG8004: No pipe found 
with name 'translate'.

9       <mat-card-subtitle>{{ 'registration.success_subtitle' | translate }}</mat-card-subtitle>
                                                                ~~~~~~~~~

  src/app/routes/sessions/registration-success/registration-success.component.ts:10:16
    10   templateUrl: './registration-success.component.html',
                      ~~~~~~~~~~~~~~~~~~~~~~~~~~~~~~~~~~~~~~~
    Error occurs in the template of component RegistrationSuccessComponent.


Error: src/app/routes/sessions/registration-success/registration-success.component.html:12:5 - error NG8001: 
'mat-card-content' is not a known element:
1. If 'mat-card-content' is an Angular component, then verify that it is part of this module.
2. If 'mat-card-content' is a Web Component then add 'CUSTOM_ELEMENTS_SCHEMA' to the '@NgModule.schemas' of this component 
to suppress this message.

12     <mat-card-content>
       ~~~~~~~~~~~~~~~~~~

  src/app/routes/sessions/registration-success/registration-success.component.ts:10:16
    10   templateUrl: './registration-success.component.html',
                      ~~~~~~~~~~~~~~~~~~~~~~~~~~~~~~~~~~~~~~~
    Error occurs in the template of component RegistrationSuccessComponent.


Error: src/app/routes/sessions/registration-success/registration-success.component.html:14:9 - error NG8001: 'mat-icon' is 
not a known element:
1. If 'mat-icon' is an Angular component, then verify that it is part of this module.
2. If 'mat-icon' is a Web Component then add 'CUSTOM_ELEMENTS_SCHEMA' to the '@NgModule.schemas' of this component to 
suppress this message.

14         <mat-icon color="accent">email</mat-icon>
           ~~~~~~~~~~~~~~~~~~~~~~~~~

  src/app/routes/sessions/registration-success/registration-success.component.ts:10:16
    10   templateUrl: './registration-success.component.html',
                      ~~~~~~~~~~~~~~~~~~~~~~~~~~~~~~~~~~~~~~~
    Error occurs in the template of component RegistrationSuccessComponent.


Error: src/app/routes/sessions/registration-success/registration-success.component.html:22:7 - error NG8001: 'mat-card' is 
not a known element:
1. If 'mat-card' is an Angular component, then verify that it is part of this module.
2. If 'mat-card' is a Web Component then add 'CUSTOM_ELEMENTS_SCHEMA' to the '@NgModule.schemas' of this component to 
suppress this message.

22       <mat-card class="info-card">
         ~~~~~~~~~~~~~~~~~~~~~~~~~~~~

  src/app/routes/sessions/registration-success/registration-success.component.ts:10:16
    10   templateUrl: './registration-success.component.html',
                      ~~~~~~~~~~~~~~~~~~~~~~~~~~~~~~~~~~~~~~~
    Error occurs in the template of component RegistrationSuccessComponent.


Error: src/app/routes/sessions/registration-success/registration-success.component.html:23:9 - error NG8001: 
'mat-card-content' is not a known element:
1. If 'mat-card-content' is an Angular component, then verify that it is part of this module.
2. If 'mat-card-content' is a Web Component then add 'CUSTOM_ELEMENTS_SCHEMA' to the '@NgModule.schemas' of this component 
to suppress this message.

23         <mat-card-content>
           ~~~~~~~~~~~~~~~~~~

  src/app/routes/sessions/registration-success/registration-success.component.ts:10:16
    10   templateUrl: './registration-success.component.html',
                      ~~~~~~~~~~~~~~~~~~~~~~~~~~~~~~~~~~~~~~~
    Error occurs in the template of component RegistrationSuccessComponent.


Error: src/app/routes/sessions/registration-success/registration-success.component.html:25:13 - error NG8001: 'mat-icon' 
is not a known element:
1. If 'mat-icon' is an Angular component, then verify that it is part of this module.
2. If 'mat-icon' is a Web Component then add 'CUSTOM_ELEMENTS_SCHEMA' to the '@NgModule.schemas' of this component to 
suppress this message.

25             <mat-icon color="primary">check_circle</mat-icon>
               ~~~~~~~~~~~~~~~~~~~~~~~~~~

  src/app/routes/sessions/registration-success/registration-success.component.ts:10:16
    10   templateUrl: './registration-success.component.html',
                      ~~~~~~~~~~~~~~~~~~~~~~~~~~~~~~~~~~~~~~~
    Error occurs in the template of component RegistrationSuccessComponent.


Error: src/app/routes/sessions/registration-success/registration-success.component.html:26:45 - error NG8004: No pipe 
found with name 'translate'.

26             <span>{{ 'registration.step1' | translate }}</span>
                                               ~~~~~~~~~

  src/app/routes/sessions/registration-success/registration-success.component.ts:10:16
    10   templateUrl: './registration-success.component.html',
                      ~~~~~~~~~~~~~~~~~~~~~~~~~~~~~~~~~~~~~~~
    Error occurs in the template of component RegistrationSuccessComponent.


Error: src/app/routes/sessions/registration-success/registration-success.component.html:29:13 - error NG8001: 'mat-icon' 
is not a known element:
1. If 'mat-icon' is an Angular component, then verify that it is part of this module.
2. If 'mat-icon' is a Web Component then add 'CUSTOM_ELEMENTS_SCHEMA' to the '@NgModule.schemas' of this component to 
suppress this message.

29             <mat-icon color="primary">check_circle</mat-icon>
               ~~~~~~~~~~~~~~~~~~~~~~~~~~

  src/app/routes/sessions/registration-success/registration-success.component.ts:10:16
    10   templateUrl: './registration-success.component.html',
                      ~~~~~~~~~~~~~~~~~~~~~~~~~~~~~~~~~~~~~~~
    Error occurs in the template of component RegistrationSuccessComponent.


Error: src/app/routes/sessions/registration-success/registration-success.component.html:30:45 - error NG8004: No pipe 
found with name 'translate'.

30             <span>{{ 'registration.step2' | translate }}</span>
                                               ~~~~~~~~~

  src/app/routes/sessions/registration-success/registration-success.component.ts:10:16
    10   templateUrl: './registration-success.component.html',
                      ~~~~~~~~~~~~~~~~~~~~~~~~~~~~~~~~~~~~~~~
    Error occurs in the template of component RegistrationSuccessComponent.


Error: src/app/routes/sessions/registration-success/registration-success.component.html:33:13 - error NG8001: 'mat-icon' 
is not a known element:
1. If 'mat-icon' is an Angular component, then verify that it is part of this module.
2. If 'mat-icon' is a Web Component then add 'CUSTOM_ELEMENTS_SCHEMA' to the '@NgModule.schemas' of this component to 
suppress this message.

33             <mat-icon color="primary">check_circle</mat-icon>
               ~~~~~~~~~~~~~~~~~~~~~~~~~~

  src/app/routes/sessions/registration-success/registration-success.component.ts:10:16
    10   templateUrl: './registration-success.component.html',
                      ~~~~~~~~~~~~~~~~~~~~~~~~~~~~~~~~~~~~~~~
    Error occurs in the template of component RegistrationSuccessComponent.


Error: src/app/routes/sessions/registration-success/registration-success.component.html:34:45 - error NG8004: No pipe 
found with name 'translate'.

34             <span>{{ 'registration.step3' | translate }}</span>
                                               ~~~~~~~~~

  src/app/routes/sessions/registration-success/registration-success.component.ts:10:16
    10   templateUrl: './registration-success.component.html',
                      ~~~~~~~~~~~~~~~~~~~~~~~~~~~~~~~~~~~~~~~
    Error occurs in the template of component RegistrationSuccessComponent.


Error: src/app/routes/sessions/registration-success/registration-success.component.html:40:9 - error NG8001: 'mat-icon' is 
not a known element:
1. If 'mat-icon' is an Angular component, then verify that it is part of this module.
2. If 'mat-icon' is a Web Component then add 'CUSTOM_ELEMENTS_SCHEMA' to the '@NgModule.schemas' of this component to 
suppress this message.

40         <mat-icon color="warn">info</mat-icon>
           ~~~~~~~~~~~~~~~~~~~~~~~

  src/app/routes/sessions/registration-success/registration-success.component.ts:10:16
    10   templateUrl: './registration-success.component.html',
                      ~~~~~~~~~~~~~~~~~~~~~~~~~~~~~~~~~~~~~~~
    Error occurs in the template of component RegistrationSuccessComponent.


Error: src/app/routes/sessions/registration-success/registration-success.component.html:41:59 - error NG8004: No pipe 
found with name 'translate'.

41         <span>{{ 'registration.activation_instructions' | translate }}</span>
                                                             ~~~~~~~~~

  src/app/routes/sessions/registration-success/registration-success.component.ts:10:16
    10   templateUrl: './registration-success.component.html',
                      ~~~~~~~~~~~~~~~~~~~~~~~~~~~~~~~~~~~~~~~
    Error occurs in the template of component RegistrationSuccessComponent.


Error: src/app/routes/sessions/registration-success/registration-success.component.html:45:5 - error NG8001: 
'mat-card-actions' is not a known element:
1. If 'mat-card-actions' is an Angular component, then verify that it is part of this module.
2. If 'mat-card-actions' is a Web Component then add 'CUSTOM_ELEMENTS_SCHEMA' to the '@NgModule.schemas' of this component 
to suppress this message.

45     <mat-card-actions align="end">
       ~~~~~~~~~~~~~~~~~~~~~~~~~~~~~~

  src/app/routes/sessions/registration-success/registration-success.component.ts:10:16
    10   templateUrl: './registration-success.component.html',
                      ~~~~~~~~~~~~~~~~~~~~~~~~~~~~~~~~~~~~~~~
    Error occurs in the template of component RegistrationSuccessComponent.


Error: src/app/routes/sessions/registration-success/registration-success.component.html:50:9 - error NG8001: 'mat-icon' is 
not a known element:
1. If 'mat-icon' is an Angular component, then verify that it is part of this module.
2. If 'mat-icon' is a Web Component then add 'CUSTOM_ELEMENTS_SCHEMA' to the '@NgModule.schemas' of this component to 
suppress this message.

50         <mat-icon>refresh</mat-icon>
           ~~~~~~~~~~

  src/app/routes/sessions/registration-success/registration-success.component.ts:10:16
    10   templateUrl: './registration-success.component.html',
                      ~~~~~~~~~~~~~~~~~~~~~~~~~~~~~~~~~~~~~~~
    Error occurs in the template of component RegistrationSuccessComponent.


Error: src/app/routes/sessions/registration-success/registration-success.component.html:51:40 - error NG8004: No pipe 
found with name 'translate'.

51         {{ 'resend_activation_email' | translate }}
                                          ~~~~~~~~~

  src/app/routes/sessions/registration-success/registration-success.component.ts:10:16
    10   templateUrl: './registration-success.component.html',
                      ~~~~~~~~~~~~~~~~~~~~~~~~~~~~~~~~~~~~~~~
    Error occurs in the template of component RegistrationSuccessComponent.


Error: src/app/routes/sessions/registration-success/registration-success.component.html:57:9 - error NG8001: 'mat-icon' is 
not a known element:
1. If 'mat-icon' is an Angular component, then verify that it is part of this module.
2. If 'mat-icon' is a Web Component then add 'CUSTOM_ELEMENTS_SCHEMA' to the '@NgModule.schemas' of this component to 
suppress this message.

57         <mat-icon>login</mat-icon>
           ~~~~~~~~~~

  src/app/routes/sessions/registration-success/registration-success.component.ts:10:16
    10   templateUrl: './registration-success.component.html',
                      ~~~~~~~~~~~~~~~~~~~~~~~~~~~~~~~~~~~~~~~
    Error occurs in the template of component RegistrationSuccessComponent.


Error: src/app/routes/sessions/registration-success/registration-success.component.html:58:28 - error NG8004: No pipe 
found with name 'translate'.

58         {{ 'go_to_login' | translate }}
                              ~~~~~~~~~

  src/app/routes/sessions/registration-success/registration-success.component.ts:10:16
    10   templateUrl: './registration-success.component.html',
                      ~~~~~~~~~~~~~~~~~~~~~~~~~~~~~~~~~~~~~~~
    Error occurs in the template of component RegistrationSuccessComponent.


Error: src/app/routes/sessions/403.component.ts:6:5 - error NG8001: 'error-code' is not a known element:
1. If 'error-code' is an Angular component, then verify that it is part of this module.
2. If 'error-code' is a Web Component then add 'CUSTOM_ELEMENTS_SCHEMA' to the '@NgModule.schemas' of this component to 
suppress this message.

  6     <error-code
        ~~~~~~~~~~~
  7       code="403"
    ~~~~~~~~~~~~~~~~
... 
  9       message="You do not have permission to access the requested data."
    ~~~~~~~~~~~~~~~~~~~~~~~~~~~~~~~~~~~~~~~~~~~~~~~~~~~~~~~~~~~~~~~~~~~~~~~~
 10     ></error-code>
    ~~~~~


Error: src/app/routes/sessions/404.component.ts:6:5 - error NG8001: 'error-code' is not a known element:
1. If 'error-code' is an Angular component, then verify that it is part of this module.
2. If 'error-code' is a Web Component then add 'CUSTOM_ELEMENTS_SCHEMA' to the '@NgModule.schemas' of this component to 
suppress this message.

  6     <error-code
        ~~~~~~~~~~~
  7       code="404"
    ~~~~~~~~~~~~~~~~
... 
  9       message="This is not the web page you are looking for."
    ~~~~~~~~~~~~~~~~~~~~~~~~~~~~~~~~~~~~~~~~~~~~~~~~~~~~~~~~~~~~~
 10     ></error-code>
    ~~~~~


Error: src/app/routes/sessions/500.component.ts:6:5 - error NG8001: 'error-code' is not a known element:
1. If 'error-code' is an Angular component, then verify that it is part of this module.
2. If 'error-code' is a Web Component then add 'CUSTOM_ELEMENTS_SCHEMA' to the '@NgModule.schemas' of this component to 
suppress this message.

  6     <error-code
        ~~~~~~~~~~~
  7       code="500"
    ~~~~~~~~~~~~~~~~
... 
  9       message="Just kidding, looks like we have an internal issue, please try refreshing."
    ~~~~~~~~~~~~~~~~~~~~~~~~~~~~~~~~~~~~~~~~~~~~~~~~~~~~~~~~~~~~~~~~~~~~~~~~~~~~~~~~~~~~~~~~~~
 10     >
    ~~~~~



